I/DEBUG   ( 1858):     #08 pc 0012aaf1  /system/lib/libart-compiler.so
I/DEBUG   ( 1858):     #09 pc 0012b11f  /system/lib/libart-compiler.so (art::MirMethodLoweringInfo::Resolve(art::CompilerDriver*, art::DexCompilationUnit const*, art::MirMethodLoweringInfo*, unsigned int)+994)
I/DEBUG   ( 1858):     #10 pc 00139897  /system/lib/libart-compiler.so (art::MIRGraph::DoCacheMethodLoweringInfo()+958)
I/DEBUG   ( 1858):     #11 pc 0012f3c7  /system/lib/libart-compiler.so (art::PassDriverMEOpts::ApplyPass(art::PassDataHolder*, art::Pass const*)+14)
I/DEBUG   ( 1858):     #12 pc 0012f9c1  /system/lib/libart-compiler.so
I/DEBUG   ( 1858):     #13 pc 0013147d  /system/lib/libart-compiler.so
I/DEBUG   ( 1858):     #14 pc 00131953  /system/lib/libart-compiler.so (ArtQuickCompileMethod+38)
I/DEBUG   ( 1858):     #15 pc 0014829d  /system/lib/libart-compiler.so (art::CompilerDriver::CompileMethod(art::DexFile::CodeItem const*, unsigned int, art::InvokeType, unsigned short, unsigned int, _jobject*, art::DexFile const&, art::DexToDexCompilationLevel)+932)
I/DEBUG   ( 1858):     #16 pc 00148941  /system/lib/libart-compiler.so (art::CompilerDriver::CompileClass(art::ParallelCompilationManager const*, unsigned int)+1204)
I/DEBUG   ( 1858):     #17 pc 0013f2a1  /system/lib/libart-compiler.so
I/DEBUG   ( 1858):     #18 pc 0022de03  /system/lib/libart.so (art::ThreadPoolWorker::Run()+34)
I/DEBUG   ( 1858):     #19 pc 0022e651  /system/lib/libart.so (art::ThreadPoolWorker::Callback(void*)+52)
I/DEBUG   ( 1858):     #20 pc 00013a1b  /system/lib/libc.so (__pthread_start(void*)+30)
I/DEBUG   ( 1858):     #21 pc 00011a0f  /system/lib/libc.so (__start_thread+6)
W/PackageManager( 2417): Package couldn't be installed in /data/app/com.benbrittain.petrarch.debug-1
W/PackageManager( 2417): com.android.server.pm.PackageManagerException: scanPackageLI
W/PackageManager( 2417): 	at com.android.server.pm.PackageManagerService.scanPackageDirtyLI(PackageManagerService.java:6074)
W/PackageManager( 2417): 	at com.android.server.pm.PackageManagerService.scanPackageLI(PackageManagerService.java:5369)
W/PackageManager( 2417): 	at com.android.server.pm.PackageManagerService.installNewPackageLI(PackageManagerService.java:10711)
W/PackageManager( 2417): 	at com.android.server.pm.PackageManagerService.installPackageLI(PackageManagerService.java:11234)
W/PackageManager( 2417): 	at com.android.server.pm.PackageManagerService.access$2400(PackageManagerService.java:270)
W/PackageManager( 2417): 	at com.android.server.pm.PackageManagerService$5.run(PackageManagerService.java:9159)
W/PackageManager( 2417): 	at android.os.Handler.handleCallback(Handler.java:739)
W/PackageManager( 2417): 	at android.os.Handler.dispatchMessage(Handler.java:95)
W/PackageManager( 2417): 	at android.os.Looper.loop(Looper.java:135)
W/PackageManager( 2417): 	at android.os.HandlerThread.run(HandlerThread.java:61)
W/PackageManager( 2417): 	at com.android.server.ServiceThread.run(ServiceThread.java:46)
D/ConnectivityService( 2417): Setting Dns servers for network 100 to [/2001:558:feed::1, /75.75.75.75, /75.75.76.76]
D/Nat464Xlat( 2417): requiresClat: netType=1, connected=true, hasIPv4Address=true
D/ConnectivityService( 2417): notifyType IP_CHANGED for NetworkAgentInfo [WIFI () - 100]
D/ConnectivityService( 2417): notifyType IP_CHANGED for NetworkAgentInfo [WIFI () - 100]
D/ConnectivityService( 2417): Setting Dns servers for network 100 to [/2001:558:feed::1, /2001:558:feed::2, /75.75.75.75, /75.75.76.76]
D/Nat464Xlat( 2417): requiresClat: netType=1, connected=true, hasIPv4Address=true
D/ConnectivityService( 2417): notifyType IP_CHANGED for NetworkAgentInfo [WIFI () - 100]
D/ConnectivityService( 2417): notifyType IP_CHANGED for NetworkAgentInfo [WIFI () - 100]
D/ConnectivityService( 2417): Setting Dns servers for network 100 to [/2001:558:feed::1, /75.75.75.75, /75.75.76.76]
D/Nat464Xlat( 2417): requiresClat: netType=1, connected=true, hasIPv4Address=true
D/ConnectivityService( 2417): notifyType IP_CHANGED for NetworkAgentInfo [WIFI () - 100]
D/ConnectivityService( 2417): notifyType IP_CHANGED for NetworkAgentInfo [WIFI () - 100]
D/ConnectivityService( 2417): Setting Dns servers for network 100 to [/2001:558:feed::1, /2001:558:feed::2, /75.75.75.75, /75.75.76.76]
D/Nat464Xlat( 2417): requiresClat: netType=1, connected=true, hasIPv4Address=true
D/ConnectivityService( 2417): notifyType IP_CHANGED for NetworkAgentInfo [WIFI () - 100]
D/ConnectivityService( 2417): notifyType IP_CHANGED for NetworkAgentInfo [WIFI () - 100]
D/ConnectivityService( 2417): Setting Dns servers for network 100 to [/2001:558:feed::1, /75.75.75.75, /75.75.76.76]
D/Nat464Xlat( 2417): requiresClat: netType=1, connected=true, hasIPv4Address=true
D/ConnectivityService( 2417): notifyType IP_CHANGED for NetworkAgentInfo [WIFI () - 100]
D/ConnectivityService( 2417): notifyType IP_CHANGED for NetworkAgentInfo [WIFI () - 100]
D/ConnectivityService( 2417): Setting Dns servers for network 100 to [/2001:558:feed::1, /2001:558:feed::2, /75.75.75.75, /75.75.76.76]
D/Nat464Xlat( 2417): requiresClat: netType=1, connected=true, hasIPv4Address=true
D/ConnectivityService( 2417): notifyType IP_CHANGED for NetworkAgentInfo [WIFI () - 100]
D/ConnectivityService( 2417): notifyType IP_CHANGED for NetworkAgentInfo [WIFI () - 100]
D/ConnectivityService( 2417): Setting Dns servers for network 100 to [/2001:558:feed::1, /75.75.75.75, /75.75.76.76]
D/Nat464Xlat( 2417): requiresClat: netType=1, connected=true, hasIPv4Address=true
D/ConnectivityService( 2417): notifyType IP_CHANGED for NetworkAgentInfo [WIFI () - 100]
D/ConnectivityService( 2417): notifyType IP_CHANGED for NetworkAgentInfo [WIFI () - 100]
D/ConnectivityService( 2417): Setting Dns servers for network 100 to [/2001:558:feed::1, /2001:558:feed::2, /75.75.75.75, /75.75.76.76]
D/Nat464Xlat( 2417): requiresClat: netType=1, connected=true, hasIPv4Address=true
D/ConnectivityService( 2417): notifyType IP_CHANGED for NetworkAgentInfo [WIFI () - 100]
D/ConnectivityService( 2417): notifyType IP_CHANGED for NetworkAgentInfo [WIFI () - 100]
I/ActivityManager( 2417): START u0 {act=android.intent.action.MAIN cat=[android.intent.category.LAUNCHER] flg=0x10200000 cmp=com.nolanlawson.logcat/.LogcatActivity (has extras)} from uid 10018 on display 0
I/ActivityManager( 2417): Start proc com.nolanlawson.logcat for activity com.nolanlawson.logcat/.LogcatActivity: pid=4925 uid=10090 gids={50090, 9997, 1028, 1015} abi=armeabi-v7a
D/VoldCmdListener(  256): cryptfs getpwtype
D/VoldCmdListener(  256): cryptfs getpwtype
D/VoldCmdListener(  256): cryptfs getpwtype
D/VoldCmdListener(  256): cryptfs getpwtype
D/VoldCmdListener(  256): cryptfs getpwtype
D/VoldCmdListener(  256): cryptfs getpwtype
D/VoldCmdListener(  256): cryptfs getpwtype
D/VoldCmdListener(  256): cryptfs getpwtype
D/VoldCmdListener(  256): cryptfs getpwtype
D/VoldCmdListener(  256): cryptfs getpwtype
D/VoldCmdListener(  256): cryptfs getpwtype
D/VoldCmdListener(  256): cryptfs getpwtype
D/VoldCmdListener(  256): cryptfs getpwtype
D/VoldCmdListener(  256): cryptfs getpwtype
D/VoldCmdListener(  256): cryptfs getpwtype
D/VoldCmdListener(  256): cryptfs getpwtype
D/VoldCmdListener(  256): cryptfs getpwtype
D/VoldCmdListener(  256): cryptfs getpwtype
D/VoldCmdListener(  256): cryptfs getpwtype
D/VoldCmdListener(  256): cryptfs getpwtype
D/VoldCmdListener(  256): cryptfs getpwtype
D/VoldCmdListener(  256): cryptfs getpwtype
D/VoldCmdListener(  256): cryptfs getpwtype
D/VoldCmdListener(  256): cryptfs getpwtype
D/VoldCmdListener(  256): cryptfs getpwtype
D/VoldCmdListener(  256): cryptfs getpwtype
D/VoldCmdListener(  256): cryptfs getpwtype
D/VoldCmdListener(  256): cryptfs getpwtype
D/VoldCmdListener(  256): cryptfs getpwtype
D/VoldCmdListener(  256): cryptfs getpwtype
D/VoldCmdListener(  256): cryptfs getpwtype
D/VoldCmdListener(  256): cryptfs getpwtype
D/VoldCmdListener(  256): cryptfs getpwtype
D/VoldCmdListener(  256): cryptfs getpwtype
D/VoldCmdListener(  256): cryptfs getpwtype
D/VoldCmdListener(  256): cryptfs getpwtype
D/VoldCmdListener(  256): cryptfs getpwtype
D/VoldCmdListener(  256): cryptfs getpwtype
D/VoldCmdListener(  256): cryptfs getpwtype
D/VoldCmdListener(  256): cryptfs getpwtype
D/VoldCmdListener(  256): cryptfs getpwtype
D/VoldCmdListener(  256): cryptfs getpwtype
D/VoldCmdListener(  256): cryptfs getpwtype
D/VoldCmdListener(  256): cryptfs getpwtype
D/VoldCmdListener(  256): cryptfs getpwtype
D/VoldCmdListener(  256): cryptfs getpwtype
D/VoldCmdListener(  256): cryptfs getpwtype
D/VoldCmdListener(  256): cryptfs getpwtype
D/VoldCmdListener(  256): cryptfs getpwtype
D/VoldCmdListener(  256): cryptfs getpwtype
D/VoldCmdListener(  256): cryptfs getpwtype
D/VoldCmdListener(  256): cryptfs getpwtype
D/VoldCmdListener(  256): cryptfs getpwtype
D/VoldCmdListener(  256): cryptfs getpwtype
D/VoldCmdListener(  256): cryptfs getpwtype
D/VoldCmdListener(  256): cryptfs getpwtype
D/VoldCmdListener(  256): cryptfs getpwtype
D/VoldCmdListener(  256): cryptfs getpwtype
D/VoldCmdListener(  256): cryptfs getpwtype
D/VoldCmdListener(  256): cryptfs getpwtype
D/VoldCmdListener(  256): cryptfs getpwtype
D/VoldCmdListener(  256): cryptfs getpwtype
D/VoldCmdListener(  256): cryptfs getpwtype
D/VoldCmdListener(  256): cryptfs getpwtype
D/VoldCmdListener(  256): cryptfs getpwtype
D/VoldCmdListener(  256): cryptfs getpwtype
D/VoldCmdListener(  256): cryptfs getpwtype
D/VoldCmdListener(  256): cryptfs getpwtype
D/VoldCmdListener(  256): cryptfs getpwtype
D/VoldCmdListener(  256): cryptfs getpwtype
D/VoldCmdListener(  256): cryptfs getpwtype
D/VoldCmdListener(  256): cryptfs getpwtype
D/VoldCmdListener(  256): cryptfs getpwtype
D/VoldCmdListener(  256): cryptfs getpwtype
D/VoldCmdListener(  256): cryptfs getpwtype
D/VoldCmdListener(  256): cryptfs getpwtype
D/VoldCmdListener(  256): cryptfs getpwtype
D/VoldCmdListener(  256): cryptfs getpwtype
D/VoldCmdListener(  256): cryptfs getpwtype
D/VoldCmdListener(  256): cryptfs getpwtype
D/VoldCmdListener(  256): cryptfs getpwtype
D/VoldCmdListener(  256): cryptfs getpwtype
D/VoldCmdListener(  256): cryptfs getpwtype
D/VoldCmdListener(  256): cryptfs getpwtype
D/VoldCmdListener(  256): cryptfs getpwtype
D/VoldCmdListener(  256): cryptfs getpwtype
D/VoldCmdListener(  256): cryptfs getpwtype
D/VoldCmdListener(  256): cryptfs getpwtype
D/VoldCmdListener(  256): cryptfs getpwtype
D/VoldCmdListener(  256): cryptfs getpwtype
D/VoldCmdListener(  256): cryptfs getpwtype
D/VoldCmdListener(  256): cryptfs getpwtype
D/VoldCmdListener(  256): cryptfs getpwtype
D/VoldCmdListener(  256): cryptfs getpwtype
D/VoldCmdListener(  256): cryptfs getpwtype
D/VoldCmdListener(  256): cryptfs getpwtype
D/VoldCmdListener(  256): cryptfs getpwtype
D/VoldCmdListener(  256): cryptfs getpwtype
D/VoldCmdListener(  256): cryptfs getpwtype
D/VoldCmdListener(  256): cryptfs getpwtype
D/VoldCmdListener(  256): cryptfs getpwtype
D/VoldCmdListener(  256): cryptfs getpwtype
D/VoldCmdListener(  256): cryptfs getpwtype
D/VoldCmdListener(  256): cryptfs getpwtype
D/VoldCmdListener(  256): cryptfs getpwtype
D/VoldCmdListener(  256): cryptfs getpwtype
D/VoldCmdListener(  256): cryptfs getpwtype
D/VoldCmdListener(  256): cryptfs getpwtype
D/VoldCmdListener(  256): cryptfs getpwtype
D/VoldCmdListener(  256): cryptfs getpwtype
D/VoldCmdListener(  256): cryptfs getpwtype
D/VoldCmdListener(  256): cryptfs getpwtype
D/VoldCmdListener(  256): cryptfs getpwtype
D/VoldCmdListener(  256): cryptfs getpwtype
D/VoldCmdListener(  256): cryptfs getpwtype
D/VoldCmdListener(  256): cryptfs getpwtype
D/VoldCmdListener(  256): cryptfs getpwtype
D/VoldCmdListener(  256): cryptfs getpwtype
D/VoldCmdListener(  256): cryptfs getpwtype
D/VoldCmdListener(  256): cryptfs getpwtype
D/VoldCmdListener(  256): cryptfs getpwtype
D/VoldCmdListener(  256): cryptfs getpwtype
D/VoldCmdListener(  256): cryptfs getpwtype
D/VoldCmdListener(  256): cryptfs getpwtype
D/VoldCmdListener(  256): cryptfs getpwtype
D/VoldCmdListener(  256): cryptfs getpwtype
D/VoldCmdListener(  256): cryptfs getpwtype
D/VoldCmdListener(  256): cryptfs getpwtype
D/VoldCmdListener(  256): cryptfs getpwtype
D/VoldCmdListener(  256): cryptfs getpwtype
D/VoldCmdListener(  256): cryptfs getpwtype
D/VoldCmdListener(  256): cryptfs getpwtype
D/VoldCmdListener(  256): cryptfs getpwtype
D/VoldCmdListener(  256): cryptfs getpwtype
D/VoldCmdListener(  256): cryptfs getpwtype
D/VoldCmdListener(  256): cryptfs getpwtype
D/VoldCmdListener(  256): cryptfs getpwtype
D/VoldCmdListener(  256): cryptfs getpwtype
D/VoldCmdListener(  256): cryptfs getpwtype
D/VoldCmdListener(  256): cryptfs getpwtype
D/VoldCmdListener(  256): cryptfs getpwtype
D/VoldCmdListener(  256): cryptfs getpwtype
D/VoldCmdListener(  256): cryptfs getpwtype
D/VoldCmdListener(  256): cryptfs getpwtype
D/VoldCmdListener(  256): cryptfs getpwtype
D/VoldCmdListener(  256): cryptfs getpwtype
D/VoldCmdListener(  256): cryptfs getpwtype
D/VoldCmdListener(  256): cryptfs getpwtype
D/VoldCmdListener(  256): cryptfs getpwtype
D/VoldCmdListener(  256): cryptfs getpwtype
D/VoldCmdListener(  256): cryptfs getpwtype
D/VoldCmdListener(  256): cryptfs getpwtype
D/VoldCmdListener(  256): cryptfs getpwtype
D/VoldCmdListener(  256): cryptfs getpwtype
D/VoldCmdListener(  256): cryptfs getpwtype
D/VoldCmdListener(  256): cryptfs getpwtype
D/VoldCmdListener(  256): cryptfs getpwtype
D/VoldCmdListener(  256): cryptfs getpwtype
D/VoldCmdListener(  256): cryptfs getpwtype
D/VoldCmdListener(  256): cryptfs getpwtype
D/VoldCmdListener(  256): cryptfs getpwtype
D/VoldCmdListener(  256): cryptfs getpwtype
D/VoldCmdListener(  256): cryptfs getpwtype
D/VoldCmdListener(  256): cryptfs getpwtype
D/VoldCmdListener(  256): cryptfs getpwtype
D/VoldCmdListener(  256): cryptfs getpwtype
D/VoldCmdListener(  256): cryptfs getpwtype
D/VoldCmdListener(  256): cryptfs getpwtype
D/VoldCmdListener(  256): cryptfs getpwtype
D/VoldCmdListener(  256): cryptfs getpwtype
D/VoldCmdListener(  256): cryptfs getpwtype
D/VoldCmdListener(  256): cryptfs getpwtype
D/VoldCmdListener(  256): cryptfs getpwtype
D/VoldCmdListener(  256): cryptfs getpwtype
D/VoldCmdListener(  256): cryptfs getpwtype
D/VoldCmdListener(  256): cryptfs getpwtype
D/VoldCmdListener(  256): cryptfs getpwtype
D/VoldCmdListener(  256): cryptfs getpwtype
D/VoldCmdListener(  256): cryptfs getpwtype
D/VoldCmdListener(  256): cryptfs getpwtype
D/VoldCmdListener(  256): cryptfs getpwtype
D/VoldCmdListener(  256): cryptfs getpwtype
D/VoldCmdListener(  256): cryptfs getpwtype
D/VoldCmdListener(  256): cryptfs getpwtype
D/VoldCmdListener(  256): cryptfs getpwtype
D/VoldCmdListener(  256): cryptfs getpwtype
D/VoldCmdListener(  256): cryptfs getpwtype
D/VoldCmdListener(  256): cryptfs getpwtype
D/VoldCmdListener(  256): cryptfs getpwtype
D/VoldCmdListener(  256): cryptfs getpwtype
D/VoldCmdListener(  256): cryptfs getpwtype
D/VoldCmdListener(  256): cryptfs getpwtype
D/VoldCmdListener(  256): cryptfs getpwtype
D/VoldCmdListener(  256): cryptfs getpwtype
D/VoldCmdListener(  256): cryptfs getpwtype
D/VoldCmdListener(  256): cryptfs getpwtype
D/VoldCmdListener(  256): cryptfs getpwtype
D/VoldCmdListener(  256): cryptfs getpwtype
D/VoldCmdListener(  256): cryptfs getpwtype
D/VoldCmdListener(  256): cryptfs getpwtype
D/VoldCmdListener(  256): cryptfs getpwtype
D/VoldCmdListener(  256): cryptfs getpwtype
D/VoldCmdListener(  256): cryptfs getpwtype
D/VoldCmdListener(  256): cryptfs getpwtype
D/VoldCmdListener(  256): cryptfs getpwtype
D/VoldCmdListener(  256): cryptfs getpwtype
D/VoldCmdListener(  256): cryptfs getpwtype
D/VoldCmdListener(  256): cryptfs getpwtype
D/VoldCmdListener(  256): cryptfs getpwtype
D/VoldCmdListener(  256): cryptfs getpwtype
D/VoldCmdListener(  256): cryptfs getpwtype
D/VoldCmdListener(  256): cryptfs getpwtype
D/VoldCmdListener(  256): cryptfs getpwtype
D/VoldCmdListener(  256): cryptfs getpwtype
D/VoldCmdListener(  256): cryptfs getpwtype
D/VoldCmdListener(  256): cryptfs getpwtype
D/VoldCmdListener(  256): cryptfs getpwtype
D/VoldCmdListener(  256): cryptfs getpwtype
D/VoldCmdListener(  256): cryptfs getpwtype
D/VoldCmdListener(  256): cryptfs getpwtype
D/VoldCmdListener(  256): cryptfs getpwtype
D/VoldCmdListener(  256): cryptfs getpwtype
D/VoldCmdListener(  256): cryptfs getpwtype
D/VoldCmdListener(  256): cryptfs getpwtype
D/VoldCmdListener(  256): cryptfs getpwtype
D/VoldCmdListener(  256): cryptfs getpwtype
D/VoldCmdListener(  256): cryptfs getpwtype
D/VoldCmdListener(  256): cryptfs getpwtype
D/VoldCmdListener(  256): cryptfs getpwtype
D/VoldCmdListener(  256): cryptfs getpwtype
D/VoldCmdListener(  256): cryptfs getpwtype
D/VoldCmdListener(  256): cryptfs getpwtype
D/VoldCmdListener(  256): cryptfs getpwtype
D/VoldCmdListener(  256): cryptfs getpwtype
D/VoldCmdListener(  256): cryptfs getpwtype
D/VoldCmdListener(  256): cryptfs getpwtype
D/VoldCmdListener(  256): cryptfs getpwtype
D/VoldCmdListener(  256): cryptfs getpwtype
D/VoldCmdListener(  256): cryptfs getpwtype
D/VoldCmdListener(  256): cryptfs getpwtype
D/VoldCmdListener(  256): cryptfs getpwtype
D/VoldCmdListener(  256): cryptfs getpwtype
D/VoldCmdListener(  256): cryptfs getpwtype
D/VoldCmdListener(  256): cryptfs getpwtype
D/VoldCmdListener(  256): cryptfs getpwtype
D/VoldCmdListener(  256): cryptfs getpwtype
D/VoldCmdListener(  256): cryptfs getpwtype
D/VoldCmdListener(  256): cryptfs getpwtype
D/VoldCmdListener(  256): cryptfs getpwtype
D/VoldCmdListener(  256): cryptfs getpwtype
D/VoldCmdListener(  256): cryptfs getpwtype
D/VoldCmdListener(  256): cryptfs getpwtype
D/VoldCmdListener(  256): cryptfs getpwtype
D/VoldCmdListener(  256): cryptfs getpwtype
D/VoldCmdListener(  256): cryptfs getpwtype
D/VoldCmdListener(  256): cryptfs getpwtype
D/VoldCmdListener(  256): cryptfs getpwtype
D/VoldCmdListener(  256): cryptfs getpwtype
D/VoldCmdListener(  256): cryptfs getpwtype
D/VoldCmdListener(  256): cryptfs getpwtype
D/VoldCmdListener(  256): cryptfs getpwtype
D/VoldCmdListener(  256): cryptfs getpwtype
D/VoldCmdListener(  256): cryptfs getpwtype
D/TaskPersister( 2417): removeObsoleteFile: deleting file=558_task.xml
D/TaskPersister( 2417): removeObsoleteFile: deleting file=558_task_thumbnail.png
D/VoldCmdListener(  256): cryptfs getpwtype
D/VoldCmdListener(  256): cryptfs getpwtype
D/VoldCmdListener(  256): cryptfs getpwtype
D/VoldCmdListener(  256): cryptfs getpwtype
D/VoldCmdListener(  256): cryptfs getpwtype
D/VoldCmdListener(  256): cryptfs getpwtype
D/VoldCmdListener(  256): cryptfs getpwtype
D/VoldCmdListener(  256): cryptfs getpwtype
D/VoldCmdListener(  256): cryptfs getpwtype
D/VoldCmdListener(  256): cryptfs getpwtype
D/VoldCmdListener(  256): cryptfs getpwtype
D/VoldCmdListener(  256): cryptfs getpwtype
D/VoldCmdListener(  256): cryptfs getpwtype
D/VoldCmdListener(  256): cryptfs getpwtype
D/VoldCmdListener(  256): cryptfs getpwtype
D/VoldCmdListener(  256): cryptfs getpwtype
D/VoldCmdListener(  256): cryptfs getpwtype
D/VoldCmdListener(  256): cryptfs getpwtype
D/VoldCmdListener(  256): cryptfs getpwtype
D/VoldCmdListener(  256): cryptfs getpwtype
D/VoldCmdListener(  256): cryptfs getpwtype
D/VoldCmdListener(  256): cryptfs getpwtype
D/VoldCmdListener(  256): cryptfs getpwtype
D/VoldCmdListener(  256): cryptfs getpwtype
D/VoldCmdListener(  256): cryptfs getpwtype
D/VoldCmdListener(  256): cryptfs getpwtype
D/VoldCmdListener(  256): cryptfs getpwtype
D/VoldCmdListener(  256): cryptfs getpwtype
D/VoldCmdListener(  256): cryptfs getpwtype
D/VoldCmdListener(  256): cryptfs getpwtype
D/VoldCmdListener(  256): cryptfs getpwtype
D/VoldCmdListener(  256): cryptfs getpwtype
D/VoldCmdListener(  256): cryptfs getpwtype
D/VoldCmdListener(  256): cryptfs getpwtype
D/VoldCmdListener(  256): cryptfs getpwtype
D/VoldCmdListener(  256): cryptfs getpwtype
D/VoldCmdListener(  256): cryptfs getpwtype
D/VoldCmdListener(  256): cryptfs getpwtype
D/VoldCmdListener(  256): cryptfs getpwtype
D/VoldCmdListener(  256): cryptfs getpwtype
D/VoldCmdListener(  256): cryptfs getpwtype
D/VoldCmdListener(  256): cryptfs getpwtype
D/VoldCmdListener(  256): cryptfs getpwtype
D/VoldCmdListener(  256): cryptfs getpwtype
D/VoldCmdListener(  256): cryptfs getpwtype
D/VoldCmdListener(  256): cryptfs getpwtype
D/VoldCmdListener(  256): cryptfs getpwtype
D/VoldCmdListener(  256): cryptfs getpwtype
W/InputMethodManagerService( 2417): Window already focused, ignoring focus gain of: com.android.internal.view.IInputMethodClient$Stub$Proxy@1a24abcc attribute=null, token = android.os.BinderProxy@53d28b9
D/VoldCmdListener(  256): cryptfs getpwtype
D/VoldCmdListener(  256): cryptfs getpwtype
D/VoldCmdListener(  256): cryptfs getpwtype
D/VoldCmdListener(  256): cryptfs getpwtype
D/VoldCmdListener(  256): cryptfs getpwtype
D/VoldCmdListener(  256): cryptfs getpwtype
D/VoldCmdListener(  256): cryptfs getpwtype
D/VoldCmdListener(  256): cryptfs getpwtype
D/VoldCmdListener(  256): cryptfs getpwtype
D/VoldCmdListener(  256): cryptfs getpwtype
D/VoldCmdListener(  256): cryptfs getpwtype
D/VoldCmdListener(  256): cryptfs getpwtype
D/VoldCmdListener(  256): cryptfs getpwtype
D/VoldCmdListener(  256): cryptfs getpwtype
D/VoldCmdListener(  256): cryptfs getpwtype
D/VoldCmdListener(  256): cryptfs getpwtype
D/VoldCmdListener(  256): cryptfs getpwtype
D/VoldCmdListener(  256): cryptfs getpwtype
D/VoldCmdListener(  256): cryptfs getpwtype
D/VoldCmdListener(  256): cryptfs getpwtype
D/VoldCmdListener(  256): cryptfs getpwtype
D/VoldCmdListener(  256): cryptfs getpwtype
D/VoldCmdListener(  256): cryptfs getpwtype
D/VoldCmdListener(  256): cryptfs getpwtype
D/VoldCmdListener(  256): cryptfs getpwtype
D/VoldCmdListener(  256): cryptfs getpwtype
D/VoldCmdListener(  256): cryptfs getpwtype
D/VoldCmdListener(  256): cryptfs getpwtype
D/VoldCmdListener(  256): cryptfs getpwtype
D/VoldCmdListener(  256): cryptfs getpwtype
D/VoldCmdListener(  256): cryptfs getpwtype
D/VoldCmdListener(  256): cryptfs getpwtype
D/VoldCmdListener(  256): cryptfs getpwtype
D/VoldCmdListener(  256): cryptfs getpwtype
D/VoldCmdListener(  256): cryptfs getpwtype
D/VoldCmdListener(  256): cryptfs getpwtype
D/VoldCmdListener(  256): cryptfs getpwtype
D/VoldCmdListener(  256): cryptfs getpwtype
D/VoldCmdListener(  256): cryptfs getpwtype
D/VoldCmdListener(  256): cryptfs getpwtype
D/VoldCmdListener(  256): cryptfs getpwtype
D/VoldCmdListener(  256): cryptfs getpwtype
D/VoldCmdListener(  256): cryptfs getpwtype
D/VoldCmdListener(  256): cryptfs getpwtype
D/VoldCmdListener(  256): cryptfs getpwtype
D/VoldCmdListener(  256): cryptfs getpwtype
D/VoldCmdListener(  256): cryptfs getpwtype
D/VoldCmdListener(  256): cryptfs getpwtype
D/VoldCmdListener(  256): cryptfs getpwtype
D/VoldCmdListener(  256): cryptfs getpwtype
D/VoldCmdListener(  256): cryptfs getpwtype
D/VoldCmdListener(  256): cryptfs getpwtype
D/VoldCmdListener(  256): cryptfs getpwtype
D/VoldCmdListener(  256): cryptfs getpwtype
D/VoldCmdListener(  256): cryptfs getpwtype
D/VoldCmdListener(  256): cryptfs getpwtype
D/VoldCmdListener(  256): cryptfs getpwtype
D/VoldCmdListener(  256): cryptfs getpwtype
W/InputMethodManagerService( 2417): Window already focused, ignoring focus gain of: com.android.internal.view.IInputMethodClient$Stub$Proxy@141b9601 attribute=null, token = android.os.BinderProxy@53d28b9
D/VoldCmdListener(  256): cryptfs getpwtype
D/VoldCmdListener(  256): cryptfs getpwtype
D/VoldCmdListener(  256): cryptfs getpwtype
D/VoldCmdListener(  256): cryptfs getpwtype
D/VoldCmdListener(  256): cryptfs getpwtype
D/VoldCmdListener(  256): cryptfs getpwtype
D/VoldCmdListener(  256): cryptfs getpwtype
D/VoldCmdListener(  256): cryptfs getpwtype
D/VoldCmdListener(  256): cryptfs getpwtype
D/VoldCmdListener(  256): cryptfs getpwtype
D/VoldCmdListener(  256): cryptfs getpwtype
D/VoldCmdListener(  256): cryptfs getpwtype
D/VoldCmdListener(  256): cryptfs getpwtype
D/VoldCmdListener(  256): cryptfs getpwtype
D/VoldCmdListener(  256): cryptfs getpwtype
D/VoldCmdListener(  256): cryptfs getpwtype
D/VoldCmdListener(  256): cryptfs getpwtype
D/VoldCmdListener(  256): cryptfs getpwtype
D/VoldCmdListener(  256): cryptfs getpwtype
D/VoldCmdListener(  256): cryptfs getpwtype
D/VoldCmdListener(  256): cryptfs getpwtype
D/VoldCmdListener(  256): cryptfs getpwtype
D/VoldCmdListener(  256): cryptfs getpwtype
D/ConnectivityService( 2417): Setting Dns servers for network 100 to [/2001:558:feed::1, /75.75.75.75, /75.75.76.76]
D/Nat464Xlat( 2417): requiresClat: netType=1, connected=true, hasIPv4Address=true
D/ConnectivityService( 2417): notifyType IP_CHANGED for NetworkAgentInfo [WIFI () - 100]
D/ConnectivityService( 2417): notifyType IP_CHANGED for NetworkAgentInfo [WIFI () - 100]
D/ConnectivityService( 2417): Setting Dns servers for network 100 to [/2001:558:feed::1, /2001:558:feed::2, /75.75.75.75, /75.75.76.76]
D/Nat464Xlat( 2417): requiresClat: netType=1, connected=true, hasIPv4Address=true
D/ConnectivityService( 2417): notifyType IP_CHANGED for NetworkAgentInfo [WIFI () - 100]
D/ConnectivityService( 2417): notifyType IP_CHANGED for NetworkAgentInfo [WIFI () - 100]
D/ConnectivityService( 2417): Setting Dns servers for network 100 to [/2001:558:feed::1, /75.75.75.75, /75.75.76.76]
D/Nat464Xlat( 2417): requiresClat: netType=1, connected=true, hasIPv4Address=true
D/ConnectivityService( 2417): notifyType IP_CHANGED for NetworkAgentInfo [WIFI () - 100]
D/ConnectivityService( 2417): notifyType IP_CHANGED for NetworkAgentInfo [WIFI () - 100]
D/ConnectivityService( 2417): Setting Dns servers for network 100 to [/2001:558:feed::1, /2001:558:feed::2, /75.75.75.75, /75.75.76.76]
D/Nat464Xlat( 2417): requiresClat: netType=1, connected=true, hasIPv4Address=true
D/ConnectivityService( 2417): notifyType IP_CHANGED for NetworkAgentInfo [WIFI () - 100]
D/ConnectivityService( 2417): notifyType IP_CHANGED for NetworkAgentInfo [WIFI () - 100]
D/DefContainer( 4775): Copying /data/local/tmp/petrarch-mobile.apk to base.apk
D/PackageManager( 2417): Renaming /data/app/vmdl742603902.tmp to /data/app/com.benbrittain.petrarch.debug-1
F/libc    ( 5025): Fatal signal 6 (SIGABRT), code -6 in tid 5027 (Compiler driver)
I/DEBUG   ( 1858): *** *** *** *** *** *** *** *** *** *** *** *** *** *** *** ***
I/DEBUG   ( 1858): Build fingerprint: 'google/shamu/shamu:5.0.1/LRX22C/1602158:user/release-keys'
I/DEBUG   ( 1858): Revision: '33696'
I/DEBUG   ( 1858): ABI: 'arm'
W/NativeCrashListener( 2417): Couldn't find ProcessRecord for pid 5025
I/DEBUG   ( 1858): pid: 5025, tid: 5027, name: Compiler driver  >>> /system/bin/dex2oat <<<
I/DEBUG   ( 1858): signal 6 (SIGABRT), code -6 (SI_TKILL), fault addr --------
I/DEBUG   ( 1858): Abort message: 'art/compiler/driver/compiler_driver.cc:1181] Check failed: !method->IsAbstract() '
I/DEBUG   ( 1858):     r0 00000000  r1 000013a3  r2 00000006  r3 00000000
I/DEBUG   ( 1858):     r4 b3cffdb8  r5 00000006  r6 00000002  r7 0000010c
I/DEBUG   ( 1858):     r8 00000001  r9 b664f490  sl b3906400  fp b39164c0
I/DEBUG   ( 1858):     ip 000013a3  sp b3cff588  lr b6f66235  pc b6f89e0c  cpsr 600f0010
I/DEBUG   ( 1858): 
I/DEBUG   ( 1858): backtrace:
I/DEBUG   ( 1858):     #00 pc 00037e0c  /system/lib/libc.so (tgkill+12)
I/DEBUG   ( 1858):     #01 pc 00014231  /system/lib/libc.so (pthread_kill+52)
I/DEBUG   ( 1858):     #02 pc 00014f93  /system/lib/libc.so (raise+10)
I/DEBUG   ( 1858):     #03 pc 000116a5  /system/lib/libc.so (__libc_android_abort+36)
I/DEBUG   ( 1858):     #04 pc 0000fd3c  /system/lib/libc.so (abort+4)
I/DEBUG   ( 1858):     #05 pc 00214e3d  /system/lib/libart.so (art::Runtime::Abort()+160)
I/DEBUG   ( 1858):     #06 pc 000a63d3  /system/lib/libart.so (art::LogMessage::~LogMessage()+1322)
I/DEBUG   ( 1858):     #07 pc 0014573b  /system/lib/libart-compiler.so (art::CompilerDriver::GetCodeAndMethodForDirectCall(art::InvokeType*, art::InvokeType, bool, art::mirror::Class*, art::mirror::ArtMethod*, int*, art::MethodReference*, unsigned int*, unsigned int*)+1110)
I/DEBUG   ( 1858):     #08 pc 0012aaf1  /system/lib/libart-compiler.so
I/DEBUG   ( 1858):     #09 pc 0012b11f  /system/lib/libart-compiler.so (art::MirMethodLoweringInfo::Resolve(art::CompilerDriver*, art::DexCompilationUnit const*, art::MirMethodLoweringInfo*, unsigned int)+994)
I/DEBUG   ( 1858):     #10 pc 00139897  /system/lib/libart-compiler.so (art::MIRGraph::DoCacheMethodLoweringInfo()+958)
I/DEBUG   ( 1858):     #11 pc 0012f3c7  /system/lib/libart-compiler.so (art::PassDriverMEOpts::ApplyPass(art::PassDataHolder*, art::Pass const*)+14)
I/DEBUG   ( 1858):     #12 pc 0012f9c1  /system/lib/libart-compiler.so
I/DEBUG   ( 1858):     #13 pc 0013147d  /system/lib/libart-compiler.so
I/DEBUG   ( 1858):     #14 pc 00131953  /system/lib/libart-compiler.so (ArtQuickCompileMethod+38)
I/DEBUG   ( 1858):     #15 pc 0014829d  /system/lib/libart-compiler.so (art::CompilerDriver::CompileMethod(art::DexFile::CodeItem const*, unsigned int, art::InvokeType, unsigned short, unsigned int, _jobject*, art::DexFile const&, art::DexToDexCompilationLevel)+932)
I/DEBUG   ( 1858):     #16 pc 00148941  /system/lib/libart-compiler.so (art::CompilerDriver::CompileClass(art::ParallelCompilationManager const*, unsigned int)+1204)
I/DEBUG   ( 1858):     #17 pc 0013f2a1  /system/lib/libart-compiler.so
I/DEBUG   ( 1858):     #18 pc 0022de03  /system/lib/libart.so (art::ThreadPoolWorker::Run()+34)
I/DEBUG   ( 1858):     #19 pc 0022e651  /system/lib/libart.so (art::ThreadPoolWorker::Callback(void*)+52)
I/DEBUG   ( 1858):     #20 pc 00013a1b  /system/lib/libc.so (__pthread_start(void*)+30)
I/DEBUG   ( 1858):     #21 pc 00011a0f  /system/lib/libc.so (__start_thread+6)
W/PackageManager( 2417): Package couldn't be installed in /data/app/com.benbrittain.petrarch.debug-1
W/PackageManager( 2417): com.android.server.pm.PackageManagerException: scanPackageLI
W/PackageManager( 2417): 	at com.android.server.pm.PackageManagerService.scanPackageDirtyLI(PackageManagerService.java:6074)
W/PackageManager( 2417): 	at com.android.server.pm.PackageManagerService.scanPackageLI(PackageManagerService.java:5369)
W/PackageManager( 2417): 	at com.android.server.pm.PackageManagerService.installNewPackageLI(PackageManagerService.java:10711)
W/PackageManager( 2417): 	at com.android.server.pm.PackageManagerService.installPackageLI(PackageManagerService.java:11234)
W/PackageManager( 2417): 	at com.android.server.pm.PackageManagerService.access$2400(PackageManagerService.java:270)
W/PackageManager( 2417): 	at com.android.server.pm.PackageManagerService$5.run(PackageManagerService.java:9159)
W/PackageManager( 2417): 	at android.os.Handler.handleCallback(Handler.java:739)
W/PackageManager( 2417): 	at android.os.Handler.dispatchMessage(Handler.java:95)
W/PackageManager( 2417): 	at android.os.Looper.loop(Looper.java:135)
W/PackageManager( 2417): 	at android.os.HandlerThread.run(HandlerThread.java:61)
W/PackageManager( 2417): 	at com.android.server.ServiceThread.run(ServiceThread.java:46)
D/VoldCmdListener(  256): cryptfs getpwtype
D/VoldCmdListener(  256): cryptfs getpwtype
D/VoldCmdListener(  256): cryptfs getpwtype
D/VoldCmdListener(  256): cryptfs getpwtype
V/ActivityManager( 2417): Display changed displayId=0
I/ActivityManager( 2417): Config changes=480 {1.0 310mcc260mnc en_US ldltr sw411dp w689dp h386dp 560dpi nrml land finger -keyb/v/h -nav/h s.6 themeResource=null}
D/VoldCmdListener(  256): cryptfs getpwtype
D/VoldCmdListener(  256): cryptfs getpwtype
D/VoldCmdListener(  256): cryptfs getpwtype
D/VoldCmdListener(  256): cryptfs getpwtype
D/VoldCmdListener(  256): cryptfs getpwtype
D/VoldCmdListener(  256): cryptfs getpwtype
D/VoldCmdListener(  256): cryptfs getpwtype
D/VoldCmdListener(  256): cryptfs getpwtype
D/VoldCmdListener(  256): cryptfs getpwtype
D/VoldCmdListener(  256): cryptfs getpwtype
D/VoldCmdListener(  256): cryptfs getpwtype
D/VoldCmdListener(  256): cryptfs getpwtype
D/VoldCmdListener(  256): cryptfs getpwtype
D/VoldCmdListener(  256): cryptfs getpwtype
D/VoldCmdListener(  256): cryptfs getpwtype
D/VoldCmdListener(  256): cryptfs getpwtype
D/VoldCmdListener(  256): cryptfs getpwtype
D/VoldCmdListener(  256): cryptfs getpwtype
D/VoldCmdListener(  256): cryptfs getpwtype
D/VoldCmdListener(  256): cryptfs getpwtype
D/VoldCmdListener(  256): cryptfs getpwtype
D/VoldCmdListener(  256): cryptfs getpwtype
D/VoldCmdListener(  256): cryptfs getpwtype
D/VoldCmdListener(  256): cryptfs getpwtype
D/VoldCmdListener(  256): cryptfs getpwtype
D/VoldCmdListener(  256): cryptfs getpwtype
D/VoldCmdListener(  256): cryptfs getpwtype
D/VoldCmdListener(  256): cryptfs getpwtype
D/VoldCmdListener(  256): cryptfs getpwtype
D/VoldCmdListener(  256): cryptfs getpwtype
D/VoldCmdListener(  256): cryptfs getpwtype
D/VoldCmdListener(  256): cryptfs getpwtype
D/VoldCmdListener(  256): cryptfs getpwtype
D/VoldCmdListener(  256): cryptfs getpwtype
D/VoldCmdListener(  256): cryptfs getpwtype
D/VoldCmdListener(  256): cryptfs getpwtype
D/VoldCmdListener(  256): cryptfs getpwtype
D/VoldCmdListener(  256): cryptfs getpwtype
D/VoldCmdListener(  256): cryptfs getpwtype
D/VoldCmdListener(  256): cryptfs getpwtype
D/VoldCmdListener(  256): cryptfs getpwtype
D/VoldCmdListener(  256): cryptfs getpwtype
D/VoldCmdListener(  256): cryptfs getpwtype
D/VoldCmdListener(  256): cryptfs getpwtype
D/VoldCmdListener(  256): cryptfs getpwtype
D/VoldCmdListener(  256): cryptfs getpwtype
I/WindowManager( 2417): Screen frozen for +299ms due to Window{1588e4fe u0 com.nolanlawson.logcat/com.nolanlawson.logcat.LogcatActivity}
D/VoldCmdListener(  256): cryptfs getpwtype
D/VoldCmdListener(  256): cryptfs getpwtype
D/VoldCmdListener(  256): cryptfs getpwtype
D/VoldCmdListener(  256): cryptfs getpwtype
D/VoldCmdListener(  256): cryptfs getpwtype
D/VoldCmdListener(  256): cryptfs getpwtype
D/VoldCmdListener(  256): cryptfs getpwtype
D/VoldCmdListener(  256): cryptfs getpwtype
D/VoldCmdListener(  256): cryptfs getpwtype
D/VoldCmdListener(  256): cryptfs getpwtype
D/VoldCmdListener(  256): cryptfs getpwtype
D/VoldCmdListener(  256): cryptfs getpwtype
D/VoldCmdListener(  256): cryptfs getpwtype
D/VoldCmdListener(  256): cryptfs getpwtype
D/VoldCmdListener(  256): cryptfs getpwtype
D/VoldCmdListener(  256): cryptfs getpwtype
D/VoldCmdListener(  256): cryptfs getpwtype
D/VoldCmdListener(  256): cryptfs getpwtype
D/VoldCmdListener(  256): cryptfs getpwtype
D/VoldCmdListener(  256): cryptfs getpwtype
D/VoldCmdListener(  256): cryptfs getpwtype
D/VoldCmdListener(  256): cryptfs getpwtype
D/VoldCmdListener(  256): cryptfs getpwtype
D/VoldCmdListener(  256): cryptfs getpwtype
D/VoldCmdListener(  256): cryptfs getpwtype
D/VoldCmdListener(  256): cryptfs getpwtype
D/VoldCmdListener(  256): cryptfs getpwtype
D/VoldCmdListener(  256): cryptfs getpwtype
D/VoldCmdListener(  256): cryptfs getpwtype
D/VoldCmdListener(  256): cryptfs getpwtype
D/VoldCmdListener(  256): cryptfs getpwtype
D/ConnectivityService( 2417): Setting Dns servers for network 100 to [/2001:558:feed::1, /75.75.75.75, /75.75.76.76]
D/Nat464Xlat( 2417): requiresClat: netType=1, connected=true, hasIPv4Address=true
D/ConnectivityService( 2417): notifyType IP_CHANGED for NetworkAgentInfo [WIFI () - 100]
D/ConnectivityService( 2417): notifyType IP_CHANGED for NetworkAgentInfo [WIFI () - 100]
D/ConnectivityService( 2417): Setting Dns servers for network 100 to [/2001:558:feed::1, /2001:558:feed::2, /75.75.75.75, /75.75.76.76]
D/Nat464Xlat( 2417): requiresClat: netType=1, connected=true, hasIPv4Address=true
D/ConnectivityService( 2417): notifyType IP_CHANGED for NetworkAgentInfo [WIFI () - 100]
D/ConnectivityService( 2417): notifyType IP_CHANGED for NetworkAgentInfo [WIFI () - 100]
D/VoldCmdListener(  256): cryptfs getpwtype
D/VoldCmdListener(  256): cryptfs getpwtype
D/VoldCmdListener(  256): cryptfs getpwtype
D/VoldCmdListener(  256): cryptfs getpwtype
D/VoldCmdListener(  256): cryptfs getpwtype
D/VoldCmdListener(  256): cryptfs getpwtype
D/VoldCmdListener(  256): cryptfs getpwtype
D/VoldCmdListener(  256): cryptfs getpwtype
D/VoldCmdListener(  256): cryptfs getpwtype
D/VoldCmdListener(  256): cryptfs getpwtype
D/VoldCmdListener(  256): cryptfs getpwtype
D/VoldCmdListener(  256): cryptfs getpwtype
D/VoldCmdListener(  256): cryptfs getpwtype
D/VoldCmdListener(  256): cryptfs getpwtype
D/VoldCmdListener(  256): cryptfs getpwtype
D/VoldCmdListener(  256): cryptfs getpwtype
D/VoldCmdListener(  256): cryptfs getpwtype
D/VoldCmdListener(  256): cryptfs getpwtype
D/VoldCmdListener(  256): cryptfs getpwtype
D/VoldCmdListener(  256): cryptfs getpwtype
D/VoldCmdListener(  256): cryptfs getpwtype
D/VoldCmdListener(  256): cryptfs getpwtype
D/VoldCmdListener(  256): cryptfs getpwtype
D/VoldCmdListener(  256): cryptfs getpwtype
D/VoldCmdListener(  256): cryptfs getpwtype
D/VoldCmdListener(  256): cryptfs getpwtype
D/VoldCmdListener(  256): cryptfs getpwtype
D/VoldCmdListener(  256): cryptfs getpwtype
D/VoldCmdListener(  256): cryptfs getpwtype
D/VoldCmdListener(  256): cryptfs getpwtype
D/VoldCmdListener(  256): cryptfs getpwtype
D/VoldCmdListener(  256): cryptfs getpwtype
D/VoldCmdListener(  256): cryptfs getpwtype
D/VoldCmdListener(  256): cryptfs getpwtype
D/VoldCmdListener(  256): cryptfs getpwtype
D/VoldCmdListener(  256): cryptfs getpwtype
D/VoldCmdListener(  256): cryptfs getpwtype
D/VoldCmdListener(  256): cryptfs getpwtype
D/VoldCmdListener(  256): cryptfs getpwtype
D/VoldCmdListener(  256): cryptfs getpwtype
D/VoldCmdListener(  256): cryptfs getpwtype
D/VoldCmdListener(  256): cryptfs getpwtype
W/InputMethodManagerService( 2417): Window already focused, ignoring focus gain of: com.android.internal.view.IInputMethodClient$Stub$Proxy@354334eb attribute=null, token = android.os.BinderProxy@53d28b9
D/VoldCmdListener(  256): cryptfs getpwtype
D/VoldCmdListener(  256): cryptfs getpwtype
D/VoldCmdListener(  256): cryptfs getpwtype
D/VoldCmdListener(  256): cryptfs getpwtype
D/VoldCmdListener(  256): cryptfs getpwtype
D/VoldCmdListener(  256): cryptfs getpwtype
D/VoldCmdListener(  256): cryptfs getpwtype
D/VoldCmdListener(  256): cryptfs getpwtype
D/VoldCmdListener(  256): cryptfs getpwtype
D/VoldCmdListener(  256): cryptfs getpwtype
D/VoldCmdListener(  256): cryptfs getpwtype
D/VoldCmdListener(  256): cryptfs getpwtype
D/VoldCmdListener(  256): cryptfs getpwtype
D/VoldCmdListener(  256): cryptfs getpwtype
D/VoldCmdListener(  256): cryptfs getpwtype
D/VoldCmdListener(  256): cryptfs getpwtype
D/VoldCmdListener(  256): cryptfs getpwtype
D/VoldCmdListener(  256): cryptfs getpwtype
D/VoldCmdListener(  256): cryptfs getpwtype
D/VoldCmdListener(  256): cryptfs getpwtype
D/VoldCmdListener(  256): cryptfs getpwtype
D/VoldCmdListener(  256): cryptfs getpwtype
D/VoldCmdListener(  256): cryptfs getpwtype
D/VoldCmdListener(  256): cryptfs getpwtype
D/VoldCmdListener(  256): cryptfs getpwtype
D/VoldCmdListener(  256): cryptfs getpwtype
D/VoldCmdListener(  256): cryptfs getpwtype
D/VoldCmdListener(  256): cryptfs getpwtype
D/VoldCmdListener(  256): cryptfs getpwtype
D/VoldCmdListener(  256): cryptfs getpwtype
D/VoldCmdListener(  256): cryptfs getpwtype
D/VoldCmdListener(  256): cryptfs getpwtype
D/VoldCmdListener(  256): cryptfs getpwtype
D/VoldCmdListener(  256): cryptfs getpwtype
D/VoldCmdListener(  256): cryptfs getpwtype
D/VoldCmdListener(  256): cryptfs getpwtype
D/VoldCmdListener(  256): cryptfs getpwtype
D/VoldCmdListener(  256): cryptfs getpwtype
D/VoldCmdListener(  256): cryptfs getpwtype
D/VoldCmdListener(  256): cryptfs getpwtype
D/VoldCmdListener(  256): cryptfs getpwtype
D/VoldCmdListener(  256): cryptfs getpwtype
D/VoldCmdListener(  256): cryptfs getpwtype
D/VoldCmdListener(  256): cryptfs getpwtype
D/VoldCmdListener(  256): cryptfs getpwtype
D/VoldCmdListener(  256): cryptfs getpwtype
D/VoldCmdListener(  256): cryptfs getpwtype
D/VoldCmdListener(  256): cryptfs getpwtype
V/DeadZone( 2650): consuming errant click: (36.0,852.0)
D/VoldCmdListener(  256): cryptfs getpwtype
D/VoldCmdListener(  256): cryptfs getpwtype
D/VoldCmdListener(  256): cryptfs getpwtype
D/VoldCmdListener(  256): cryptfs getpwtype
D/VoldCmdListener(  256): cryptfs getpwtype
D/VoldCmdListener(  256): cryptfs getpwtype
D/VoldCmdListener(  256): cryptfs getpwtype
D/VoldCmdListener(  256): cryptfs getpwtype
D/VoldCmdListener(  256): cryptfs getpwtype
D/VoldCmdListener(  256): cryptfs getpwtype
D/VoldCmdListener(  256): cryptfs getpwtype
D/VoldCmdListener(  256): cryptfs getpwtype
D/VoldCmdListener(  256): cryptfs getpwtype
D/VoldCmdListener(  256): cryptfs getpwtype
D/VoldCmdListener(  256): cryptfs getpwtype
D/VoldCmdListener(  256): cryptfs getpwtype
D/VoldCmdListener(  256): cryptfs getpwtype
D/VoldCmdListener(  256): cryptfs getpwtype
D/VoldCmdListener(  256): cryptfs getpwtype
D/VoldCmdListener(  256): cryptfs getpwtype
D/VoldCmdListener(  256): cryptfs getpwtype
I/ActivityManager( 2417): START u0 {act=android.intent.action.MAIN cat=[android.intent.category.HOME] flg=0x10200000 cmp=com.cyanogenmod.trebuchet/com.android.launcher3.Launcher} from uid 1000 on display 0
D/VoldCmdListener(  256): cryptfs getpwtype
D/VoldCmdListener(  256): cryptfs getpwtype
D/VoldCmdListener(  256): cryptfs getpwtype
D/VoldCmdListener(  256): cryptfs getpwtype
D/VoldCmdListener(  256): cryptfs getpwtype
V/ActivityManager( 2417): Display changed displayId=0
I/ActivityManager( 2417): Config changes=480 {1.0 310mcc260mnc en_US ldltr sw411dp w411dp h658dp 560dpi nrml port finger -keyb/v/h -nav/h s.7 themeResource=null}
D/VoldCmdListener(  256): cryptfs getpwtype
D/VoldCmdListener(  256): cryptfs getpwtype
D/VoldCmdListener(  256): cryptfs getpwtype
D/VoldCmdListener(  256): cryptfs getpwtype
D/VoldCmdListener(  256): cryptfs getpwtype
D/VoldCmdListener(  256): cryptfs getpwtype
D/VoldCmdListener(  256): cryptfs getpwtype
D/VoldCmdListener(  256): cryptfs getpwtype
D/VoldCmdListener(  256): cryptfs getpwtype
D/VoldCmdListener(  256): cryptfs getpwtype
D/VoldCmdListener(  256): cryptfs getpwtype
D/VoldCmdListener(  256): cryptfs getpwtype
D/VoldCmdListener(  256): cryptfs getpwtype
D/VoldCmdListener(  256): cryptfs getpwtype
D/VoldCmdListener(  256): cryptfs getpwtype
D/VoldCmdListener(  256): cryptfs getpwtype
D/VoldCmdListener(  256): cryptfs getpwtype
D/VoldCmdListener(  256): cryptfs getpwtype
D/VoldCmdListener(  256): cryptfs getpwtype
D/VoldCmdListener(  256): cryptfs getpwtype
D/VoldCmdListener(  256): cryptfs getpwtype
D/VoldCmdListener(  256): cryptfs getpwtype
D/VoldCmdListener(  256): cryptfs getpwtype
D/VoldCmdListener(  256): cryptfs getpwtype
D/VoldCmdListener(  256): cryptfs getpwtype
D/VoldCmdListener(  256): cryptfs getpwtype
D/VoldCmdListener(  256): cryptfs getpwtype
D/VoldCmdListener(  256): cryptfs getpwtype
D/VoldCmdListener(  256): cryptfs getpwtype
D/VoldCmdListener(  256): cryptfs getpwtype
D/VoldCmdListener(  256): cryptfs getpwtype
D/VoldCmdListener(  256): cryptfs getpwtype
D/VoldCmdListener(  256): cryptfs getpwtype
D/VoldCmdListener(  256): cryptfs getpwtype
D/VoldCmdListener(  256): cryptfs getpwtype
D/VoldCmdListener(  256): cryptfs getpwtype
D/VoldCmdListener(  256): cryptfs getpwtype
D/VoldCmdListener(  256): cryptfs getpwtype
D/VoldCmdListener(  256): cryptfs getpwtype
D/VoldCmdListener(  256): cryptfs getpwtype
D/VoldCmdListener(  256): cryptfs getpwtype
D/VoldCmdListener(  256): cryptfs getpwtype
D/VoldCmdListener(  256): cryptfs getpwtype
D/VoldCmdListener(  256): cryptfs getpwtype
D/VoldCmdListener(  256): cryptfs getpwtype
D/VoldCmdListener(  256): cryptfs getpwtype
D/VoldCmdListener(  256): cryptfs getpwtype
D/VoldCmdListener(  256): cryptfs getpwtype
D/VoldCmdListener(  256): cryptfs getpwtype
D/VoldCmdListener(  256): cryptfs getpwtype
D/VoldCmdListener(  256): cryptfs getpwtype
D/VoldCmdListener(  256): cryptfs getpwtype
D/VoldCmdListener(  256): cryptfs getpwtype
D/VoldCmdListener(  256): cryptfs getpwtype
D/VoldCmdListener(  256): cryptfs getpwtype
D/VoldCmdListener(  256): cryptfs getpwtype
D/VoldCmdListener(  256): cryptfs getpwtype
D/VoldCmdListener(  256): cryptfs getpwtype
D/VoldCmdListener(  256): cryptfs getpwtype
D/VoldCmdListener(  256): cryptfs getpwtype
D/VoldCmdListener(  256): cryptfs getpwtype
D/VoldCmdListener(  256): cryptfs getpwtype
D/VoldCmdListener(  256): cryptfs getpwtype
D/VoldCmdListener(  256): cryptfs getpwtype
D/VoldCmdListener(  256): cryptfs getpwtype
D/VoldCmdListener(  256): cryptfs getpwtype
D/VoldCmdListener(  256): cryptfs getpwtype
D/VoldCmdListener(  256): cryptfs getpwtype
D/VoldCmdListener(  256): cryptfs getpwtype
D/VoldCmdListener(  256): cryptfs getpwtype
D/VoldCmdListener(  256): cryptfs getpwtype
D/VoldCmdListener(  256): cryptfs getpwtype
D/VoldCmdListener(  256): cryptfs getpwtype
D/VoldCmdListener(  256): cryptfs getpwtype
D/VoldCmdListener(  256): cryptfs getpwtype
D/VoldCmdListener(  256): cryptfs getpwtype
D/VoldCmdListener(  256): cryptfs getpwtype
D/VoldCmdListener(  256): cryptfs getpwtype
D/VoldCmdListener(  256): cryptfs getpwtype
D/VoldCmdListener(  256): cryptfs getpwtype
D/VoldCmdListener(  256): cryptfs getpwtype
D/VoldCmdListener(  256): cryptfs getpwtype
D/VoldCmdListener(  256): cryptfs getpwtype
I/WindowManager( 2417): Screen frozen for +427ms due to Window{259a1af8 u0 NavigationBar}
D/VoldCmdListener(  256): cryptfs getpwtype
D/VoldCmdListener(  256): cryptfs getpwtype
D/VoldCmdListener(  256): cryptfs getpwtype
D/VoldCmdListener(  256): cryptfs getpwtype
D/VoldCmdListener(  256): cryptfs getpwtype
D/VoldCmdListener(  256): cryptfs getpwtype
D/VoldCmdListener(  256): cryptfs getpwtype
D/VoldCmdListener(  256): cryptfs getpwtype
D/VoldCmdListener(  256): cryptfs getpwtype
D/VoldCmdListener(  256): cryptfs getpwtype
D/VoldCmdListener(  256): cryptfs getpwtype
D/VoldCmdListener(  256): cryptfs getpwtype
D/VoldCmdListener(  256): cryptfs getpwtype
D/VoldCmdListener(  256): cryptfs getpwtype
D/VoldCmdListener(  256): cryptfs getpwtype
D/VoldCmdListener(  256): cryptfs getpwtype
D/VoldCmdListener(  256): cryptfs getpwtype
D/VoldCmdListener(  256): cryptfs getpwtype
D/VoldCmdListener(  256): cryptfs getpwtype
D/VoldCmdListener(  256): cryptfs getpwtype
D/VoldCmdListener(  256): cryptfs getpwtype
D/VoldCmdListener(  256): cryptfs getpwtype
D/VoldCmdListener(  256): cryptfs getpwtype
D/VoldCmdListener(  256): cryptfs getpwtype
D/VoldCmdListener(  256): cryptfs getpwtype
D/VoldCmdListener(  256): cryptfs getpwtype
D/VoldCmdListener(  256): cryptfs getpwtype
D/VoldCmdListener(  256): cryptfs getpwtype
D/VoldCmdListener(  256): cryptfs getpwtype
D/VoldCmdListener(  256): cryptfs getpwtype
D/VoldCmdListener(  256): cryptfs getpwtype
D/VoldCmdListener(  256): cryptfs getpwtype
D/VoldCmdListener(  256): cryptfs getpwtype
D/VoldCmdListener(  256): cryptfs getpwtype
D/VoldCmdListener(  256): cryptfs getpwtype
D/VoldCmdListener(  256): cryptfs getpwtype
D/VoldCmdListener(  256): cryptfs getpwtype
D/VoldCmdListener(  256): cryptfs getpwtype
D/VoldCmdListener(  256): cryptfs getpwtype
D/VoldCmdListener(  256): cryptfs getpwtype
D/VoldCmdListener(  256): cryptfs getpwtype
D/VoldCmdListener(  256): cryptfs getpwtype
D/VoldCmdListener(  256): cryptfs getpwtype
D/VoldCmdListener(  256): cryptfs getpwtype
D/VoldCmdListener(  256): cryptfs getpwtype
D/VoldCmdListener(  256): cryptfs getpwtype
D/VoldCmdListener(  256): cryptfs getpwtype
D/VoldCmdListener(  256): cryptfs getpwtype
D/VoldCmdListener(  256): cryptfs getpwtype
D/VoldCmdListener(  256): cryptfs getpwtype
D/VoldCmdListener(  256): cryptfs getpwtype
D/VoldCmdListener(  256): cryptfs getpwtype
D/VoldCmdListener(  256): cryptfs getpwtype
D/VoldCmdListener(  256): cryptfs getpwtype
D/VoldCmdListener(  256): cryptfs getpwtype
D/VoldCmdListener(  256): cryptfs getpwtype
D/VoldCmdListener(  256): cryptfs getpwtype
D/VoldCmdListener(  256): cryptfs getpwtype
D/VoldCmdListener(  256): cryptfs getpwtype
D/VoldCmdListener(  256): cryptfs getpwtype
D/VoldCmdListener(  256): cryptfs getpwtype
D/VoldCmdListener(  256): cryptfs getpwtype
D/VoldCmdListener(  256): cryptfs getpwtype
D/VoldCmdListener(  256): cryptfs getpwtype
D/VoldCmdListener(  256): cryptfs getpwtype
D/VoldCmdListener(  256): cryptfs getpwtype
D/VoldCmdListener(  256): cryptfs getpwtype
I/ActivityManager( 2417): START u0 {act=android.intent.action.MAIN cat=[android.intent.category.LAUNCHER] flg=0x10200000 cmp=org.mozilla.firefox/.App bnds=[62,2132][333,2412] (has extras)} from uid 10018 on display 0
D/VoldCmdListener(  256): cryptfs getpwtype
D/VoldCmdListener(  256): cryptfs getpwtype
D/VoldCmdListener(  256): cryptfs getpwtype
D/VoldCmdListener(  256): cryptfs getpwtype
D/VoldCmdListener(  256): cryptfs getpwtype
D/VoldCmdListener(  256): cryptfs getpwtype
D/VoldCmdListener(  256): cryptfs getpwtype
D/VoldCmdListener(  256): cryptfs getpwtype
D/VoldCmdListener(  256): cryptfs getpwtype
D/VoldCmdListener(  256): cryptfs getpwtype
D/VoldCmdListener(  256): cryptfs getpwtype
D/VoldCmdListener(  256): cryptfs getpwtype
D/VoldCmdListener(  256): cryptfs getpwtype
D/VoldCmdListener(  256): cryptfs getpwtype
D/VoldCmdListener(  256): cryptfs getpwtype
D/VoldCmdListener(  256): cryptfs getpwtype
D/VoldCmdListener(  256): cryptfs getpwtype
D/VoldCmdListener(  256): cryptfs getpwtype
D/VoldCmdListener(  256): cryptfs getpwtype
D/VoldCmdListener(  256): cryptfs getpwtype
D/VoldCmdListener(  256): cryptfs getpwtype
D/VoldCmdListener(  256): cryptfs getpwtype
D/VoldCmdListener(  256): cryptfs getpwtype
D/VoldCmdListener(  256): cryptfs getpwtype
D/VoldCmdListener(  256): cryptfs getpwtype
D/VoldCmdListener(  256): cryptfs getpwtype
D/VoldCmdListener(  256): cryptfs getpwtype
D/VoldCmdListener(  256): cryptfs getpwtype
D/VoldCmdListener(  256): cryptfs getpwtype
D/VoldCmdListener(  256): cryptfs getpwtype
D/VoldCmdListener(  256): cryptfs getpwtype
D/VoldCmdListener(  256): cryptfs getpwtype
D/VoldCmdListener(  256): cryptfs getpwtype
D/VoldCmdListener(  256): cryptfs getpwtype
D/VoldCmdListener(  256): cryptfs getpwtype
D/VoldCmdListener(  256): cryptfs getpwtype
D/VoldCmdListener(  256): cryptfs getpwtype
D/VoldCmdListener(  256): cryptfs getpwtype
D/VoldCmdListener(  256): cryptfs getpwtype
