E/AudioTrack( 2417): AudioTrack::set : Exit
D/audio_hw_primary( 1861): out_set_parameters: enter: usecase(1: low-latency-playback) kvpairs: routing=2
D/audio_hw_primary( 1861): select_devices: out_snd_device(2: speaker) in_snd_device(0: none)
D/msm8974_platform( 1861): platform_send_audio_calibration: sending audio calibration for snd_device(2) acdb_id(15)
E/ACDB-LOADER( 1861): Error: ACDB AFE returned = -19
D/audio_hw_primary( 1861): enable_snd_device: snd_device(2: speaker)
D/audio_hw_primary( 1861): enable_audio_route: apply and update mixer path: low-latency-playback speaker
I/SurfaceFlinger(  257): FPS: 22
E/AudioTrack( 2417): AudioTrack::set : Exit
D/audio_hw_primary( 1861): out_set_parameters: enter: usecase(1: low-latency-playback) kvpairs: routing=2
I/SurfaceFlinger(  257): FPS: 19
I/SurfaceFlinger(  257): FPS: 30
D/audio_hw_primary( 1861): disable_audio_route: reset and update mixer path: low-latency-playback speaker
D/audio_hw_primary( 1861): disable_snd_device: snd_device(2: speaker)
I/SurfaceFlinger(  257): FPS: 19
E/WifiStateMachine( 2417): WifiStateMachine CMD_START_SCAN source -2 txSuccessRate=0.04 rxSuccessRate=0.04 targetRoamBSSID=any RSSI=-49
E/WifiStateMachine( 2417): WifiStateMachine starting scan for "chloroform"WPA_PSK with 2412
I/wpa_supplicant( 2769): wlan0: CTRL-EVENT-SCAN-STARTED 
I/SurfaceFlinger(  257): FPS: 2
I/SurfaceFlinger(  257): FPS: 3
D/GB.ImService( 4180): HEARTBEAT
I/SurfaceFlinger(  257): FPS: 2
I/SurfaceFlinger(  257): FPS: 2
D/HeadsetStateMachine( 3561): Disconnected process message: 10, size: 0
I/SurfaceFlinger(  257): FPS: 2
D/ConnectivityService( 2417): Setting Dns servers for network 100 to [/2001:558:feed::1, /75.75.75.75, /75.75.76.76]
D/Nat464Xlat( 2417): requiresClat: netType=1, connected=true, hasIPv4Address=true
D/ConnectivityService( 2417): notifyType IP_CHANGED for NetworkAgentInfo [WIFI () - 100]
D/ConnectivityManager.CallbackHandler( 2650): CM callback handler got msg 524295
D/ConnectivityService( 2417): notifyType IP_CHANGED for NetworkAgentInfo [WIFI () - 100]
D/ConnectivityManager.CallbackHandler( 2650): CM callback handler got msg 524295
D/ConnectivityService( 2417): Setting Dns servers for network 100 to [/2001:558:feed::1, /2001:558:feed::2, /75.75.75.75, /75.75.76.76]
D/Nat464Xlat( 2417): requiresClat: netType=1, connected=true, hasIPv4Address=true
D/ConnectivityService( 2417): notifyType IP_CHANGED for NetworkAgentInfo [WIFI () - 100]
D/ConnectivityManager.CallbackHandler( 2650): CM callback handler got msg 524295
D/ConnectivityService( 2417): notifyType IP_CHANGED for NetworkAgentInfo [WIFI () - 100]
D/ConnectivityManager.CallbackHandler( 2650): CM callback handler got msg 524295
I/SurfaceFlinger(  257): FPS: 3
I/SurfaceFlinger(  257): FPS: 4
E/WifiStateMachine( 2417): WifiStateMachine CMD_START_SCAN source -2 txSuccessRate=0.00 rxSuccessRate=0.63 targetRoamBSSID=any RSSI=-48
E/WifiStateMachine( 2417): WifiStateMachine starting scan for "chloroform"WPA_PSK with 2412
I/wpa_supplicant( 2769): wlan0: CTRL-EVENT-SCAN-STARTED 
I/SurfaceFlinger(  257): FPS: 2
I/SurfaceFlinger(  257): FPS: 3
E/WifiStateMachine( 2417): WifiStateMachine CMD_START_SCAN source -2 txSuccessRate=0.00 rxSuccessRate=0.01 targetRoamBSSID=any RSSI=-48
E/WifiStateMachine( 2417): WifiStateMachine starting scan for "chloroform"WPA_PSK with 2412
I/wpa_supplicant( 2769): wlan0: CTRL-EVENT-SCAN-STARTED 
I/SurfaceFlinger(  257): FPS: 3
I/SurfaceFlinger(  257): FPS: 3
D/ConnectivityService( 2417): Setting Dns servers for network 100 to [/2001:558:feed::1, /75.75.75.75, /75.75.76.76]
D/Nat464Xlat( 2417): requiresClat: netType=1, connected=true, hasIPv4Address=true
D/ConnectivityService( 2417): notifyType IP_CHANGED for NetworkAgentInfo [WIFI () - 100]
D/ConnectivityService( 2417): notifyType IP_CHANGED for NetworkAgentInfo [WIFI () - 100]
D/ConnectivityManager.CallbackHandler( 2650): CM callback handler got msg 524295
D/ConnectivityManager.CallbackHandler( 2650): CM callback handler got msg 524295
D/ConnectivityService( 2417): Setting Dns servers for network 100 to [/2001:558:feed::1, /2001:558:feed::2, /75.75.75.75, /75.75.76.76]
D/Nat464Xlat( 2417): requiresClat: netType=1, connected=true, hasIPv4Address=true
D/ConnectivityService( 2417): notifyType IP_CHANGED for NetworkAgentInfo [WIFI () - 100]
D/ConnectivityManager.CallbackHandler( 2650): CM callback handler got msg 524295
D/ConnectivityService( 2417): notifyType IP_CHANGED for NetworkAgentInfo [WIFI () - 100]
D/ConnectivityManager.CallbackHandler( 2650): CM callback handler got msg 524295
I/SurfaceFlinger(  257): FPS: 4
I/SurfaceFlinger(  257): FPS: 2
E/WifiStateMachine( 2417): WifiStateMachine CMD_START_SCAN source -2 txSuccessRate=0.00 rxSuccessRate=0.02 targetRoamBSSID=any RSSI=-45
I/wpa_supplicant( 2769): wlan0: CTRL-EVENT-SCAN-STARTED 
I/SurfaceFlinger(  257): FPS: 2
D/GB.ImService( 4180): HEARTBEAT
I/SurfaceFlinger(  257): FPS: 3
D/ConnectivityService( 2417): Setting Dns servers for network 100 to [/2001:558:feed::1, /75.75.75.75, /75.75.76.76]
D/Nat464Xlat( 2417): requiresClat: netType=1, connected=true, hasIPv4Address=true
D/ConnectivityService( 2417): notifyType IP_CHANGED for NetworkAgentInfo [WIFI () - 100]
D/ConnectivityService( 2417): notifyType IP_CHANGED for NetworkAgentInfo [WIFI () - 100]
D/ConnectivityService( 2417): Setting Dns servers for network 100 to [/2001:558:feed::1, /2001:558:feed::2, /75.75.75.75, /75.75.76.76]
D/ConnectivityManager.CallbackHandler( 2650): CM callback handler got msg 524295
D/ConnectivityManager.CallbackHandler( 2650): CM callback handler got msg 524295
D/Nat464Xlat( 2417): requiresClat: netType=1, connected=true, hasIPv4Address=true
D/ConnectivityService( 2417): notifyType IP_CHANGED for NetworkAgentInfo [WIFI () - 100]
D/ConnectivityService( 2417): notifyType IP_CHANGED for NetworkAgentInfo [WIFI () - 100]
D/ConnectivityManager.CallbackHandler( 2650): CM callback handler got msg 524295
D/ConnectivityManager.CallbackHandler( 2650): CM callback handler got msg 524295
I/SurfaceFlinger(  257): FPS: 3
I/SurfaceFlinger(  257): FPS: 4
D/HeadsetStateMachine( 3561): Disconnected process message: 10, size: 0
I/SurfaceFlinger(  257): FPS: 2
D/GeckoMemoryMonitor( 4096): Decreased memory pressure to 0
I/SurfaceFlinger(  257): FPS: 3
I/SurfaceFlinger(  257): FPS: 4
E/WifiStateMachine( 2417): WifiStateMachine CMD_START_SCAN source -2 txSuccessRate=1.50 rxSuccessRate=2.63 targetRoamBSSID=any RSSI=-48
E/WifiStateMachine( 2417): WifiStateMachine starting scan for "chloroform"WPA_PSK with 2412
I/wpa_supplicant( 2769): wlan0: CTRL-EVENT-SCAN-STARTED 
I/SurfaceFlinger(  257): FPS: 2
I/SurfaceFlinger(  257): FPS: 3
I/SurfaceFlinger(  257): FPS: 3
I/SurfaceFlinger(  257): FPS: 2
I/SurfaceFlinger(  257): FPS: 2
I/SurfaceFlinger(  257): FPS: 3
I/SurfaceFlinger(  257): FPS: 2
E/WifiStateMachine( 2417): WifiStateMachine CMD_START_SCAN source -2 txSuccessRate=0.79 rxSuccessRate=0.62 targetRoamBSSID=any RSSI=-45
E/WifiStateMachine( 2417): WifiStateMachine starting scan for "chloroform"WPA_PSK with 2412
I/wpa_supplicant( 2769): wlan0: CTRL-EVENT-SCAN-STARTED 
I/SurfaceFlinger(  257): FPS: 2
I/SurfaceFlinger(  257): FPS: 3
I/SurfaceFlinger(  257): FPS: 2
I/SurfaceFlinger(  257): FPS: 2
E/WifiStateMachine( 2417): WifiStateMachine CMD_START_SCAN source -2 txSuccessRate=0.02 rxSuccessRate=0.15 targetRoamBSSID=any RSSI=-51
E/WifiStateMachine( 2417): WifiStateMachine starting scan for "chloroform"WPA_PSK with 2412
I/wpa_supplicant( 2769): wlan0: CTRL-EVENT-SCAN-STARTED 
D/ConnectivityService( 2417): Setting Dns servers for network 100 to [/2001:558:feed::1, /75.75.75.75, /75.75.76.76]
D/Nat464Xlat( 2417): requiresClat: netType=1, connected=true, hasIPv4Address=true
D/ConnectivityService( 2417): notifyType IP_CHANGED for NetworkAgentInfo [WIFI () - 100]
D/ConnectivityManager.CallbackHandler( 2650): CM callback handler got msg 524295
D/ConnectivityService( 2417): notifyType IP_CHANGED for NetworkAgentInfo [WIFI () - 100]
D/ConnectivityManager.CallbackHandler( 2650): CM callback handler got msg 524295
D/ConnectivityService( 2417): Setting Dns servers for network 100 to [/2001:558:feed::1, /2001:558:feed::2, /75.75.75.75, /75.75.76.76]
D/Nat464Xlat( 2417): requiresClat: netType=1, connected=true, hasIPv4Address=true
D/ConnectivityService( 2417): notifyType IP_CHANGED for NetworkAgentInfo [WIFI () - 100]
D/ConnectivityService( 2417): notifyType IP_CHANGED for NetworkAgentInfo [WIFI () - 100]
D/ConnectivityManager.CallbackHandler( 2650): CM callback handler got msg 524295
D/ConnectivityManager.CallbackHandler( 2650): CM callback handler got msg 524295
I/SurfaceFlinger(  257): FPS: 4
I/SurfaceFlinger(  257): FPS: 2
I/SurfaceFlinger(  257): FPS: 2
D/GB.ImService( 4180): HEARTBEAT
I/SurfaceFlinger(  257): FPS: 2
I/SurfaceFlinger(  257): FPS: 2
D/HeadsetStateMachine( 3561): Disconnected process message: 10, size: 0
I/SurfaceFlinger(  257): FPS: 2
E/WifiStateMachine( 2417): WifiStateMachine CMD_START_SCAN source -2 txSuccessRate=0.00 rxSuccessRate=0.00 targetRoamBSSID=any RSSI=-45
E/WifiStateMachine( 2417): WifiStateMachine starting scan for "chloroform"WPA_PSK with 2412
I/wpa_supplicant( 2769): wlan0: CTRL-EVENT-SCAN-STARTED 
I/SurfaceFlinger(  257): FPS: 3
I/SurfaceFlinger(  257): FPS: 3
E/WifiStateMachine( 2417): WifiStateMachine CMD_START_SCAN source -2 txSuccessRate=0.00 rxSuccessRate=0.03 targetRoamBSSID=any RSSI=-46
E/WifiStateMachine( 2417): WifiStateMachine starting scan for "chloroform"WPA_PSK with 2412
I/wpa_supplicant( 2769): wlan0: CTRL-EVENT-SCAN-STARTED 
I/SurfaceFlinger(  257): FPS: 2
I/SurfaceFlinger(  257): FPS: 4
D/ConnectivityService( 2417): Setting Dns servers for network 100 to [/2001:558:feed::1, /75.75.75.75, /75.75.76.76]
D/Nat464Xlat( 2417): requiresClat: netType=1, connected=true, hasIPv4Address=true
D/ConnectivityService( 2417): notifyType IP_CHANGED for NetworkAgentInfo [WIFI () - 100]
D/ConnectivityService( 2417): notifyType IP_CHANGED for NetworkAgentInfo [WIFI () - 100]
D/ConnectivityManager.CallbackHandler( 2650): CM callback handler got msg 524295
D/ConnectivityService( 2417): Setting Dns servers for network 100 to [/2001:558:feed::1, /2001:558:feed::2, /75.75.75.75, /75.75.76.76]
D/ConnectivityManager.CallbackHandler( 2650): CM callback handler got msg 524295
D/Nat464Xlat( 2417): requiresClat: netType=1, connected=true, hasIPv4Address=true
D/ConnectivityService( 2417): notifyType IP_CHANGED for NetworkAgentInfo [WIFI () - 100]
D/ConnectivityManager.CallbackHandler( 2650): CM callback handler got msg 524295
D/ConnectivityService( 2417): notifyType IP_CHANGED for NetworkAgentInfo [WIFI () - 100]
D/ConnectivityManager.CallbackHandler( 2650): CM callback handler got msg 524295
I/SurfaceFlinger(  257): FPS: 2
I/SurfaceFlinger(  257): FPS: 3
W/bt-smp  ( 3561): Key(LSB ~ MSB) = 7b 20 8c 56 7a 29 4d b9 52 fb 9f 6b 6e 1d 34 7e 
W/bt-smp  ( 3561): Plain text(LSB ~ MSB) = 6f 4b 70 00 00 00 00 00 00 00 00 00 00 00 00 00 
W/bt-smp  ( 3561): Encrypted text(LSB ~ MSB) = b8 99 ec 0b 3b 3e e5 ec 88 57 be 93 da a3 64 f3 
W/bt-btm  ( 3561): Stopping oneshot timer
I/SurfaceFlinger(  257): FPS: 2
D/ConnectivityService( 2417): Setting Dns servers for network 100 to [/2001:558:feed::1, /75.75.75.75, /75.75.76.76]
D/Nat464Xlat( 2417): requiresClat: netType=1, connected=true, hasIPv4Address=true
D/ConnectivityService( 2417): notifyType IP_CHANGED for NetworkAgentInfo [WIFI () - 100]
D/ConnectivityService( 2417): notifyType IP_CHANGED for NetworkAgentInfo [WIFI () - 100]
D/ConnectivityManager.CallbackHandler( 2650): CM callback handler got msg 524295
D/ConnectivityService( 2417): Setting Dns servers for network 100 to [/2001:558:feed::1, /2001:558:feed::2, /75.75.75.75, /75.75.76.76]
D/ConnectivityManager.CallbackHandler( 2650): CM callback handler got msg 524295
D/Nat464Xlat( 2417): requiresClat: netType=1, connected=true, hasIPv4Address=true
D/ConnectivityService( 2417): notifyType IP_CHANGED for NetworkAgentInfo [WIFI () - 100]
D/ConnectivityService( 2417): notifyType IP_CHANGED for NetworkAgentInfo [WIFI () - 100]
D/ConnectivityManager.CallbackHandler( 2650): CM callback handler got msg 524295
D/ConnectivityManager.CallbackHandler( 2650): CM callback handler got msg 524295
I/SurfaceFlinger(  257): FPS: 2
I/SurfaceFlinger(  257): FPS: 4
I/SurfaceFlinger(  257): FPS: 2
I/ActivityManager( 2417): START u0 {act=android.intent.action.MAIN cat=[android.intent.category.HOME] flg=0x10200000 cmp=com.cyanogenmod.trebuchet/com.android.launcher3.Launcher} from uid 1000 on display 0
E/AudioTrack( 2417): AudioTrack::set : Exit
D/audio_hw_primary( 1861): out_set_parameters: enter: usecase(1: low-latency-playback) kvpairs: routing=2
D/audio_hw_primary( 1861): select_devices: out_snd_device(2: speaker) in_snd_device(0: none)
D/msm8974_platform( 1861): platform_send_audio_calibration: sending audio calibration for snd_device(2) acdb_id(15)
E/ACDB-LOADER( 1861): Error: ACDB AFE returned = -19
D/audio_hw_primary( 1861): enable_snd_device: snd_device(2: speaker)
D/audio_hw_primary( 1861): enable_audio_route: apply and update mixer path: low-latency-playback speaker
D/VoldCmdListener(  256): cryptfs getpwtype
D/VoldCmdListener(  256): cryptfs getpwtype
D/VoldCmdListener(  256): cryptfs getpwtype
D/VoldCmdListener(  256): cryptfs getpwtype
D/VoldCmdListener(  256): cryptfs getpwtype
D/VoldCmdListener(  256): cryptfs getpwtype
D/VoldCmdListener(  256): cryptfs getpwtype
D/VoldCmdListener(  256): cryptfs getpwtype
D/VoldCmdListener(  256): cryptfs getpwtype
D/VoldCmdListener(  256): cryptfs getpwtype
D/VoldCmdListener(  256): cryptfs getpwtype
D/VoldCmdListener(  256): cryptfs getpwtype
D/VoldCmdListener(  256): cryptfs getpwtype
D/VoldCmdListener(  256): cryptfs getpwtype
I/Timeline( 3043): Timeline: Activity_idle id: android.os.BinderProxy@3f271261 time:973875
D/VoldCmdListener(  256): cryptfs getpwtype
D/VoldCmdListener(  256): cryptfs getpwtype
D/VoldCmdListener(  256): cryptfs getpwtype
D/VoldCmdListener(  256): cryptfs getpwtype
D/VoldCmdListener(  256): cryptfs getpwtype
D/VoldCmdListener(  256): cryptfs getpwtype
D/VoldCmdListener(  256): cryptfs getpwtype
D/VoldCmdListener(  256): cryptfs getpwtype
W/IInputConnectionWrapper( 4925): showStatusIcon on inactive InputConnection
D/VoldCmdListener(  256): cryptfs getpwtype
D/VoldCmdListener(  256): cryptfs getpwtype
D/VoldCmdListener(  256): cryptfs getpwtype
D/VoldCmdListener(  256): cryptfs getpwtype
D/VoldCmdListener(  256): cryptfs getpwtype
D/VoldCmdListener(  256): cryptfs getpwtype
D/VoldCmdListener(  256): cryptfs getpwtype
D/VoldCmdListener(  256): cryptfs getpwtype
D/VoldCmdListener(  256): cryptfs getpwtype
D/VoldCmdListener(  256): cryptfs getpwtype
D/VoldCmdListener(  256): cryptfs getpwtype
D/VoldCmdListener(  256): cryptfs getpwtype
D/VoldCmdListener(  256): cryptfs getpwtype
D/VoldCmdListener(  256): cryptfs getpwtype
D/VoldCmdListener(  256): cryptfs getpwtype
D/VoldCmdListener(  256): cryptfs getpwtype
D/VoldCmdListener(  256): cryptfs getpwtype
D/VoldCmdListener(  256): cryptfs getpwtype
D/VoldCmdListener(  256): cryptfs getpwtype
D/VoldCmdListener(  256): cryptfs getpwtype
D/VoldCmdListener(  256): cryptfs getpwtype
D/VoldCmdListener(  256): cryptfs getpwtype
D/VoldCmdListener(  256): cryptfs getpwtype
D/VoldCmdListener(  256): cryptfs getpwtype
D/VoldCmdListener(  256): cryptfs getpwtype
D/VoldCmdListener(  256): cryptfs getpwtype
D/VoldCmdListener(  256): cryptfs getpwtype
D/VoldCmdListener(  256): cryptfs getpwtype
D/VoldCmdListener(  256): cryptfs getpwtype
I/Timeline( 2417): Timeline: Activity_windows_visible id: ActivityRecord{201d7457 u0 com.cyanogenmod.trebuchet/com.android.launcher3.Launcher t559} time:974175
D/VoldCmdListener(  256): cryptfs getpwtype
D/VoldCmdListener(  256): cryptfs getpwtype
D/VoldCmdListener(  256): cryptfs getpwtype
D/VoldCmdListener(  256): cryptfs getpwtype
D/VoldCmdListener(  256): cryptfs getpwtype
D/VoldCmdListener(  256): cryptfs getpwtype
D/VoldCmdListener(  256): cryptfs getpwtype
D/VoldCmdListener(  256): cryptfs getpwtype
D/GB.ImService( 4180): HEARTBEAT
D/VoldCmdListener(  256): cryptfs getpwtype
D/VoldCmdListener(  256): cryptfs getpwtype
D/VoldCmdListener(  256): cryptfs getpwtype
D/VoldCmdListener(  256): cryptfs getpwtype
D/VoldCmdListener(  256): cryptfs getpwtype
D/VoldCmdListener(  256): cryptfs getpwtype
D/VoldCmdListener(  256): cryptfs getpwtype
D/VoldCmdListener(  256): cryptfs getpwtype
D/VoldCmdListener(  256): cryptfs getpwtype
D/VoldCmdListener(  256): cryptfs getpwtype
D/VoldCmdListener(  256): cryptfs getpwtype
D/VoldCmdListener(  256): cryptfs getpwtype
D/VoldCmdListener(  256): cryptfs getpwtype
D/VoldCmdListener(  256): cryptfs getpwtype
D/VoldCmdListener(  256): cryptfs getpwtype
W/OpenGLRenderer( 3043): Incorrectly called buildLayer on View: ShortcutAndWidgetContainer, destroying layer...
D/VoldCmdListener(  256): cryptfs getpwtype
D/VoldCmdListener(  256): cryptfs getpwtype
D/VoldCmdListener(  256): cryptfs getpwtype
D/VoldCmdListener(  256): cryptfs getpwtype
D/VoldCmdListener(  256): cryptfs getpwtype
E/WifiStateMachine( 2417): WifiStateMachine CMD_START_SCAN source -2 txSuccessRate=0.00 rxSuccessRate=0.75 targetRoamBSSID=any RSSI=-54
E/WifiStateMachine( 2417): WifiStateMachine starting scan for "chloroform"WPA_PSK with 2412
I/wpa_supplicant( 2769): wlan0: CTRL-EVENT-SCAN-STARTED 
W/Twidere.StrictMode( 4416): Disk IO on main thread:
W/Twidere.StrictMode( 4416): 	 at org.mariotaku.twidere.util.StrictModeUtils.checkDiskIO(StrictModeUtils.java:35)
W/Twidere.StrictMode( 4416): 	 at org.mariotaku.twidere.util.content.ContentResolverUtils.query(ContentResolverUtils.java:99)
W/Twidere.StrictMode( 4416): 	 at org.mariotaku.twidere.util.Utils.getAccountIds(Utils.java:1346)
W/Twidere.StrictMode( 4416): Disk IO on main thread:
W/Twidere.StrictMode( 4416): 	 at org.mariotaku.twidere.util.StrictModeUtils.checkDiskIO(StrictModeUtils.java:35)
W/Twidere.StrictMode( 4416): 	 at org.mariotaku.twidere.util.content.ContentResolverUtils.query(ContentResolverUtils.java:99)
W/Twidere.StrictMode( 4416): 	 at org.mariotaku.twidere.util.Utils.getAccountIds(Utils.java:1346)
W/Twidere.StrictMode( 4416): Disk IO on main thread:
W/Twidere.StrictMode( 4416): 	 at org.mariotaku.twidere.util.StrictModeUtils.checkDiskIO(StrictModeUtils.java:35)
W/Twidere.StrictMode( 4416): 	 at org.mariotaku.twidere.util.content.ContentResolverUtils.query(ContentResolverUtils.java:99)
W/Twidere.StrictMode( 4416): 	 at org.mariotaku.twidere.util.Utils.getNewestStatusIdsFromDatabase(Utils.java:1967)
W/Twidere.StrictMode( 4416): Disk IO on main thread:
W/Twidere.StrictMode( 4416): 	 at org.mariotaku.twidere.util.StrictModeUtils.checkDiskIO(StrictModeUtils.java:35)
W/Twidere.StrictMode( 4416): 	 at org.mariotaku.twidere.util.content.ContentResolverUtils.query(ContentResolverUtils.java:99)
W/Twidere.StrictMode( 4416): 	 at org.mariotaku.twidere.util.Utils.getAccountIds(Utils.java:1346)
W/Twidere.StrictMode( 4416): Disk IO on main thread:
W/Twidere.StrictMode( 4416): 	 at org.mariotaku.twidere.util.StrictModeUtils.checkDiskIO(StrictModeUtils.java:35)
W/Twidere.StrictMode( 4416): 	 at org.mariotaku.twidere.util.content.ContentResolverUtils.query(ContentResolverUtils.java:99)
W/Twidere.StrictMode( 4416): 	 at org.mariotaku.twidere.util.Utils.getNewestMessageIdsFromDatabase(Utils.java:1938)
D/audio_hw_primary( 1861): disable_audio_route: reset and update mixer path: low-latency-playback speaker
D/audio_hw_primary( 1861): disable_snd_device: snd_device(2: speaker)
I/SurfaceFlinger(  257): FPS: 48
I/SurfaceFlinger(  257): FPS: 2
I/SurfaceFlinger(  257): FPS: 1
I/SurfaceFlinger(  257): FPS: 2
D/HeadsetStateMachine( 3561): Disconnected process message: 10, size: 0
I/SurfaceFlinger(  257): FPS: 2
E/WifiStateMachine( 2417): WifiStateMachine CMD_START_SCAN source -2 txSuccessRate=3.00 rxSuccessRate=3.22 targetRoamBSSID=any RSSI=-54
E/WifiStateMachine( 2417): WifiStateMachine starting scan for "chloroform"WPA_PSK with 2412
I/wpa_supplicant( 2769): wlan0: CTRL-EVENT-SCAN-STARTED 
I/SurfaceFlinger(  257): FPS: 1
I/SurfaceFlinger(  257): FPS: 1
I/SurfaceFlinger(  257): FPS: 2
I/SurfaceFlinger(  257): FPS: 1
I/SurfaceFlinger(  257): FPS: 1
E/WifiStateMachine( 2417): WifiStateMachine CMD_START_SCAN source -2 txSuccessRate=0.51 rxSuccessRate=0.20 targetRoamBSSID=any RSSI=-48
E/WifiStateMachine( 2417): WifiStateMachine starting scan for "chloroform"WPA_PSK with 2412
I/wpa_supplicant( 2769): wlan0: CTRL-EVENT-SCAN-STARTED 
I/SurfaceFlinger(  257): FPS: 1
I/SurfaceFlinger(  257): FPS: 1
E/WifiStateMachine( 2417): WifiStateMachine CMD_START_SCAN source -2 txSuccessRate=0.01 rxSuccessRate=0.00 targetRoamBSSID=any RSSI=-46
E/WifiStateMachine( 2417): WifiStateMachine starting scan for "chloroform"WPA_PSK with 2412
I/wpa_supplicant( 2769): wlan0: CTRL-EVENT-SCAN-STARTED 
D/GB.ImService( 4180): HEARTBEAT
D/HeadsetStateMachine( 3561): Disconnected process message: 10, size: 0
I/SurfaceFlinger(  257): FPS: 1
E/WifiStateMachine( 2417): WifiStateMachine CMD_START_SCAN source -2 txSuccessRate=0.00 rxSuccessRate=0.25 targetRoamBSSID=any RSSI=-49
E/WifiStateMachine( 2417): WifiStateMachine starting scan for "chloroform"WPA_PSK with 2412
I/wpa_supplicant( 2769): wlan0: CTRL-EVENT-SCAN-STARTED 
D/ConnectivityService( 2417): Setting Dns servers for network 100 to [/2001:558:feed::1, /75.75.75.75, /75.75.76.76]
D/Nat464Xlat( 2417): requiresClat: netType=1, connected=true, hasIPv4Address=true
D/ConnectivityService( 2417): notifyType IP_CHANGED for NetworkAgentInfo [WIFI () - 100]
D/ConnectivityService( 2417): notifyType IP_CHANGED for NetworkAgentInfo [WIFI () - 100]
D/ConnectivityManager.CallbackHandler( 2650): CM callback handler got msg 524295
D/ConnectivityManager.CallbackHandler( 2650): CM callback handler got msg 524295
D/ConnectivityService( 2417): Setting Dns servers for network 100 to [/2001:558:feed::1, /2001:558:feed::2, /75.75.75.75, /75.75.76.76]
D/Nat464Xlat( 2417): requiresClat: netType=1, connected=true, hasIPv4Address=true
D/ConnectivityService( 2417): notifyType IP_CHANGED for NetworkAgentInfo [WIFI () - 100]
D/ConnectivityManager.CallbackHandler( 2650): CM callback handler got msg 524295
D/ConnectivityService( 2417): notifyType IP_CHANGED for NetworkAgentInfo [WIFI () - 100]
D/ConnectivityManager.CallbackHandler( 2650): CM callback handler got msg 524295
I/SurfaceFlinger(  257): FPS: 1
I/SurfaceFlinger(  257): FPS: 1
I/SurfaceFlinger(  257): FPS: 1
E/WifiStateMachine( 2417): WifiStateMachine CMD_START_SCAN source -2 txSuccessRate=0.00 rxSuccessRate=0.00 targetRoamBSSID=any RSSI=-50
E/WifiStateMachine( 2417): WifiStateMachine starting scan for "chloroform"WPA_PSK with 2412
I/wpa_supplicant( 2769): wlan0: CTRL-EVENT-SCAN-STARTED 
D/ConnectivityService( 2417): Setting Dns servers for network 100 to [/2001:558:feed::1, /75.75.75.75, /75.75.76.76]
D/Nat464Xlat( 2417): requiresClat: netType=1, connected=true, hasIPv4Address=true
D/ConnectivityService( 2417): notifyType IP_CHANGED for NetworkAgentInfo [WIFI () - 100]
D/ConnectivityService( 2417): notifyType IP_CHANGED for NetworkAgentInfo [WIFI () - 100]
D/ConnectivityService( 2417): Setting Dns servers for network 100 to [/2001:558:feed::1, /2001:558:feed::2, /75.75.75.75, /75.75.76.76]
D/ConnectivityManager.CallbackHandler( 2650): CM callback handler got msg 524295
D/ConnectivityManager.CallbackHandler( 2650): CM callback handler got msg 524295
D/Nat464Xlat( 2417): requiresClat: netType=1, connected=true, hasIPv4Address=true
D/ConnectivityService( 2417): notifyType IP_CHANGED for NetworkAgentInfo [WIFI () - 100]
D/ConnectivityService( 2417): notifyType IP_CHANGED for NetworkAgentInfo [WIFI () - 100]
D/ConnectivityManager.CallbackHandler( 2650): CM callback handler got msg 524295
D/ConnectivityManager.CallbackHandler( 2650): CM callback handler got msg 524295
I/SurfaceFlinger(  257): FPS: 1
I/SurfaceFlinger(  257): FPS: 1
E/WifiStateMachine( 2417): WifiStateMachine CMD_START_SCAN source -2 txSuccessRate=0.00 rxSuccessRate=0.28 targetRoamBSSID=any RSSI=-47
E/WifiStateMachine( 2417): WifiStateMachine starting scan for "chloroform"WPA_PSK with 2412
I/wpa_supplicant( 2769): wlan0: CTRL-EVENT-SCAN-STARTED 
D/ConnectivityService( 2417): Setting Dns servers for network 100 to [/2001:558:feed::1, /75.75.75.75, /75.75.76.76]
D/Nat464Xlat( 2417): requiresClat: netType=1, connected=true, hasIPv4Address=true
D/ConnectivityService( 2417): notifyType IP_CHANGED for NetworkAgentInfo [WIFI () - 100]
D/ConnectivityManager.CallbackHandler( 2650): CM callback handler got msg 524295
D/ConnectivityService( 2417): notifyType IP_CHANGED for NetworkAgentInfo [WIFI () - 100]
D/ConnectivityManager.CallbackHandler( 2650): CM callback handler got msg 524295
D/ConnectivityService( 2417): Setting Dns servers for network 100 to [/2001:558:feed::1, /2001:558:feed::2, /75.75.75.75, /75.75.76.76]
D/Nat464Xlat( 2417): requiresClat: netType=1, connected=true, hasIPv4Address=true
D/ConnectivityService( 2417): notifyType IP_CHANGED for NetworkAgentInfo [WIFI () - 100]
D/ConnectivityService( 2417): notifyType IP_CHANGED for NetworkAgentInfo [WIFI () - 100]
D/ConnectivityManager.CallbackHandler( 2650): CM callback handler got msg 524295
D/ConnectivityManager.CallbackHandler( 2650): CM callback handler got msg 524295
I/SurfaceFlinger(  257): FPS: 1
I/SurfaceFlinger(  257): FPS: 1
D/ConnectivityService( 2417): Setting Dns servers for network 100 to [/2001:558:feed::1, /75.75.75.75, /75.75.76.76]
D/Nat464Xlat( 2417): requiresClat: netType=1, connected=true, hasIPv4Address=true
D/ConnectivityService( 2417): notifyType IP_CHANGED for NetworkAgentInfo [WIFI () - 100]
D/ConnectivityService( 2417): notifyType IP_CHANGED for NetworkAgentInfo [WIFI () - 100]
D/ConnectivityService( 2417): Setting Dns servers for network 100 to [/2001:558:feed::1, /2001:558:feed::2, /75.75.75.75, /75.75.76.76]
D/ConnectivityManager.CallbackHandler( 2650): CM callback handler got msg 524295
D/ConnectivityManager.CallbackHandler( 2650): CM callback handler got msg 524295
D/Nat464Xlat( 2417): requiresClat: netType=1, connected=true, hasIPv4Address=true
D/ConnectivityService( 2417): notifyType IP_CHANGED for NetworkAgentInfo [WIFI () - 100]
D/ConnectivityService( 2417): notifyType IP_CHANGED for NetworkAgentInfo [WIFI () - 100]
D/ConnectivityManager.CallbackHandler( 2650): CM callback handler got msg 524295
D/ConnectivityManager.CallbackHandler( 2650): CM callback handler got msg 524295
I/SurfaceFlinger(  257): FPS: 1
D/GB.ImService( 4180): HEARTBEAT
D/HeadsetStateMachine( 3561): Disconnected process message: 10, size: 0
I/SurfaceFlinger(  257): FPS: 2
I/SurfaceFlinger(  257): FPS: 1
E/WifiStateMachine( 2417): WifiStateMachine CMD_START_SCAN source -2 txSuccessRate=1.00 rxSuccessRate=0.53 targetRoamBSSID=any RSSI=-48
E/WifiStateMachine( 2417): WifiStateMachine starting scan for "chloroform"WPA_PSK with 2412
I/wpa_supplicant( 2769): wlan0: CTRL-EVENT-SCAN-STARTED 
I/SurfaceFlinger(  257): FPS: 1
I/SurfaceFlinger(  257): FPS: 1
I/SurfaceFlinger(  257): FPS: 1
I/SurfaceFlinger(  257): FPS: 1
I/SurfaceFlinger(  257): FPS: 1
I/SurfaceFlinger(  257): FPS: 1
E/WifiStateMachine( 2417): WifiStateMachine CMD_START_SCAN source -2 txSuccessRate=0.91 rxSuccessRate=0.14 targetRoamBSSID=any RSSI=-46
E/WifiStateMachine( 2417): WifiStateMachine starting scan for "chloroform"WPA_PSK with 2412
I/wpa_supplicant( 2769): wlan0: CTRL-EVENT-SCAN-STARTED 
D/ConnectivityService( 2417): Setting Dns servers for network 100 to [/2001:558:feed::1, /75.75.75.75, /75.75.76.76]
D/Nat464Xlat( 2417): requiresClat: netType=1, connected=true, hasIPv4Address=true
D/ConnectivityService( 2417): notifyType IP_CHANGED for NetworkAgentInfo [WIFI () - 100]
D/ConnectivityService( 2417): notifyType IP_CHANGED for NetworkAgentInfo [WIFI () - 100]
D/ConnectivityManager.CallbackHandler( 2650): CM callback handler got msg 524295
D/ConnectivityService( 2417): Setting Dns servers for network 100 to [/2001:558:feed::1, /2001:558:feed::2, /75.75.75.75, /75.75.76.76]
D/ConnectivityManager.CallbackHandler( 2650): CM callback handler got msg 524295
D/Nat464Xlat( 2417): requiresClat: netType=1, connected=true, hasIPv4Address=true
D/ConnectivityService( 2417): notifyType IP_CHANGED for NetworkAgentInfo [WIFI () - 100]
D/ConnectivityManager.CallbackHandler( 2650): CM callback handler got msg 524295
D/ConnectivityService( 2417): notifyType IP_CHANGED for NetworkAgentInfo [WIFI () - 100]
D/ConnectivityManager.CallbackHandler( 2650): CM callback handler got msg 524295
I/SurfaceFlinger(  257): FPS: 1
E/WifiStateMachine( 2417): WifiStateMachine CMD_START_SCAN source -2 txSuccessRate=0.01 rxSuccessRate=0.03 targetRoamBSSID=any RSSI=-48
E/WifiStateMachine( 2417): WifiStateMachine starting scan for "chloroform"WPA_PSK with 2412
I/wpa_supplicant( 2769): wlan0: CTRL-EVENT-SCAN-STARTED 
D/HeadsetStateMachine( 3561): Disconnected process message: 10, size: 0
I/SurfaceFlinger(  257): FPS: 2
D/GB.ImService( 4180): HEARTBEAT
D/ConnectivityService( 2417): Setting Dns servers for network 100 to [/2001:558:feed::1, /75.75.75.75, /75.75.76.76]
D/Nat464Xlat( 2417): requiresClat: netType=1, connected=true, hasIPv4Address=true
D/ConnectivityService( 2417): notifyType IP_CHANGED for NetworkAgentInfo [WIFI () - 100]
D/ConnectivityService( 2417): notifyType IP_CHANGED for NetworkAgentInfo [WIFI () - 100]
D/ConnectivityManager.CallbackHandler( 2650): CM callback handler got msg 524295
D/ConnectivityService( 2417): Setting Dns servers for network 100 to [/2001:558:feed::1, /2001:558:feed::2, /75.75.75.75, /75.75.76.76]
I/SurfaceFlinger(  257): FPS: 1
D/ConnectivityManager.CallbackHandler( 2650): CM callback handler got msg 524295
D/Nat464Xlat( 2417): requiresClat: netType=1, connected=true, hasIPv4Address=true
D/ConnectivityService( 2417): notifyType IP_CHANGED for NetworkAgentInfo [WIFI () - 100]
D/ConnectivityManager.CallbackHandler( 2650): CM callback handler got msg 524295
D/ConnectivityService( 2417): notifyType IP_CHANGED for NetworkAgentInfo [WIFI () - 100]
D/ConnectivityManager.CallbackHandler( 2650): CM callback handler got msg 524295
I/SurfaceFlinger(  257): FPS: 2
D/ConnectivityService( 2417): Setting Dns servers for network 100 to [/2001:558:feed::1, /75.75.75.75, /75.75.76.76]
D/Nat464Xlat( 2417): requiresClat: netType=1, connected=true, hasIPv4Address=true
D/ConnectivityService( 2417): notifyType IP_CHANGED for NetworkAgentInfo [WIFI () - 100]
D/ConnectivityManager.CallbackHandler( 2650): CM callback handler got msg 524295
D/ConnectivityService( 2417): notifyType IP_CHANGED for NetworkAgentInfo [WIFI () - 100]
D/ConnectivityManager.CallbackHandler( 2650): CM callback handler got msg 524295
D/ConnectivityService( 2417): Setting Dns servers for network 100 to [/2001:558:feed::1, /2001:558:feed::2, /75.75.75.75, /75.75.76.76]
D/Nat464Xlat( 2417): requiresClat: netType=1, connected=true, hasIPv4Address=true
D/ConnectivityService( 2417): notifyType IP_CHANGED for NetworkAgentInfo [WIFI () - 100]
D/ConnectivityService( 2417): notifyType IP_CHANGED for NetworkAgentInfo [WIFI () - 100]
D/ConnectivityManager.CallbackHandler( 2650): CM callback handler got msg 524295
D/ConnectivityManager.CallbackHandler( 2650): CM callback handler got msg 524295
I/SurfaceFlinger(  257): FPS: 1
I/SurfaceFlinger(  257): FPS: 2
E/WifiStateMachine( 2417): WifiStateMachine CMD_START_SCAN source -2 txSuccessRate=0.00 rxSuccessRate=0.20 targetRoamBSSID=any RSSI=-47
E/WifiStateMachine( 2417): WifiStateMachine starting scan for "chloroform"WPA_PSK with 2412
I/wpa_supplicant( 2769): wlan0: CTRL-EVENT-SCAN-STARTED 
I/SurfaceFlinger(  257): FPS: 1
E/WifiStateMachine( 2417): WifiStateMachine CMD_START_SCAN source -2 txSuccessRate=0.00 rxSuccessRate=0.25 targetRoamBSSID=any RSSI=-47
E/WifiStateMachine( 2417): WifiStateMachine starting scan for "chloroform"WPA_PSK with 2412
I/wpa_supplicant( 2769): wlan0: CTRL-EVENT-SCAN-STARTED 
D/ConnectivityService( 2417): Setting Dns servers for network 100 to [/2001:558:feed::1, /75.75.75.75, /75.75.76.76]
D/Nat464Xlat( 2417): requiresClat: netType=1, connected=true, hasIPv4Address=true
D/ConnectivityService( 2417): notifyType IP_CHANGED for NetworkAgentInfo [WIFI () - 100]
D/ConnectivityService( 2417): notifyType IP_CHANGED for NetworkAgentInfo [WIFI () - 100]
D/ConnectivityManager.CallbackHandler( 2650): CM callback handler got msg 524295
D/ConnectivityManager.CallbackHandler( 2650): CM callback handler got msg 524295
D/ConnectivityService( 2417): Setting Dns servers for network 100 to [/2001:558:feed::1, /2001:558:feed::2, /75.75.75.75, /75.75.76.76]
D/Nat464Xlat( 2417): requiresClat: netType=1, connected=true, hasIPv4Address=true
D/ConnectivityService( 2417): notifyType IP_CHANGED for NetworkAgentInfo [WIFI () - 100]
D/ConnectivityManager.CallbackHandler( 2650): CM callback handler got msg 524295
D/ConnectivityService( 2417): notifyType IP_CHANGED for NetworkAgentInfo [WIFI () - 100]
D/ConnectivityManager.CallbackHandler( 2650): CM callback handler got msg 524295
I/SurfaceFlinger(  257): FPS: 1
I/SurfaceFlinger(  257): FPS: 1
I/SurfaceFlinger(  257): FPS: 1
I/SurfaceFlinger(  257): FPS: 1
I/SurfaceFlinger(  257): FPS: 1
D/HeadsetStateMachine( 3561): Disconnected process message: 10, size: 0
E/WifiStateMachine( 2417): WifiStateMachine CMD_START_SCAN source -2 txSuccessRate=0.00 rxSuccessRate=0.24 targetRoamBSSID=any RSSI=-63
I/wpa_supplicant( 2769): wlan0: CTRL-EVENT-SCAN-STARTED 
I/SurfaceFlinger(  257): FPS: 2
D/HeadsetStateMachine( 3561): Disconnected process message: 10, size: 0
D/GB.ImService( 4180): HEARTBEAT
I/SurfaceFlinger(  257): FPS: 2
I/SurfaceFlinger(  257): FPS: 1
E/WifiStateMachine( 2417): WifiStateMachine CMD_START_SCAN source -2 txSuccessRate=1.50 rxSuccessRate=1.00 targetRoamBSSID=any RSSI=-47
E/WifiStateMachine( 2417): WifiStateMachine starting scan for "chloroform"WPA_PSK with 2412
I/wpa_supplicant( 2769): wlan0: CTRL-EVENT-SCAN-STARTED 
D/ConnectivityService( 2417): Setting Dns servers for network 100 to [/2001:558:feed::1, /75.75.75.75, /75.75.76.76]
D/Nat464Xlat( 2417): requiresClat: netType=1, connected=true, hasIPv4Address=true
D/ConnectivityService( 2417): notifyType IP_CHANGED for NetworkAgentInfo [WIFI () - 100]
D/ConnectivityManager.CallbackHandler( 2650): CM callback handler got msg 524295
D/ConnectivityService( 2417): notifyType IP_CHANGED for NetworkAgentInfo [WIFI () - 100]
D/ConnectivityManager.CallbackHandler( 2650): CM callback handler got msg 524295
D/ConnectivityService( 2417): Setting Dns servers for network 100 to [/2001:558:feed::1, /2001:558:feed::2, /75.75.75.75, /75.75.76.76]
D/Nat464Xlat( 2417): requiresClat: netType=1, connected=true, hasIPv4Address=true
D/ConnectivityService( 2417): notifyType IP_CHANGED for NetworkAgentInfo [WIFI () - 100]
D/ConnectivityService( 2417): notifyType IP_CHANGED for NetworkAgentInfo [WIFI () - 100]
D/ConnectivityManager.CallbackHandler( 2650): CM callback handler got msg 524295
D/ConnectivityManager.CallbackHandler( 2650): CM callback handler got msg 524295
I/SurfaceFlinger(  257): FPS: 1
I/SurfaceFlinger(  257): FPS: 1
I/SurfaceFlinger(  257): FPS: 1
I/SurfaceFlinger(  257): FPS: 1
I/SurfaceFlinger(  257): FPS: 1
I/SurfaceFlinger(  257): FPS: 1
E/WifiStateMachine( 2417): WifiStateMachine CMD_START_SCAN source -2 txSuccessRate=0.79 rxSuccessRate=0.25 targetRoamBSSID=any RSSI=-52
E/WifiStateMachine( 2417): WifiStateMachine starting scan for "chloroform"WPA_PSK with 2412
I/wpa_supplicant( 2769): wlan0: CTRL-EVENT-SCAN-STARTED 
I/SurfaceFlinger(  257): FPS: 2
I/SurfaceFlinger(  257): FPS: 1
I/UsageStatsService( 2417): User[0] Flushing usage stats to disk
E/WifiStateMachine( 2417): WifiStateMachine CMD_START_SCAN source -2 txSuccessRate=0.04 rxSuccessRate=0.00 targetRoamBSSID=any RSSI=-46
E/WifiStateMachine( 2417): WifiStateMachine starting scan for "chloroform"WPA_PSK with 2412
I/wpa_supplicant( 2769): wlan0: CTRL-EVENT-SCAN-STARTED 
D/HeadsetStateMachine( 3561): Disconnected process message: 10, size: 0
I/SurfaceFlinger(  257): FPS: 1
I/PowerManagerService( 2417): Going to sleep due to screen timeout (uid 1000)...
I/SurfaceFlinger(  257): FPS: 1
I/Adreno  ( 2417): EGLInit: QTI Build: 10/14/14, 40a273b, I86da836d38
I/DisplayManagerService( 2417): Display device changed: DisplayDeviceInfo{"Built-in Screen": 1440 x 2560, 60.0 fps, supportedRefreshRates [60.0], density 560, 494.27 x 492.606 dpi, appVsyncOff 7500000, presDeadline 12666667, touch INTERNAL, rotation 0, type BUILT_IN, state OFF, FLAG_DEFAULT_DISPLAY, FLAG_ROTATES_WITH_CONTENT, FLAG_SECURE, FLAG_SUPPORTS_PROTECTED_BUFFERS}
V/ActivityManager( 2417): Display changed displayId=0
D/SurfaceFlinger(  257): Set power mode=0, type=0 flinger=0xb6962000
D/qdhwcomposer(  257): hwc_setPowerMode: Setting mode 0 on display: 0
D/VoldCmdListener(  256): cryptfs getpwtype
D/GB.ImService( 4180): HEARTBEAT
D/VoldCmdListener(  256): cryptfs getpwtype
D/VoldCmdListener(  256): cryptfs getpwtype
D/VoldCmdListener(  256): cryptfs getpwtype
D/VoldCmdListener(  256): cryptfs getpwtype
D/VoldCmdListener(  256): cryptfs getpwtype
D/VoldCmdListener(  256): cryptfs getpwtype
I/qdhwcomposer(  257): handle_blank_event: dpy:0 panel power state: 0
D/qdhwcomposer(  257): hwc_setPowerMode: Done setting mode 0 on display 0
D/SurfaceControl( 2417): Excessive delay in setPowerMode(): 271ms
I/DreamManagerService( 2417): Entering dreamland.
I/PowerManagerService( 2417): Dozing...
I/DreamController( 2417): Starting dream: name=ComponentInfo{com.android.systemui/com.android.systemui.doze.DozeService}, isTest=false, canDoze=true, userId=0
D/VoldCmdListener(  256): cryptfs getpwtype
D/VoldCmdListener(  256): cryptfs getpwtype
D/VoldCmdListener(  256): cryptfs getpwtype
D/VoldCmdListener(  256): cryptfs getpwtype
D/VoldCmdListener(  256): cryptfs getpwtype
D/NfcService( 2893): Discovery configuration equal, not updating.
D/VoldCmdListener(  256): cryptfs getpwtype
D/VoldCmdListener(  256): cryptfs getpwtype
D/VoldCmdListener(  256): cryptfs getpwtype
D/VoldCmdListener(  256): cryptfs getpwtype
D/VoldCmdListener(  256): cryptfs getpwtype
D/VoldCmdListener(  256): cryptfs getpwtype
D/VoldCmdListener(  256): cryptfs getpwtype
D/VoldCmdListener(  256): cryptfs getpwtype
D/VoldCmdListener(  256): cryptfs getpwtype
W/Settings( 2650): Setting airplane_mode_on has moved from android.provider.Settings.System to android.provider.Settings.Global, returning read-only value.
D/audio_hw_primary( 1861): adev_set_parameters: enter: screen_state=on
E/audio_a2dp_hw( 1861): adev_set_parameters: ERROR: set param called even when stream out is null
D/mot_vr_audio_hw( 1861): adev_set_parameters: screen_state=on
E/native  ( 2417): do suspend false
D/audio_hw_primary( 1861): adev_set_parameters: enter: screen_state=off
E/audio_a2dp_hw( 1861): adev_set_parameters: ERROR: set param called even when stream out is null
D/mot_vr_audio_hw( 1861): adev_set_parameters: screen_state=off
E/native  ( 2417): do suspend true
D/VoldCmdListener(  256): cryptfs getpwtype
D/VoldCmdListener(  256): cryptfs getpwtype
D/PhoneStatusBar( 2650): disable: < expand ICONS* alerts SYSTEM_INFO* back home recent clock search >
W/Settings( 2650): Setting airplane_mode_on has moved from android.provider.Settings.System to android.provider.Settings.Global, returning read-only value.
D/VoldCmdListener(  256): cryptfs getpwtype
W/Settings( 2650): Setting airplane_mode_on has moved from android.provider.Settings.System to android.provider.Settings.Global, returning read-only value.
I/art     ( 2417): Background sticky concurrent mark sweep GC freed 253116(11MB) AllocSpace objects, 6(96KB) LOS objects, 15% free, 42MB/50MB, paused 1.874ms total 119.200ms
D/VoldCmdListener(  256): cryptfs getpwtype
W/Settings( 2650): Setting airplane_mode_on has moved from android.provider.Settings.System to android.provider.Settings.Global, returning read-only value.
D/VoldCmdListener(  256): cryptfs getpwtype
D/VoldCmdListener(  256): cryptfs getpwtype
W/Settings( 2650): Setting airplane_mode_on has moved from android.provider.Settings.System to android.provider.Settings.Global, returning read-only value.
D/VoldCmdListener(  256): cryptfs getpwtype
D/VoldCmdListener(  256): cryptfs getpwtype
D/VoldCmdListener(  256): cryptfs getpwtype
D/VoldCmdListener(  256): cryptfs getpwtype
D/VoldCmdListener(  256): cryptfs getpwtype
I/SurfaceFlinger(  257): FPS: 31
D/VoldCmdListener(  256): cryptfs getpwtype
D/VoldCmdListener(  256): cryptfs getpwtype
D/VoldCmdListener(  256): cryptfs getpwtype
D/VoldCmdListener(  256): cryptfs getpwtype
D/VoldCmdListener(  256): cryptfs getpwtype
D/VoldCmdListener(  256): cryptfs getpwtype
D/VoldCmdListener(  256): cryptfs getpwtype
D/PhoneStatusBar( 2650): disable: < expand ICONS alerts SYSTEM_INFO back HOME* RECENT* clock SEARCH* >
D/VoldCmdListener(  256): cryptfs getpwtype
D/VoldCmdListener(  256): cryptfs getpwtype
D/VoldCmdListener(  256): cryptfs getpwtype
D/VoldCmdListener(  256): cryptfs getpwtype
D/VoldCmdListener(  256): cryptfs getpwtype
D/VoldCmdListener(  256): cryptfs getpwtype
D/VoldCmdListener(  256): cryptfs getpwtype
D/VoldCmdListener(  256): cryptfs getpwtype
D/VoldCmdListener(  256): cryptfs getpwtype
D/VoldCmdListener(  256): cryptfs getpwtype
D/VoldCmdListener(  256): cryptfs getpwtype
D/VoldCmdListener(  256): cryptfs getpwtype
D/HeadsetStateMachine( 3561): Disconnected process message: 10, size: 0
D/GB.ImService( 4180): HEARTBEAT
D/ConnectivityService( 2417): Setting Dns servers for network 100 to [/2001:558:feed::1, /75.75.75.75, /75.75.76.76]
D/Nat464Xlat( 2417): requiresClat: netType=1, connected=true, hasIPv4Address=true
D/ConnectivityService( 2417): notifyType IP_CHANGED for NetworkAgentInfo [WIFI () - 100]
D/ConnectivityManager.CallbackHandler( 2650): CM callback handler got msg 524295
D/ConnectivityService( 2417): notifyType IP_CHANGED for NetworkAgentInfo [WIFI () - 100]
D/ConnectivityManager.CallbackHandler( 2650): CM callback handler got msg 524295
D/ConnectivityService( 2417): Setting Dns servers for network 100 to [/2001:558:feed::1, /2001:558:feed::2, /75.75.75.75, /75.75.76.76]
D/Nat464Xlat( 2417): requiresClat: netType=1, connected=true, hasIPv4Address=true
D/ConnectivityService( 2417): notifyType IP_CHANGED for NetworkAgentInfo [WIFI () - 100]
D/ConnectivityManager.CallbackHandler( 2650): CM callback handler got msg 524295
D/ConnectivityService( 2417): notifyType IP_CHANGED for NetworkAgentInfo [WIFI () - 100]
D/ConnectivityManager.CallbackHandler( 2650): CM callback handler got msg 524295
D/ConnectivityService( 2417): Setting Dns servers for network 100 to [/2001:558:feed::1, /75.75.75.75, /75.75.76.76]
D/Nat464Xlat( 2417): requiresClat: netType=1, connected=true, hasIPv4Address=true
D/ConnectivityService( 2417): notifyType IP_CHANGED for NetworkAgentInfo [WIFI () - 100]
D/ConnectivityManager.CallbackHandler( 2650): CM callback handler got msg 524295
D/ConnectivityService( 2417): notifyType IP_CHANGED for NetworkAgentInfo [WIFI () - 100]
D/ConnectivityManager.CallbackHandler( 2650): CM callback handler got msg 524295
D/ConnectivityService( 2417): Setting Dns servers for network 100 to [/2001:558:feed::1, /2001:558:feed::2, /75.75.75.75, /75.75.76.76]
D/Nat464Xlat( 2417): requiresClat: netType=1, connected=true, hasIPv4Address=true
D/ConnectivityService( 2417): notifyType IP_CHANGED for NetworkAgentInfo [WIFI () - 100]
D/ConnectivityManager.CallbackHandler( 2650): CM callback handler got msg 524295
D/ConnectivityService( 2417): notifyType IP_CHANGED for NetworkAgentInfo [WIFI () - 100]
D/ConnectivityManager.CallbackHandler( 2650): CM callback handler got msg 524295
D/ConnectivityService( 2417): Setting Dns servers for network 100 to [/2001:558:feed::1, /75.75.75.75, /75.75.76.76]
D/Nat464Xlat( 2417): requiresClat: netType=1, connected=true, hasIPv4Address=true
D/ConnectivityService( 2417): notifyType IP_CHANGED for NetworkAgentInfo [WIFI () - 100]
D/ConnectivityManager.CallbackHandler( 2650): CM callback handler got msg 524295
D/ConnectivityService( 2417): notifyType IP_CHANGED for NetworkAgentInfo [WIFI () - 100]
D/ConnectivityManager.CallbackHandler( 2650): CM callback handler got msg 524295
D/ConnectivityService( 2417): Setting Dns servers for network 100 to [/2001:558:feed::1, /2001:558:feed::2, /75.75.75.75, /75.75.76.76]
D/Nat464Xlat( 2417): requiresClat: netType=1, connected=true, hasIPv4Address=true
D/ConnectivityService( 2417): notifyType IP_CHANGED for NetworkAgentInfo [WIFI () - 100]
D/ConnectivityManager.CallbackHandler( 2650): CM callback handler got msg 524295
D/ConnectivityService( 2417): notifyType IP_CHANGED for NetworkAgentInfo [WIFI () - 100]
D/ConnectivityManager.CallbackHandler( 2650): CM callback handler got msg 524295
D/HeadsetStateMachine( 3561): Disconnected process message: 10, size: 0
D/GB.ImService( 4180): HEARTBEAT
I/wpa_supplicant( 2769): wlan0: WPA: Group rekeying completed with 94:87:7c:3f:b4:c0 [GTK=TKIP]
D/ConnectivityService( 2417): Setting Dns servers for network 100 to [/2001:558:feed::1, /75.75.75.75, /75.75.76.76]
D/Nat464Xlat( 2417): requiresClat: netType=1, connected=true, hasIPv4Address=true
D/ConnectivityService( 2417): notifyType IP_CHANGED for NetworkAgentInfo [WIFI () - 100]
D/ConnectivityManager.CallbackHandler( 2650): CM callback handler got msg 524295
D/ConnectivityService( 2417): notifyType IP_CHANGED for NetworkAgentInfo [WIFI () - 100]
D/ConnectivityManager.CallbackHandler( 2650): CM callback handler got msg 524295
D/ConnectivityService( 2417): Setting Dns servers for network 100 to [/2001:558:feed::1, /2001:558:feed::2, /75.75.75.75, /75.75.76.76]
D/Nat464Xlat( 2417): requiresClat: netType=1, connected=true, hasIPv4Address=true
D/ConnectivityService( 2417): notifyType IP_CHANGED for NetworkAgentInfo [WIFI () - 100]
D/ConnectivityManager.CallbackHandler( 2650): CM callback handler got msg 524295
D/ConnectivityService( 2417): notifyType IP_CHANGED for NetworkAgentInfo [WIFI () - 100]
D/ConnectivityManager.CallbackHandler( 2650): CM callback handler got msg 524295
I/PowerManagerService( 2417): Waking up from dozing (uid 1000)...
V/KeyguardServiceDelegate( 2417): onScreenTurnedOn(showListener = com.android.internal.policy.impl.PhoneWindowManager$2@1e8aec6d)
I/DisplayPowerController( 2417): Blocking screen on until initial contents have been drawn.
D/SurfaceFlinger(  257): Set power mode=2, type=0 flinger=0xb6962000
D/qdhwcomposer(  257): hwc_setPowerMode: Setting mode 2 on display: 0
D/VoldCmdListener(  256): cryptfs getpwtype
D/VoldCmdListener(  256): cryptfs getpwtype
V/KeyguardServiceDelegate( 2417): **** SHOWN CALLED ****
D/VoldCmdListener(  256): cryptfs getpwtype
D/VoldCmdListener(  256): cryptfs getpwtype
D/VoldCmdListener(  256): cryptfs getpwtype
I/DisplayManagerService( 2417): Display device changed: DisplayDeviceInfo{"Built-in Screen": 1440 x 2560, 60.0 fps, supportedRefreshRates [60.0], density 560, 494.27 x 492.606 dpi, appVsyncOff 7500000, presDeadline 12666667, touch INTERNAL, rotation 0, type BUILT_IN, state ON, FLAG_DEFAULT_DISPLAY, FLAG_ROTATES_WITH_CONTENT, FLAG_SECURE, FLAG_SUPPORTS_PROTECTED_BUFFERS}
V/ActivityManager( 2417): Display changed displayId=0
D/BrcmNfcJni( 2893): RoutingManager::nfaEeCallback: NFA_EE_SET_TECH_CFG_EVT; status=0x0
D/BrcmNfcJni( 2893): RoutingManager::nfaEeCallback: NFA_EE_SET_PROTO_CFG_EVT; status=0x0
D/BrcmNfcJni( 2893): RoutingManager::commitRouting
D/VoldCmdListener(  256): cryptfs getpwtype
D/VoldCmdListener(  256): cryptfs getpwtype
D/VoldCmdListener(  256): cryptfs getpwtype
D/VoldCmdListener(  256): cryptfs getpwtype
D/VoldCmdListener(  256): cryptfs getpwtype
D/VoldCmdListener(  256): cryptfs getpwtype
D/BrcmNfcJni( 2893): RoutingManager::nfaEeCallback: NFA_EE_UPDATED_EVT
D/VoldCmdListener(  256): cryptfs getpwtype
D/VoldCmdListener(  256): cryptfs getpwtype
D/VoldCmdListener(  256): cryptfs getpwtype
D/VoldCmdListener(  256): cryptfs getpwtype
D/VoldCmdListener(  256): cryptfs getpwtype
D/VoldCmdListener(  256): cryptfs getpwtype
D/VoldCmdListener(  256): cryptfs getpwtype
D/VoldCmdListener(  256): cryptfs getpwtype
D/VoldCmdListener(  256): cryptfs getpwtype
D/VoldCmdListener(  256): cryptfs getpwtype
D/VoldCmdListener(  256): cryptfs getpwtype
D/VoldCmdListener(  256): cryptfs getpwtype
D/audio_hw_primary( 1861): adev_set_parameters: enter: screen_state=on
E/audio_a2dp_hw( 1861): adev_set_parameters: ERROR: set param called even when stream out is null
D/mot_vr_audio_hw( 1861): adev_set_parameters: screen_state=on
E/native  ( 2417): do suspend false
I/qdhwcomposer(  257): handle_blank_event: dpy:0 panel power state: 1
D/qdhwcomposer(  257): hwc_setPowerMode: Done setting mode 2 on display 0
D/SurfaceControl( 2417): Excessive delay in setPowerMode(): 242ms
I/SurfaceFlinger(  257): FPS: 4
D/VoldCmdListener(  256): cryptfs getpwtype
D/VoldCmdListener(  256): cryptfs getpwtype
D/VoldCmdListener(  256): cryptfs getpwtype
D/VoldCmdListener(  256): cryptfs getpwtype
D/VoldCmdListener(  256): cryptfs getpwtype
D/VoldCmdListener(  256): cryptfs getpwtype
I/DisplayPowerController( 2417): Unblocked screen on after 287 ms
E/libEGL  ( 2417): call to OpenGL ES API with no current context (logged once per thread)
I/DreamManagerService( 2417): Gently waking up from dream.
D/VoldCmdListener(  256): cryptfs getpwtype
I/DreamManagerService( 2417): Leaving dreamland.
I/DreamController( 2417): Stopping dream: name=ComponentInfo{com.android.systemui/com.android.systemui.doze.DozeService}, isTest=false, canDoze=true, userId=0
D/VoldCmdListener(  256): cryptfs getpwtype
D/VoldCmdListener(  256): cryptfs getpwtype
D/VoldCmdListener(  256): cryptfs getpwtype
E/WifiStateMachine( 2417): WifiStateMachine CMD_START_SCAN source -2 txSuccessRate=0.00 rxSuccessRate=0.00 targetRoamBSSID=any RSSI=-52
I/wpa_supplicant( 2769): wlan0: CTRL-EVENT-SCAN-STARTED 
D/VoldCmdListener(  256): cryptfs getpwtype
D/VoldCmdListener(  256): cryptfs getpwtype
D/VoldCmdListener(  256): cryptfs getpwtype
D/ConnectivityService( 2417): Setting Dns servers for network 100 to [/2001:558:feed::1, /75.75.75.75, /75.75.76.76]
