D/VoldCmdListener(  256): cryptfs getpwtype
D/GeckoApplication( 4096): onConfigurationChanged: en_US, background: true
D/GeckoApplication( 5114): onConfigurationChanged: en_US, background: false
D/GeckoLocales( 5114): No selected locale. No correction needed.
D/VoldCmdListener(  256): cryptfs getpwtype
D/VoldCmdListener(  256): cryptfs getpwtype
D/VoldCmdListener(  256): cryptfs getpwtype
D/VoldCmdListener(  256): cryptfs getpwtype
D/VoldCmdListener(  256): cryptfs getpwtype
D/VoldCmdListener(  256): cryptfs getpwtype
D/VoldCmdListener(  256): cryptfs getpwtype
D/VoldCmdListener(  256): cryptfs getpwtype
D/VoldCmdListener(  256): cryptfs getpwtype
D/VoldCmdListener(  256): cryptfs getpwtype
D/VoldCmdListener(  256): cryptfs getpwtype
D/VoldCmdListener(  256): cryptfs getpwtype
D/VoldCmdListener(  256): cryptfs getpwtype
D/VoldCmdListener(  256): cryptfs getpwtype
D/VoldCmdListener(  256): cryptfs getpwtype
D/VoldCmdListener(  256): cryptfs getpwtype
D/VoldCmdListener(  256): cryptfs getpwtype
D/VoldCmdListener(  256): cryptfs getpwtype
D/VoldCmdListener(  256): cryptfs getpwtype
D/VoldCmdListener(  256): cryptfs getpwtype
D/VoldCmdListener(  256): cryptfs getpwtype
D/VoldCmdListener(  256): cryptfs getpwtype
D/VoldCmdListener(  256): cryptfs getpwtype
D/VoldCmdListener(  256): cryptfs getpwtype
D/VoldCmdListener(  256): cryptfs getpwtype
D/VoldCmdListener(  256): cryptfs getpwtype
D/VoldCmdListener(  256): cryptfs getpwtype
D/VoldCmdListener(  256): cryptfs getpwtype
D/VoldCmdListener(  256): cryptfs getpwtype
D/VoldCmdListener(  256): cryptfs getpwtype
D/VoldCmdListener(  256): cryptfs getpwtype
D/VoldCmdListener(  256): cryptfs getpwtype
D/VoldCmdListener(  256): cryptfs getpwtype
D/VoldCmdListener(  256): cryptfs getpwtype
D/VoldCmdListener(  256): cryptfs getpwtype
D/VoldCmdListener(  256): cryptfs getpwtype
D/VoldCmdListener(  256): cryptfs getpwtype
D/VoldCmdListener(  256): cryptfs getpwtype
D/VoldCmdListener(  256): cryptfs getpwtype
D/VoldCmdListener(  256): cryptfs getpwtype
I/Timeline( 2417): Timeline: Activity_windows_visible id: ActivityRecord{22ca2d50 u0 com.nolanlawson.logcat/.LogcatActivity t562} time:627105
D/VoldCmdListener(  256): cryptfs getpwtype
D/VoldCmdListener(  256): cryptfs getpwtype
D/VoldCmdListener(  256): cryptfs getpwtype
I/WindowManager( 2417): Screen frozen for +343ms due to Window{1588e4fe u0 com.nolanlawson.logcat/com.nolanlawson.logcat.LogcatActivity}
I/SurfaceFlinger(  257): FPS: 13
D/VoldCmdListener(  256): cryptfs getpwtype
D/VoldCmdListener(  256): cryptfs getpwtype
D/VoldCmdListener(  256): cryptfs getpwtype
D/VoldCmdListener(  256): cryptfs getpwtype
D/VoldCmdListener(  256): cryptfs getpwtype
D/VoldCmdListener(  256): cryptfs getpwtype
D/VoldCmdListener(  256): cryptfs getpwtype
D/VoldCmdListener(  256): cryptfs getpwtype
D/VoldCmdListener(  256): cryptfs getpwtype
D/VoldCmdListener(  256): cryptfs getpwtype
D/VoldCmdListener(  256): cryptfs getpwtype
D/VoldCmdListener(  256): cryptfs getpwtype
D/VoldCmdListener(  256): cryptfs getpwtype
D/VoldCmdListener(  256): cryptfs getpwtype
D/VoldCmdListener(  256): cryptfs getpwtype
D/VoldCmdListener(  256): cryptfs getpwtype
D/VoldCmdListener(  256): cryptfs getpwtype
D/VoldCmdListener(  256): cryptfs getpwtype
D/VoldCmdListener(  256): cryptfs getpwtype
D/VoldCmdListener(  256): cryptfs getpwtype
D/VoldCmdListener(  256): cryptfs getpwtype
D/VoldCmdListener(  256): cryptfs getpwtype
D/VoldCmdListener(  256): cryptfs getpwtype
D/VoldCmdListener(  256): cryptfs getpwtype
D/VoldCmdListener(  256): cryptfs getpwtype
D/VoldCmdListener(  256): cryptfs getpwtype
D/VoldCmdListener(  256): cryptfs getpwtype
D/VoldCmdListener(  256): cryptfs getpwtype
D/VoldCmdListener(  256): cryptfs getpwtype
D/VoldCmdListener(  256): cryptfs getpwtype
D/VoldCmdListener(  256): cryptfs getpwtype
D/VoldCmdListener(  256): cryptfs getpwtype
D/VoldCmdListener(  256): cryptfs getpwtype
I/SurfaceFlinger(  257): FPS: 43
I/SurfaceFlinger(  257): FPS: 48
I/art     ( 2417): Explicit concurrent mark sweep GC freed 19400(883KB) AllocSpace objects, 0(0B) LOS objects, 29% free, 38MB/54MB, paused 11.251ms total 71.554ms
I/SurfaceFlinger(  257): FPS: 45
I/SurfaceFlinger(  257): FPS: 51
I/SurfaceFlinger(  257): FPS: 35
I/SurfaceFlinger(  257): FPS: 17
I/SurfaceFlinger(  257): FPS: 58
I/SurfaceFlinger(  257): FPS: 43
I/SurfaceFlinger(  257): FPS: 53
I/SurfaceFlinger(  257): FPS: 31
I/SurfaceFlinger(  257): FPS: 28
E/AudioTrack( 2417): AudioTrack::set : Exit
D/audio_hw_primary( 1861): out_set_parameters: enter: usecase(1: low-latency-playback) kvpairs: routing=2
D/audio_hw_primary( 1861): select_devices: out_snd_device(2: speaker) in_snd_device(0: none)
D/msm8974_platform( 1861): platform_send_audio_calibration: sending audio calibration for snd_device(2) acdb_id(15)
E/ACDB-LOADER( 1861): Error: ACDB AFE returned = -19
D/audio_hw_primary( 1861): enable_snd_device: snd_device(2: speaker)
D/audio_hw_primary( 1861): enable_audio_route: apply and update mixer path: low-latency-playback speaker
I/SurfaceFlinger(  257): FPS: 24
I/SurfaceFlinger(  257): FPS: 25
E/AudioTrack( 2417): AudioTrack::set : Exit
D/audio_hw_primary( 1861): out_set_parameters: enter: usecase(1: low-latency-playback) kvpairs: routing=2
I/SurfaceFlinger(  257): FPS: 22
I/SurfaceFlinger(  257): FPS: 21
E/AudioTrack( 2417): AudioTrack::set : Exit
D/audio_hw_primary( 1861): out_set_parameters: enter: usecase(1: low-latency-playback) kvpairs: routing=2
I/SurfaceFlinger(  257): FPS: 22
E/WifiStateMachine( 2417): WifiStateMachine CMD_START_SCAN source -2 txSuccessRate=0.43 rxSuccessRate=0.21 targetRoamBSSID=any RSSI=-49
E/WifiStateMachine( 2417): WifiStateMachine starting scan for "chloroform"WPA_PSK with 2412
I/wpa_supplicant( 2769): wlan0: CTRL-EVENT-SCAN-STARTED 
I/SurfaceFlinger(  257): FPS: 4
D/audio_hw_primary( 1861): disable_audio_route: reset and update mixer path: low-latency-playback speaker
D/audio_hw_primary( 1861): disable_snd_device: snd_device(2: speaker)
I/SurfaceFlinger(  257): FPS: 2
I/SurfaceFlinger(  257): FPS: 3
E/AudioTrack( 2417): AudioTrack::set : Exit
D/audio_hw_primary( 1861): out_set_parameters: enter: usecase(1: low-latency-playback) kvpairs: routing=2
D/audio_hw_primary( 1861): select_devices: out_snd_device(2: speaker) in_snd_device(0: none)
D/msm8974_platform( 1861): platform_send_audio_calibration: sending audio calibration for snd_device(2) acdb_id(15)
E/ACDB-LOADER( 1861): Error: ACDB AFE returned = -19
D/audio_hw_primary( 1861): enable_snd_device: snd_device(2: speaker)
D/audio_hw_primary( 1861): enable_audio_route: apply and update mixer path: low-latency-playback speaker
D/audio_hw_primary( 1861): disable_audio_route: reset and update mixer path: low-latency-playback speaker
D/audio_hw_primary( 1861): disable_snd_device: snd_device(2: speaker)
I/SurfaceFlinger(  257): FPS: 4
E/WifiStateMachine( 2417): WifiStateMachine CMD_START_SCAN source -2 txSuccessRate=0.02 rxSuccessRate=0.50 targetRoamBSSID=any RSSI=-45
E/WifiStateMachine( 2417): WifiStateMachine starting scan for "chloroform"WPA_PSK with 2412
I/wpa_supplicant( 2769): wlan0: CTRL-EVENT-SCAN-STARTED 
I/SurfaceFlinger(  257): FPS: 3
D/GB.ImService( 4180): HEARTBEAT
I/SurfaceFlinger(  257): FPS: 3
D/HeadsetStateMachine( 3561): Disconnected process message: 10, size: 0
I/SurfaceFlinger(  257): FPS: 2
E/WifiStateMachine( 2417): WifiStateMachine CMD_START_SCAN source -2 txSuccessRate=0.00 rxSuccessRate=0.50 targetRoamBSSID=any RSSI=-45
E/WifiStateMachine( 2417): WifiStateMachine starting scan for "chloroform"WPA_PSK with 2412
I/wpa_supplicant( 2769): wlan0: CTRL-EVENT-SCAN-STARTED 
D/ConnectivityService( 2417): Setting Dns servers for network 100 to [/2001:558:feed::1, /75.75.75.75, /75.75.76.76]
D/Nat464Xlat( 2417): requiresClat: netType=1, connected=true, hasIPv4Address=true
D/ConnectivityService( 2417): notifyType IP_CHANGED for NetworkAgentInfo [WIFI () - 100]
D/ConnectivityManager.CallbackHandler( 2650): CM callback handler got msg 524295
D/ConnectivityService( 2417): notifyType IP_CHANGED for NetworkAgentInfo [WIFI () - 100]
D/ConnectivityManager.CallbackHandler( 2650): CM callback handler got msg 524295
D/ConnectivityService( 2417): Setting Dns servers for network 100 to [/2001:558:feed::1, /2001:558:feed::2, /75.75.75.75, /75.75.76.76]
D/Nat464Xlat( 2417): requiresClat: netType=1, connected=true, hasIPv4Address=true
D/ConnectivityService( 2417): notifyType IP_CHANGED for NetworkAgentInfo [WIFI () - 100]
D/ConnectivityService( 2417): notifyType IP_CHANGED for NetworkAgentInfo [WIFI () - 100]
D/ConnectivityManager.CallbackHandler( 2650): CM callback handler got msg 524295
D/ConnectivityManager.CallbackHandler( 2650): CM callback handler got msg 524295
I/SurfaceFlinger(  257): FPS: 3
I/SurfaceFlinger(  257): FPS: 4
I/SurfaceFlinger(  257): FPS: 2
E/WifiStateMachine( 2417): WifiStateMachine CMD_START_SCAN source -2 txSuccessRate=0.00 rxSuccessRate=0.02 targetRoamBSSID=any RSSI=-45
E/WifiStateMachine( 2417): WifiStateMachine starting scan for "chloroform"WPA_PSK with 2412
I/wpa_supplicant( 2769): wlan0: CTRL-EVENT-SCAN-STARTED 
I/SurfaceFlinger(  257): FPS: 2
E/WifiStateMachine( 2417): WifiStateMachine CMD_START_SCAN source -2 txSuccessRate=0.00 rxSuccessRate=0.00 targetRoamBSSID=any RSSI=-45
E/WifiStateMachine( 2417): WifiStateMachine starting scan for "chloroform"WPA_PSK with 2412
I/wpa_supplicant( 2769): wlan0: CTRL-EVENT-SCAN-STARTED 
I/SurfaceFlinger(  257): FPS: 3
D/GB.ImService( 4180): HEARTBEAT
I/SurfaceFlinger(  257): FPS: 3
I/SurfaceFlinger(  257): FPS: 2
D/VoldCmdListener(  256): cryptfs getpwtype
D/VoldCmdListener(  256): cryptfs getpwtype
D/VoldCmdListener(  256): cryptfs getpwtype
D/VoldCmdListener(  256): cryptfs getpwtype
I/SurfaceFlinger(  257): FPS: 2
I/SurfaceFlinger(  257): FPS: 57
D/HeadsetStateMachine( 3561): Disconnected process message: 10, size: 0
D/KeyguardUpdateMonitor( 2650): ACTION_SERVICE_STATE_CHANGED on sub: 1 mServiceState: 0 0 home T-Mobile T-Mobile 310260  LTE LTE CSS not supported -1 -1 RoamInd=-1 DefRoamInd=-1 EmergOnly=false
D/PhoneApp( 2963): getPhone phoneId:0
D/NotificationMgr( 2963): updateNetworkSelection()...state = 0 new network 
D/CellBroadcastReceiver( 4310): onReceive Intent { act=android.intent.action.SERVICE_STATE flg=0x10 cmp=com.android.cellbroadcastreceiver/.CellBroadcastReceiver (has extras) }
D/CellBroadcastReceiver( 4310): Intent ACTION_SERVICE_STATE_CHANGED
D/CellBroadcastReceiver( 4310): Service state changed! 0 Full: 0 0 home T-Mobile T-Mobile 310260  LTE LTE CSS not supported -1 -1 RoamInd=-1 DefRoamInd=-1 EmergOnly=false Current state=-1
D/PhoneApp( 2963): getPhone phoneId:0
D/CellBroadcastConfigService( 4310): enabling emergency cell broadcast channels
D/IccSmsInterfaceManager( 2963): [IccSmsInterfaceManager] enableGsmBroadcastRange
D/IccSmsInterfaceManager( 2963): [IccSmsInterfaceManager] Added cell broadcast subscription for MID range 4352 to 4354 from client com.android.cellbroadcastreceiver
D/IccSmsInterfaceManager( 2963): [IccSmsInterfaceManager] Calling setCellBroadcastActivation(true)
D/PhoneApp( 2963): getPhone phoneId:0
D/PhoneApp( 2963): getPhone phoneId:0
E/AudioTrack( 2417): AudioTrack::set : Exit
D/audio_hw_primary( 1861): out_set_parameters: enter: usecase(1: low-latency-playback) kvpairs: routing=2
D/IccSmsInterfaceManager( 2963): [IccSmsInterfaceManager] enableGsmBroadcastRange
D/IccSmsInterfaceManager( 2963): [IccSmsInterfaceManager] Added cell broadcast subscription for MID range 4356 to 4356 from client com.android.cellbroadcastreceiver
D/IccSmsInterfaceManager( 2963): [IccSmsInterfaceManager] Calling setCellBroadcastActivation(true)
D/audio_hw_primary( 1861): select_devices: out_snd_device(2: speaker) in_snd_device(0: none)
D/msm8974_platform( 1861): platform_send_audio_calibration: sending audio calibration for snd_device(2) acdb_id(15)
E/ACDB-LOADER( 1861): Error: ACDB AFE returned = -19
D/audio_hw_primary( 1861): enable_snd_device: snd_device(2: speaker)
D/audio_hw_primary( 1861): enable_audio_route: apply and update mixer path: low-latency-playback speaker
D/IccSmsInterfaceManager( 2963): [IccSmsInterfaceManager] enableGsmBroadcastRange
D/IccSmsInterfaceManager( 2963): [IccSmsInterfaceManager] Added cell broadcast subscription for MID range 4371 to 4372 from client com.android.cellbroadcastreceiver
D/IccSmsInterfaceManager( 2963): [IccSmsInterfaceManager] Calling setCellBroadcastActivation(true)
D/IccSmsInterfaceManager( 2963): [IccSmsInterfaceManager] enableGsmBroadcastRange
D/IccSmsInterfaceManager( 2963): [IccSmsInterfaceManager] Added cell broadcast subscription for MID range 4373 to 4378 from client com.android.cellbroadcastreceiver
D/IccSmsInterfaceManager( 2963): [IccSmsInterfaceManager] Calling setCellBroadcastActivation(true)
D/IccSmsInterfaceManager( 2963): [IccSmsInterfaceManager] enableGsmBroadcastRange
D/IccSmsInterfaceManager( 2963): [IccSmsInterfaceManager] Added cell broadcast subscription for MID range 4370 to 4370 from client com.android.cellbroadcastreceiver
D/IccSmsInterfaceManager( 2963): [IccSmsInterfaceManager] Calling setCellBroadcastActivation(true)
D/IccSmsInterfaceManager( 2963): [IccSmsInterfaceManager] enableGsmBroadcastRange
D/IccSmsInterfaceManager( 2963): [IccSmsInterfaceManager] Added cell broadcast subscription for MID range 4383 to 4383 from client com.android.cellbroadcastreceiver
D/IccSmsInterfaceManager( 2963): [IccSmsInterfaceManager] Calling setCellBroadcastActivation(true)
D/CellBroadcastConfigService( 4310): enabled emergency cell broadcast channels
D/CellBroadcastConfigService( 4310): disabling cell broadcast channel 50
D/IccSmsInterfaceManager( 2963): [IccSmsInterfaceManager] disableGsmBroadcastRange
D/IccSmsInterfaceManager( 2963): [IccSmsInterfaceManager] Failed to remove cell broadcast subscription for MID range 50 to 50 from client com.android.cellbroadcastreceiver
D/CellBroadcastConfigService( 4310): disabling channels 919-928
D/IccSmsInterfaceManager( 2963): [IccSmsInterfaceManager] disableGsmBroadcastRange
D/IccSmsInterfaceManager( 2963): [IccSmsInterfaceManager] Failed to remove cell broadcast subscription for MID range 919 to 928 from client com.android.cellbroadcastreceiver
D/CellBroadcastConfigService( 4310): disabling cell broadcast ETWS test messages
D/IccSmsInterfaceManager( 2963): [IccSmsInterfaceManager] disableGsmBroadcastRange
D/IccSmsInterfaceManager( 2963): [IccSmsInterfaceManager] Failed to remove cell broadcast subscription for MID range 4355 to 4355 from client com.android.cellbroadcastreceiver
D/CellBroadcastConfigService( 4310): disabling cell broadcast CMAS amber
D/IccSmsInterfaceManager( 2963): [IccSmsInterfaceManager] disableGsmBroadcastRange
D/IccSmsInterfaceManager( 2963): [IccSmsInterfaceManager] Failed to remove cell broadcast subscription for MID range 4379 to 4379 from client com.android.cellbroadcastreceiver
D/CellBroadcastConfigService( 4310): disabling cell broadcast CMAS test messages
D/IccSmsInterfaceManager( 2963): [IccSmsInterfaceManager] disableGsmBroadcastRange
D/IccSmsInterfaceManager( 2963): [IccSmsInterfaceManager] Failed to remove cell broadcast subscription for MID range 4380 to 4382 from client com.android.cellbroadcastreceiver
I/SurfaceFlinger(  257): FPS: 25
E/AudioTrack( 2417): AudioTrack::set : Exit
D/audio_hw_primary( 1861): out_set_parameters: enter: usecase(1: low-latency-playback) kvpairs: routing=2
I/SurfaceFlinger(  257): FPS: 4
I/SurfaceFlinger(  257): FPS: 38
E/WifiStateMachine( 2417): WifiStateMachine CMD_START_SCAN source -2 txSuccessRate=1.00 rxSuccessRate=0.50 targetRoamBSSID=any RSSI=-49
E/WifiStateMachine( 2417): WifiStateMachine starting scan for "chloroform"WPA_PSK with 2412
I/wpa_supplicant( 2769): wlan0: CTRL-EVENT-SCAN-STARTED 
D/audio_hw_primary( 1861): disable_audio_route: reset and update mixer path: low-latency-playback speaker
D/audio_hw_primary( 1861): disable_snd_device: snd_device(2: speaker)
I/SurfaceFlinger(  257): FPS: 36
I/SurfaceFlinger(  257): FPS: 44
I/SurfaceFlinger(  257): FPS: 2
I/SurfaceFlinger(  257): FPS: 53
I/SurfaceFlinger(  257): FPS: 49
I/SurfaceFlinger(  257): FPS: 27
D/AndroidRuntime( 5349): 
D/AndroidRuntime( 5349): >>>>>> AndroidRuntime START com.android.internal.os.RuntimeInit <<<<<<
D/AndroidRuntime( 5349): CheckJNI is OFF
D/AndroidRuntime( 5349): Calling main entry com.android.commands.pm.Pm
D/DefContainer( 4775): Copying /data/local/tmp/petrarch-mobile.apk to base.apk
D/PackageManager( 2417): Renaming /data/app/vmdl312329509.tmp to /data/app/com.benbrittain.petrarch.debug-1
I/art     ( 2417): DexFile_isDexOptNeeded failed to open oat file '/data/dalvik-cache/arm/data@app@com.benbrittain.petrarch.debug-1@base.apk@classes.dex' for file location '/data/app/com.benbrittain.petrarch.debug-1/base.apk': Failed to open oat filename for reading: No such file or directory
I/art     ( 2417): DexFile_isDexOptNeeded failed to open oat file '/data/app/com.benbrittain.petrarch.debug-1/arm/base.odex' for file location '/data/app/com.benbrittain.petrarch.debug-1/base.apk': Failed to open oat filename for reading: No such file or directory
I/art     ( 2417): DexFile_isDexOptNeeded failed to open oat file '/data/dalvik-cache/arm/data@app@com.benbrittain.petrarch.debug-1@base.apk@classes.dex' for file location '/data/app/com.benbrittain.petrarch.debug-1/base.apk': Failed to open oat filename for reading: No such file or directory
I/art     ( 2417): DexFile_isDexOptNeeded failed to open oat file '/data/app/com.benbrittain.petrarch.debug-1/arm/base.odex' for file location '/data/app/com.benbrittain.petrarch.debug-1/base.apk': Failed to open oat filename for reading: No such file or directory
I/PackageManager( 2417): Running dexopt on: /data/app/com.benbrittain.petrarch.debug-1/base.apk pkg=com.benbrittain.petrarch.debug isa=arm vmSafeMode=false
I/dex2oat ( 5364): /system/bin/dex2oat --zip-fd=6 --zip-location=/data/app/com.benbrittain.petrarch.debug-1/base.apk --oat-fd=7 --oat-location=/data/dalvik-cache/arm/data@app@com.benbrittain.petrarch.debug-1@base.apk@classes.dex --instruction-set=arm --instruction-set-features=div --runtime-arg -Xms64m --runtime-arg -Xmx512m
W/dex2oat ( 5364): warning: method is huge (regs=823 insns_size=59860)
I/SurfaceFlinger(  257): FPS: 9
W/dex2oat ( 5364): Verification of void clojure.core__init.load() took 187.546ms
I/dex2oat ( 5364): Verification error in java.lang.Object clojure.tools.nrepl.middleware.session$add_stdin$fn__1521$fn__1525.invoke()
I/dex2oat ( 5364): java.lang.Object clojure.tools.nrepl.middleware.session$add_stdin$fn__1521$fn__1525.invoke() failed to verify: monitor-exit stack underflowls.nrepl.middleware.session$add_stdin$fn__1521$fn__1525.invoke(): [0x114]
E/dex2oat ( 5364): Verification failed on class clojure.tools.nrepl.middleware.session$add_stdin$fn__1521$fn__1525 in /data/app/com.benbrittain.petrarch.debug-1/base.apk because: Verifier rejected class clojure.tools.nrepl.middleware.session$add_stdin$fn__1521$fn__1525 due to bad method java.lang.Object clojure.tools.nrepl.middleware.session$add_stdin$fn__1521$fn__1525.invoke()
W/dex2oat ( 5364): mismatched stack depths (depth=0, incoming depth=1)
I/dex2oat ( 5364): Method exceeds compiler instruction limit: 59860 in void clojure.core__init.load()
I/SurfaceFlinger(  257): FPS: 48
F/dex2oat ( 5364): art/compiler/driver/compiler_driver.cc:1181] Check failed: !method->IsAbstract() 
F/dex2oat ( 5364): art/compiler/driver/compiler_driver.cc:1181] Check failed: !method->IsAbstract() 
F/dex2oat ( 5364): art/compiler/driver/compiler_driver.cc:1181] Check failed: !method->IsAbstract() 
F/dex2oat ( 5364): art/runtime/runtime.cc:284] Runtime aborting...
F/dex2oat ( 5364): art/runtime/runtime.cc:284] Aborting thread:
F/dex2oat ( 5364): art/runtime/runtime.cc:284] "main" prio=5 tid=1 Runnable (still starting up)
F/dex2oat ( 5364): art/runtime/runtime.cc:284]   | group="" sCount=0 dsCount=0 obj=0x0 self=0xb6607400
F/dex2oat ( 5364): art/runtime/runtime.cc:284]   | sysTid=5364 nice=0 cgrp=apps/bg_non_interactive sched=0/0 handle=0xb6feaec8
F/dex2oat ( 5364): art/runtime/runtime.cc:284]   | state=R schedstat=( 1752964055 408470161 693 ) utm=165 stm=10 core=3 HZ=100
F/dex2oat ( 5364): art/runtime/runtime.cc:284]   | stack=0xbe183000-0xbe185000 stackSize=8MB
F/dex2oat ( 5364): art/runtime/runtime.cc:284]   | held mutexes= "abort lock" "mutator lock"(shared held)
F/dex2oat ( 5364): art/runtime/runtime.cc:284]   native: #00 pc 00004640  /system/lib/libbacktrace_libc++.so (UnwindCurrent::Unwind(unsigned int, ucontext*)+23)
F/dex2oat ( 5364): art/runtime/runtime.cc:284]   native: #01 pc 00002e8d  /system/lib/libbacktrace_libc++.so (Backtrace::Unwind(unsigned int, ucontext*)+8)
F/dex2oat ( 5364): art/runtime/runtime.cc:284]   native: #02 pc 0023ee95  /system/lib/libart.so (art::DumpNativeStack(std::__1::basic_ostream<char, std::__1::char_traits<char> >&, int, char const*, art::mirror::ArtMethod*)+68)
F/dex2oat ( 5364): art/runtime/runtime.cc:284]   native: #03 pc 0022432f  /system/lib/libart.so (art::Thread::Dump(std::__1::basic_ostream<char, std::__1::char_traits<char> >&) const+146)
F/dex2oat ( 5364): art/runtime/runtime.cc:284]   native: #04 pc 002149b3  /system/lib/libart.so (art::AbortState::DumpThread(std::__1::basic_ostream<char, std::__1::char_traits<char> >&, art::Thread*)+22)
F/dex2oat ( 5364): art/runtime/runtime.cc:284]   native: #05 pc 00214bf1  /system/lib/libart.so (art::AbortState::Dump(std::__1::basic_ostream<char, std::__1::char_traits<char> >&)+324)
F/dex2oat ( 5364): art/runtime/runtime.cc:284]   native: #06 pc 00214de5  /system/lib/libart.so (art::Runtime::Abort()+72)
F/dex2oat ( 5364): art/runtime/runtime.cc:284]   native: #07 pc 000a63d3  /system/lib/libart.so (art::LogMessage::~LogMessage()+1322)
F/dex2oat ( 5364): art/runtime/runtime.cc:284]   native: #08 pc 0014573b  /system/lib/libart-compiler.so (art::CompilerDriver::GetCodeAndMethodForDirectCall(art::InvokeType*, art::InvokeType, bool, art::mirror::Class*, art::mirror::ArtMethod*, int*, art::MethodReference*, unsigned int*, unsigned int*)+1110)
F/dex2oat ( 5364): art/runtime/runtime.cc:284]   native: #09 pc 0012aaf1  /system/lib/libart-compiler.so (???)
F/dex2oat ( 5364): art/runtime/runtime.cc:284]   native: #10 pc 0012b11f  /system/lib/libart-compiler.so (art::MirMethodLoweringInfo::Resolve(art::CompilerDriver*, art::DexCompilationUnit const*, art::MirMethodLoweringInfo*, unsigned int)+994)
F/dex2oat ( 5364): art/runtime/runtime.cc:284]   native: #11 pc 00139897  /system/lib/libart-compiler.so (art::MIRGraph::DoCacheMethodLoweringInfo()+958)
F/dex2oat ( 5364): art/runtime/runtime.cc:284]   native: #12 pc 0012f3c7  /system/lib/libart-compiler.so (art::PassDriverMEOpts::ApplyPass(art::PassDataHolder*, art::Pass const*)+14)
F/dex2oat ( 5364): art/runtime/runtime.cc:284]   native: #13 pc 0012f9c1  /system/lib/libart-compiler.so (???)
F/dex2oat ( 5364): art/runtime/runtime.cc:284]   native: #14 pc 0013147d  /system/lib/libart-compiler.so (???)
F/dex2oat ( 5364): art/runtime/runtime.cc:284]   native: #15 pc 00131953  /system/lib/libart-compiler.so (ArtQuickCompileMethod+38)
F/dex2oat ( 5364): art/runtime/runtime.cc:284]   native: #16 pc 0014829d  /system/lib/libart-compiler.so (art::CompilerDriver::CompileMethod(art::DexFile::CodeItem const*, unsigned int, art::InvokeType, unsigned short, unsigned int, _jobject*, art::DexFile const&, art::DexToDexCompilationLevel)+932)
F/dex2oat ( 5364): art/runtime/runtime.cc:284]   native: #17 pc 00148941  /system/lib/libart-compiler.so (art::CompilerDriver::CompileClass(art::ParallelCompilationManager const*, unsigned int)+1204)
F/dex2oat ( 5364): art/runtime/runtime.cc:284]   native: #18 pc 0013f2a1  /system/lib/libart-compiler.so (???)
F/dex2oat ( 5364): art/runtime/runtime.cc:284]   native: #19 pc 0022e0e9  /system/lib/libart.so (art::ThreadPool::Wait(art::Thread*, bool, bool)+172)
F/dex2oat ( 5364): art/runtime/runtime.cc:284]   native: #20 pc 0014230b  /system/lib/libart-compiler.so (???)
F/dex2oat ( 5364): art/runtime/runtime.cc:284]   native: #21 pc 00142c17  /system/lib/libart-compiler.so (art::CompilerDriver::Compile(_jobject*, std::__1::vector<art::DexFile const*, std::__1::allocator<art::DexFile const*> > const&, art::ThreadPool*, art::TimingLogger*)+146)
F/dex2oat ( 5364): art/runtime/runtime.cc:284]   native: #22 pc 0014b7f1  /system/lib/libart-compiler.so (art::CompilerDriver::CompileAll(_jobject*, std::__1::vector<art::DexFile const*, std::__1::allocator<art::DexFile const*> > const&, art::TimingLogger*)+64)
F/dex2oat ( 5364): art/runtime/runtime.cc:284]   native: #23 pc 0000c171  /system/bin/dex2oat (???)
F/dex2oat ( 5364): art/runtime/runtime.cc:284]   native: #24 pc 0000e365  /system/bin/dex2oat (???)
F/dex2oat ( 5364): art/runtime/runtime.cc:284]   native: #25 pc 0000fbf9  /system/lib/libc.so (__libc_init+44)
F/dex2oat ( 5364): art/runtime/runtime.cc:284]   native: #26 pc 00006508  /system/bin/dex2oat (???)
F/dex2oat ( 5364): art/runtime/runtime.cc:284]   (no managed stack frames)
F/dex2oat ( 5364): art/runtime/runtime.cc:284] Dumping all threads without appropriate locks held: thread list lock
F/dex2oat ( 5364): art/runtime/runtime.cc:284] All threads:
F/dex2oat ( 5364): art/runtime/runtime.cc:284] DALVIK THREADS (4):
F/dex2oat ( 5364): art/runtime/runtime.cc:284] "main" prio=5 tid=1 Runnable (still starting up)
F/dex2oat ( 5364): art/runtime/runtime.cc:284]   | group="" sCount=0 dsCount=0 obj=0x0 self=0xb6607400
F/dex2oat ( 5364): art/runtime/runtime.cc:284]   | sysTid=5364 nice=0 cgrp=apps/bg_non_interactive sched=0/0 handle=0xb6feaec8
F/dex2oat ( 5364): art/runtime/runtime.cc:284]   | state=R schedstat=( 1758386346 408470161 693 ) utm=165 stm=10 core=3 HZ=100
F/dex2oat ( 5364): art/runtime/runtime.cc:284]   | stack=0xbe183000-0xbe185000 stackSize=8MB
F/dex2oat ( 5364): art/runtime/runtime.cc:284]   | held mutexes= "abort lock" "mutator lock"(shared held)
F/dex2oat ( 5364): art/runtime/runtime.cc:284]   native: #00 pc 00004640  /system/lib/libbacktrace_libc++.so (UnwindCurrent::Unwind(unsigned int, ucontext*)+23)
F/dex2oat ( 5364): art/runtime/runtime.cc:284]   native: #01 pc 00002e8d  /system/lib/libbacktrace_libc++.so (Backtrace::Unwind(unsigned int, ucontext*)+8)
F/dex2oat ( 5364): art/runtime/runtime.cc:284]   native: #02 pc 0023ee95  /system/lib/libart.so (art::DumpNativeStack(std::__1::basic_ostream<char, std::__1::char_traits<char> >&, int, char const*, art::mirror::ArtMethod*)+68)
F/dex2oat ( 5364): art/runtime/runtime.cc:284]   native: #03 pc 0022432f  /system/lib/libart.so (art::Thread::Dump(std::__1::basic_ostream<char, std::__1::char_traits<char> >&) const+146)
F/dex2oat ( 5364): art/runtime/runtime.cc:284]   native: #04 pc 0022ccad  /system/lib/libart.so (art::ThreadList::DumpLocked(std::__1::basic_ostream<char, std::__1::char_traits<char> >&)+104)
F/dex2oat ( 5364): art/runtime/runtime.cc:284]   native: #05 pc 00214b99  /system/lib/libart.so (art::AbortState::Dump(std::__1::basic_ostream<char, std::__1::char_traits<char> >&)+236)
F/dex2oat ( 5364): art/runtime/runtime.cc:284]   native: #06 pc 00214de5  /system/lib/libart.so (art::Runtime::Abort()+72)
F/dex2oat ( 5364): art/runtime/runtime.cc:284]   native: #07 pc 000a63d3  /system/lib/libart.so (art::LogMessage::~LogMessage()+1322)
F/dex2oat ( 5364): art/runtime/runtime.cc:284]   native: #08 pc 0014573b  /system/lib/libart-compiler.so (art::CompilerDriver::GetCodeAndMethodForDirectCall(art::InvokeType*, art::InvokeType, bool, art::mirror::Class*, art::mirror::ArtMethod*, int*, art::MethodReference*, unsigned int*, unsigned int*)+1110)
F/dex2oat ( 5364): art/runtime/runtime.cc:284]   native: #09 pc 0012aaf1  /system/lib/libart-compiler.so (???)
F/dex2oat ( 5364): art/runtime/runtime.cc:284]   native: #10 pc 0012b11f  /system/lib/libart-compiler.so (art::MirMethodLoweringInfo::Resolve(art::CompilerDriver*, art::DexCompilationUnit const*, art::MirMethodLoweringInfo*, unsigned int)+994)
F/dex2oat ( 5364): art/runtime/runtime.cc:284]   native: #11 pc 00139897  /system/lib/libart-compiler.so (art::MIRGraph::DoCacheMethodLoweringInfo()+958)
F/dex2oat ( 5364): art/runtime/runtime.cc:284]   native: #12 pc 0012f3c7  /system/lib/libart-compiler.so (art::PassDriverMEOpts::ApplyPass(art::PassDataHolder*, art::Pass const*)+14)
F/dex2oat ( 5364): art/runtime/runtime.cc:284]   native: #13 pc 0012f9c1  /system/lib/libart-compiler.so (???)
F/dex2oat ( 5364): art/runtime/runtime.cc:284]   native: #14 pc 0013147d  /system/lib/libart-compiler.so (???)
F/dex2oat ( 5364): art/runtime/runtime.cc:284]   native: #15 pc 00131953  /system/lib/libart-compiler.so (ArtQuickCompileMethod+38)
F/dex2oat ( 5364): art/runtime/runtime.cc:284]   native: #16 pc 0014829d  /system/lib/libart-compiler.so (art::CompilerDriver::CompileMethod(art::DexFile::CodeItem const*, unsigned int, art::InvokeType, unsigned short, unsigned int, _jobject*, art::DexFile const&, art::DexToDexCompilationLevel)+932)
F/dex2oat ( 5364): art/runtime/runtime.cc:284]   native: #17 pc 00148941  /system/lib/libart-compiler.so (art::CompilerDriver::CompileClass(art::ParallelCompilationManager const*, unsigned int)+1204)
F/dex2oat ( 5364): art/runtime/runtime.cc:284]   native: #18 pc 0013f2a1  /system/lib/libart-compiler.so (???)
F/dex2oat ( 5364): art/runtime/runtime.cc:284]   native: #19 pc 0022e0e9  /system/lib/libart.so (art::ThreadPool::Wait(art::Thread*, bool, bool)+172)
F/dex2oat ( 5364): art/runtime/runtime.cc:284]   native: #20 pc 0014230b  /system/lib/libart-compiler.so (???)
F/dex2oat ( 5364): art/runtime/runtime.cc:284]   native: #21 pc 00142c17  /system/lib/libart-compiler.so (art::CompilerDriver::Compile(_jobject*, std::__1::vector<art::DexFile const*, std::__1::allocator<art::DexFile const*> > const&, art::ThreadPool*, art::TimingLogger*)+146)
F/dex2oat ( 5364): art/runtime/runtime.cc:284]   native: #22 pc 0014b7f1  /system/lib/libart-compiler.so (art::CompilerDriver::CompileAll(_jobject*, std::__1::vector<art::DexFile const*, std::__1::allocator<art::DexFile const*> > const&, art::TimingLogger*)+64)
F/dex2oat ( 5364): art/runtime/runtime.cc:284]   native: #23 pc 0000c171  /system/bin/dex2oat (???)
F/dex2oat ( 5364): art/runtime/runtime.cc:284]   native: #24 pc 0000e365  /system/bin/dex2oat (???)
F/dex2oat ( 5364): art/runtime/runtime.cc:284]   native: #25 pc 0000fbf9  /system/lib/libc.so (__libc_init+44)
F/dex2oat ( 5364): art/runtime/runtime.cc:284]   native: #26 pc 00006508  /system/bin/dex2oat (???)
F/dex2oat ( 5364): art/runtime/runtime.cc:284]   (no managed stack frames)
F/dex2oat ( 5364): art/runtime/runtime.cc:284] 
F/dex2oat ( 5364): art/runtime/runtime.cc:284] "Compiler driver thread pool worker thread 0" prio=5 tid=2 Native (still starting up)
F/dex2oat ( 5364): art/runtime/runtime.cc:284]   | group="" sCount=0 dsCount=0 obj=0x0 self=0xb3906400
F/dex2oat ( 5364): art/runtime/runtime.cc:284]   | sysTid=5366 nice=0 cgrp=apps/bg_non_interactive sched=0/0 handle=0xb6661300
F/dex2oat ( 5364): art/runtime/runtime.cc:284]   | state=R schedstat=( 1559688975 363409827 713 ) utm=145 stm=10 core=2 HZ=100
F/dex2oat ( 5364): art/runtime/runtime.cc:284]   | stack=0xb3c00000-0xb3c02000 stackSize=1024KB
F/dex2oat ( 5364): art/runtime/runtime.cc:284]   | held mutexes=
F/dex2oat ( 5364): art/runtime/runtime.cc:284]   kernel: (couldn't read /proc/self/task/5366/stack)
F/dex2oat ( 5364): art/runtime/runtime.cc:284]   native: #00 pc 0007ee2a  /system/lib/libart-compiler.so (art::ArmMir2Lir::EncodeLIRs(unsigned char*, art::LIR*)+33)
F/dex2oat ( 5364): art/runtime/runtime.cc:284]   native: #01 pc 0007fcfd  /system/lib/libart-compiler.so (art::ArmMir2Lir::AssembleLIR()+3204)
F/dex2oat ( 5364): art/runtime/runtime.cc:284]   native: #02 pc 000c3a87  /system/lib/libart-compiler.so (art::Mir2Lir::Materialize()+74)
F/dex2oat ( 5364): art/runtime/runtime.cc:284]   native: #03 pc 00131313  /system/lib/libart-compiler.so (???)
F/dex2oat ( 5364): art/runtime/runtime.cc:284]   native: #04 pc 00131953  /system/lib/libart-compiler.so (ArtQuickCompileMethod+38)
F/dex2oat ( 5364): art/runtime/runtime.cc:284]   native: #05 pc 0014829d  /system/lib/libart-compiler.so (art::CompilerDriver::CompileMethod(art::DexFile::CodeItem const*, unsigned int, art::InvokeType, unsigned short, unsigned int, _jobject*, art::DexFile const&, art::DexToDexCompilationLevel)+932)
F/dex2oat ( 5364): art/runtime/runtime.cc:284]   native: #06 pc 00148941  /system/lib/libart-compiler.so (art::CompilerDriver::CompileClass(art::ParallelCompilationManager const*, unsigned int)+1204)
F/dex2oat ( 5364): art/runtime/runtime.cc:284]   native: #07 pc 0013f2a1  /system/lib/libart-compiler.so (???)
F/dex2oat ( 5364): art/runtime/runtime.cc:284]   native: #08 pc 0022de03  /system/lib/libart.so (art::ThreadPoolWorker::Run()+34)
F/dex2oat ( 5364): art/runtime/runtime.cc:284]   native: #09 pc 0022e651  /system/lib/libart.so (art::ThreadPoolWorker::Callback(void*)+52)
F/dex2oat ( 5364): art/runtime/runtime.cc:284]   native: #10 pc 00013a1b  /system/lib/libc.so (__pthread_start(void*)+30)
F/dex2oat ( 5364): art/runtime/runtime.cc:284]   native: #11 pc 00011a0f  /system/lib/libc.so (__start_thread+6)
F/dex2oat ( 5364): art/runtime/runtime.cc:284]   (no managed stack frames)
F/dex2oat ( 5364): art/runtime/runtime.cc:284] 
F/dex2oat ( 5364): art/runtime/runtime.cc:284] "Compiler driver thread pool worker thread 2" prio=5 tid=3 Runnable (still starting up)
F/dex2oat ( 5364): art/runtime/runtime.cc:284]   | group="" sCount=0 dsCount=0 obj=0x0 self=0xb3806400
F/dex2oat ( 5364): art/runtime/runtime.cc:284]   | sysTid=5368 nice=0 cgrp=apps/bg_non_interactive sched=0/0 handle=0xb6661800
F/dex2oat ( 5364): art/runtime/runtime.cc:284]   | state=S schedstat=( 1450718385 456726299 630 ) utm=136 stm=9 core=0 HZ=100
F/dex2oat ( 5364): art/runtime/runtime.cc:284]   | stack=0xb3a00000-0xb3a02000 stackSize=1024KB
F/dex2oat ( 5364): art/runtime/runtime.cc:284]   | held mutexes= "mutator lock"(shared held)
F/dex2oat ( 5364): art/runtime/runtime.cc:284]   kernel: (couldn't read /proc/self/task/5368/stack)
F/dex2oat ( 5364): art/runtime/runtime.cc:284]   native: #00 pc 00010198  /system/lib/libc.so (syscall+28)
F/dex2oat ( 5364): art/runtime/runtime.cc:284]   native: #01 pc 000a80e3  /system/lib/libart.so (art::Mutex::ExclusiveLock(art::Thread*)+326)
F/dex2oat ( 5364): art/runtime/runtime.cc:284]   native: #02 pc 00214dc9  /system/lib/libart.so (art::Runtime::Abort()+44)
F/dex2oat ( 5364): art/runtime/runtime.cc:284]   native: #03 pc 000a63d3  /system/lib/libart.so (art::LogMessage::~LogMessage()+1322)
F/dex2oat ( 5364): art/runtime/runtime.cc:284]   native: #04 pc 0014573b  /system/lib/libart-compiler.so (art::CompilerDriver::GetCodeAndMethodForDirectCall(art::InvokeType*, art::InvokeType, bool, art::mirror::Class*, art::mirror::ArtMethod*, int*, art::MethodReference*, unsigned int*, unsigned int*)+1110)
F/dex2oat ( 5364): art/runtime/runtime.cc:284]   native: #05 pc 0012aaf1  /system/lib/libart-compiler.so (???)
F/dex2oat ( 5364): art/runtime/runtime.cc:284]   native: #06 pc 0012b11f  /system/lib/libart-compiler.so (art::MirMethodLoweringInfo::Resolve(art::CompilerDriver*, art::DexCompilationUnit const*, art::MirMethodLoweringInfo*, unsigned int)+994)
F/dex2oat ( 5364): art/runtime/runtime.cc:284]   native: #07 pc 00139897  /system/lib/libart-compiler.so (art::MIRGraph::DoCacheMethodLoweringInfo()+958)
F/dex2oat ( 5364): art/runtime/runtime.cc:284]   native: #08 pc 0012f3c7  /system/lib/libart-compiler.so (art::PassDriverMEOpts::ApplyPass(art::PassDataHolder*, art::Pass const*)+14)
F/dex2oat ( 5364): art/runtime/runtime.cc:284]   native: #09 pc 0012f9c1  /system/lib/libart-compiler.so (???)
F/dex2oat ( 5364): art/runtime/runtime.cc:284]   native: #10 pc 0013147d  /system/lib/libart-compiler.so (???)
F/dex2oat ( 5364): art/runtime/runtime.cc:284]   native: #11 pc 00131953  /system/lib/libart-compiler.so (ArtQuickCompileMethod+38)
F/dex2oat ( 5364): art/runtime/runtime.cc:284]   native: #12 pc 0014829d  /system/lib/libart-compiler.so (art::CompilerDriver::CompileMethod(art::DexFile::CodeItem const*, unsigned int, art::InvokeType, unsigned short, unsigned int, _jobject*, art::DexFile const&, art::DexToDexCompilationLevel)+932)
F/dex2oat ( 5364): art/runtime/runtime.cc:284]   native: #13 pc 00148941  /system/lib/libart-compiler.so (art::CompilerDriver::CompileClass(art::ParallelCompilationManager const*, unsigned int)+1204)
F/dex2oat ( 5364): art/runtime/runtime.cc:284]   native: #14 pc 0013f2a1  /system/lib/libart-compiler.so (???)
F/dex2oat ( 5364): art/runtime/runtime.cc:284]   native: #15 pc 0022de03  /system/lib/libart.so (art::ThreadPoolWorker::Run()+34)
F/dex2oat ( 5364): art/runtime/runtime.cc:284]   native: #16 pc 0022e651  /system/lib/libart.so (art::ThreadPoolWorker::Callback(void*)+52)
F/dex2oat ( 5364): art/runtime/runtime.cc:284]   native: #17 pc 00013a1b  /system/lib/libc.so (__pthread_start(void*)+30)
F/dex2oat ( 5364): art/runtime/runtime.cc:284]   native: #18 pc 00011a0f  /system/lib/libc.so (__start_thread+6)
F/dex2oat ( 5364): art/runtime/runtime.cc:284]   (no managed stack frames)
F/dex2oat ( 5364): art/runtime/runtime.cc:284] 
F/dex2oat ( 5364): art/runtime/runtime.cc:284] "Compiler driver thread pool worker thread 1" prio=5 tid=4 Runnable (still starting up)
F/dex2oat ( 5364): art/runtime/runtime.cc:284]   | group="" sCount=0 dsCount=0 obj=0x0 self=0xb3706400
F/dex2oat ( 5364): art/runtime/runtime.cc:284]   | sysTid=5367 nice=0 cgrp=apps/bg_non_interactive sched=0/0 handle=0xb6661580
F/dex2oat ( 5364): art/runtime/runtime.cc:284]   | state=S schedstat=( 1616653606 334441759 586 ) utm=155 stm=6 core=1 HZ=100
F/dex2oat ( 5364): art/runtime/runtime.cc:284]   | stack=0xb3b00000-0xb3b02000 stackSize=1024KB
F/dex2oat ( 5364): art/runtime/runtime.cc:284]   | held mutexes= "mutator lock"(shared held)
F/dex2oat ( 5364): art/runtime/runtime.cc:284]   kernel: (couldn't read /proc/self/task/5367/stack)
F/dex2oat ( 5364): art/runtime/runtime.cc:284]   native: #00 pc 00010198  /system/lib/libc.so (syscall+28)
F/dex2oat ( 5364): art/runtime/runtime.cc:284]   native: #01 pc 000a80e3  /system/lib/libart.so (art::Mutex::ExclusiveLock(art::Thread*)+326)
F/dex2oat ( 5364): art/runtime/runtime.cc:284]   native: #02 pc 00214dc9  /system/lib/libart.so (art::Runtime::Abort()+44)
F/dex2oat ( 5364): art/runtime/runtime.cc:284]   native: #03 pc 000a63d3  /system/lib/libart.so (art::LogMessage::~LogMessage()+1322)
F/dex2oat ( 5364): art/runtime/runtime.cc:284]   native: #04 pc 0014573b  /system/lib/libart-compiler.so (art::CompilerDriver::GetCodeAndMethodForDirectCall(art::InvokeType*, art::InvokeType, bool, art::mirror::Class*, art::mirror::ArtMethod*, int*, art::MethodReference*, unsigned int*, unsigned int*)+1110)
F/dex2oat ( 5364): art/runtime/runtime.cc:284]   native: #05 pc 0012aaf1  /system/lib/libart-compiler.so (???)
F/dex2oat ( 5364): art/runtime/runtime.cc:284]   native: #06 pc 0012b11f  /system/lib/libart-compiler.so (art::MirMethodLoweringInfo::Resolve(art::CompilerDriver*, art::DexCompilationUnit const*, art::MirMethodLoweringInfo*, unsigned int)+994)
F/dex2oat ( 5364): art/runtime/runtime.cc:284]   native: #07 pc 00139897  /system/lib/libart-compiler.so (art::MIRGraph::DoCacheMethodLoweringInfo()+958)
F/dex2oat ( 5364): art/runtime/runtime.cc:284]   native: #08 pc 0012f3c7  /system/lib/libart-compiler.so (art::PassDriverMEOpts::ApplyPass(art::PassDataHolder*, art::Pass const*)+14)
F/dex2oat ( 5364): art/runtime/runtime.cc:284]   native: #09 pc 0012f9c1  /system/lib/libart-compiler.so (???)
F/dex2oat ( 5364): art/runtime/runtime.cc:284]   native: #10 pc 0013147d  /system/lib/libart-compiler.so (???)
F/dex2oat ( 5364): art/runtime/runtime.cc:284]   native: #11 pc 00131953  /system/lib/libart-compiler.so (ArtQuickCompileMethod+38)
F/dex2oat ( 5364): art/runtime/runtime.cc:284]   native: #12 pc 0014829d  /system/lib/libart-compiler.so (art::CompilerDriver::CompileMethod(art::DexFile::CodeItem const*, unsigned int, art::InvokeType, unsigned short, unsigned int, _jobject*, art::DexFile const&, art::DexToDexCompilationLevel)+932)
F/dex2oat ( 5364): art/runtime/runtime.cc:284]   native: #13 pc 00148941  /system/lib/libart-compiler.so (art::CompilerDriver::CompileClass(art::ParallelCompilationManager const*, unsigned int)+1204)
F/dex2oat ( 5364): art/runtime/runtime.cc:284]   native: #14 pc 0013f2a1  /system/lib/libart-compiler.so (???)
F/dex2oat ( 5364): art/runtime/runtime.cc:284]   native: #15 pc 0022de03  /system/lib/libart.so (art::ThreadPoolWorker::Run()+34)
F/dex2oat ( 5364): art/runtime/runtime.cc:284]   native: #16 pc 0022e651  /system/lib/libart.so (art::ThreadPoolWorker::Callback(void*)+52)
F/dex2oat ( 5364): art/runtime/runtime.cc:284]   native: #17 pc 00013a1b  /system/lib/libc.so (__pthread_start(void*)+30)
F/dex2oat ( 5364): art/runtime/runtime.cc:284]   native: #18 pc 00011a0f  /system/lib/libc.so (__start_thread+6)
F/dex2oat ( 5364): art/runtime/runtime.cc:284]   (no managed stack frames)
F/dex2oat ( 5364): art/runtime/runtime.cc:284] 
F/dex2oat ( 5364): art/runtime/runtime.cc:284] 
F/libc    ( 5364): Fatal signal 6 (SIGABRT), code -6 in tid 5364 (main)
W/NativeCrashListener( 2417): Couldn't find ProcessRecord for pid 5364
I/DEBUG   ( 1858): *** *** *** *** *** *** *** *** *** *** *** *** *** *** *** ***
E/DEBUG   ( 1858): AM write failure (32 / Broken pipe)
I/DEBUG   ( 1858): Build fingerprint: 'google/shamu/shamu:5.0.1/LRX22C/1602158:user/release-keys'
I/DEBUG   ( 1858): Revision: '33696'
I/DEBUG   ( 1858): ABI: 'arm'
I/DEBUG   ( 1858): pid: 5364, tid: 5364, name: main  >>> /system/bin/dex2oat <<<
I/DEBUG   ( 1858): signal 6 (SIGABRT), code -6 (SI_TKILL), fault addr --------
I/DEBUG   ( 1858): Abort message: 'art/compiler/driver/compiler_driver.cc:1181] Check failed: !method->IsAbstract() '
I/DEBUG   ( 1858):     r0 00000000  r1 000014f4  r2 00000006  r3 00000000
I/DEBUG   ( 1858):     r4 b6feb114  r5 00000006  r6 00000002  r7 0000010c
I/DEBUG   ( 1858):     r8 00000001  r9 b664f490  sl b6607400  fp b3edde80
I/DEBUG   ( 1858):     ip 000014f4  sp be981858  lr b6f75235  pc b6f98e0c  cpsr 600f0010
I/DEBUG   ( 1858): 
I/DEBUG   ( 1858): backtrace:
I/DEBUG   ( 1858):     #00 pc 00037e0c  /system/lib/libc.so (tgkill+12)
I/DEBUG   ( 1858):     #01 pc 00014231  /system/lib/libc.so (pthread_kill+52)
I/DEBUG   ( 1858):     #02 pc 00014f93  /system/lib/libc.so (raise+10)
I/DEBUG   ( 1858):     #03 pc 000116a5  /system/lib/libc.so (__libc_android_abort+36)
I/DEBUG   ( 1858):     #04 pc 0000fd3c  /system/lib/libc.so (abort+4)
I/DEBUG   ( 1858):     #05 pc 00214e3d  /system/lib/libart.so (art::Runtime::Abort()+160)
I/DEBUG   ( 1858):     #06 pc 000a63d3  /system/lib/libart.so (art::LogMessage::~LogMessage()+1322)
I/DEBUG   ( 1858):     #07 pc 0014573b  /system/lib/libart-compiler.so (art::CompilerDriver::GetCodeAndMethodForDirectCall(art::InvokeType*, art::InvokeType, bool, art::mirror::Class*, art::mirror::ArtMethod*, int*, art::MethodReference*, unsigned int*, unsigned int*)+1110)
I/DEBUG   ( 1858):     #08 pc 0012aaf1  /system/lib/libart-compiler.so
I/DEBUG   ( 1858):     #09 pc 0012b11f  /system/lib/libart-compiler.so (art::MirMethodLoweringInfo::Resolve(art::CompilerDriver*, art::DexCompilationUnit const*, art::MirMethodLoweringInfo*, unsigned int)+994)
I/DEBUG   ( 1858):     #10 pc 00139897  /system/lib/libart-compiler.so (art::MIRGraph::DoCacheMethodLoweringInfo()+958)
I/DEBUG   ( 1858):     #11 pc 0012f3c7  /system/lib/libart-compiler.so (art::PassDriverMEOpts::ApplyPass(art::PassDataHolder*, art::Pass const*)+14)
I/DEBUG   ( 1858):     #12 pc 0012f9c1  /system/lib/libart-compiler.so
I/DEBUG   ( 1858):     #13 pc 0013147d  /system/lib/libart-compiler.so
I/DEBUG   ( 1858):     #14 pc 00131953  /system/lib/libart-compiler.so (ArtQuickCompileMethod+38)
I/DEBUG   ( 1858):     #15 pc 0014829d  /system/lib/libart-compiler.so (art::CompilerDriver::CompileMethod(art::DexFile::CodeItem const*, unsigned int, art::InvokeType, unsigned short, unsigned int, _jobject*, art::DexFile const&, art::DexToDexCompilationLevel)+932)
I/DEBUG   ( 1858):     #16 pc 00148941  /system/lib/libart-compiler.so (art::CompilerDriver::CompileClass(art::ParallelCompilationManager const*, unsigned int)+1204)
I/DEBUG   ( 1858):     #17 pc 0013f2a1  /system/lib/libart-compiler.so
I/DEBUG   ( 1858):     #18 pc 0022e0e9  /system/lib/libart.so (art::ThreadPool::Wait(art::Thread*, bool, bool)+172)
I/DEBUG   ( 1858):     #19 pc 0014230b  /system/lib/libart-compiler.so
I/DEBUG   ( 1858):     #20 pc 00142c17  /system/lib/libart-compiler.so (art::CompilerDriver::Compile(_jobject*, std::__1::vector<art::DexFile const*, std::__1::allocator<art::DexFile const*> > const&, art::ThreadPool*, art::TimingLogger*)+146)
I/DEBUG   ( 1858):     #21 pc 0014b7f1  /system/lib/libart-compiler.so (art::CompilerDriver::CompileAll(_jobject*, std::__1::vector<art::DexFile const*, std::__1::allocator<art::DexFile const*> > const&, art::TimingLogger*)+64)
I/DEBUG   ( 1858):     #22 pc 0000c171  /system/bin/dex2oat
I/DEBUG   ( 1858):     #23 pc 0000e365  /system/bin/dex2oat
I/DEBUG   ( 1858):     #24 pc 0000fbf9  /system/lib/libc.so (__libc_init+44)
I/DEBUG   ( 1858):     #25 pc 00006508  /system/bin/dex2oat
I/DEBUG   ( 1858): 
I/DEBUG   ( 1858): Tombstone written to: /data/tombstones/tombstone_06
W/dex2oat ( 5364): Compilation of int clojure.repl.proxy$java.lang.Object$SignalHandler$d8c00ec7.hashCode() took 180.431ms
E/installd( 1862): DexInv: --- END '/data/app/com.benbrittain.petrarch.debug-1/base.apk' --- status=0x0006, process failed
W/PackageManager( 2417): Package couldn't be installed in /data/app/com.benbrittain.petrarch.debug-1
W/PackageManager( 2417): com.android.server.pm.PackageManagerException: scanPackageLI
W/PackageManager( 2417): 	at com.android.server.pm.PackageManagerService.scanPackageDirtyLI(PackageManagerService.java:6074)
W/PackageManager( 2417): 	at com.android.server.pm.PackageManagerService.scanPackageLI(PackageManagerService.java:5369)
W/PackageManager( 2417): 	at com.android.server.pm.PackageManagerService.installNewPackageLI(PackageManagerService.java:10711)
W/PackageManager( 2417): 	at com.android.server.pm.PackageManagerService.installPackageLI(PackageManagerService.java:11234)
W/PackageManager( 2417): 	at com.android.server.pm.PackageManagerService.access$2400(PackageManagerService.java:270)
W/PackageManager( 2417): 	at com.android.server.pm.PackageManagerService$5.run(PackageManagerService.java:9159)
W/PackageManager( 2417): 	at android.os.Handler.handleCallback(Handler.java:739)
W/PackageManager( 2417): 	at android.os.Handler.dispatchMessage(Handler.java:95)
W/PackageManager( 2417): 	at android.os.Looper.loop(Looper.java:135)
W/PackageManager( 2417): 	at android.os.HandlerThread.run(HandlerThread.java:61)
W/PackageManager( 2417): 	at com.android.server.ServiceThread.run(ServiceThread.java:46)
I/art     ( 2417): Explicit concurrent mark sweep GC freed 56471(2MB) AllocSpace objects, 3(48KB) LOS objects, 29% free, 38MB/54MB, paused 2.273ms total 57.019ms
D/AndroidRuntime( 5349): Shutting down VM
I/SurfaceFlinger(  257): FPS: 24
E/AudioTrack( 2417): AudioTrack::set : Exit
D/audio_hw_primary( 1861): out_set_parameters: enter: usecase(1: low-latency-playback) kvpairs: routing=2
D/audio_hw_primary( 1861): select_devices: out_snd_device(2: speaker) in_snd_device(0: none)
D/msm8974_platform( 1861): platform_send_audio_calibration: sending audio calibration for snd_device(2) acdb_id(15)
E/ACDB-LOADER( 1861): Error: ACDB AFE returned = -19
D/audio_hw_primary( 1861): enable_snd_device: snd_device(2: speaker)
D/audio_hw_primary( 1861): enable_audio_route: apply and update mixer path: low-latency-playback speaker
I/SurfaceFlinger(  257): FPS: 13
E/AudioTrack( 2417): AudioTrack::set : Exit
D/audio_hw_primary( 1861): out_set_parameters: enter: usecase(1: low-latency-playback) kvpairs: routing=2
I/SurfaceFlinger(  257): FPS: 22
E/AudioTrack( 2417): AudioTrack::set : Exit
D/audio_hw_primary( 1861): out_set_parameters: enter: usecase(1: low-latency-playback) kvpairs: routing=2
I/SurfaceFlinger(  257): FPS: 24
I/SurfaceFlinger(  257): FPS: 24
I/SurfaceFlinger(  257): FPS: 45
D/audio_hw_primary( 1861): disable_audio_route: reset and update mixer path: low-latency-playback speaker
D/audio_hw_primary( 1861): disable_snd_device: snd_device(2: speaker)
I/SurfaceFlinger(  257): FPS: 47
E/WifiStateMachine( 2417): WifiStateMachine CMD_START_SCAN source -2 txSuccessRate=0.80 rxSuccessRate=0.65 targetRoamBSSID=any RSSI=-47
E/WifiStateMachine( 2417): WifiStateMachine starting scan for "chloroform"WPA_PSK with 2412
I/wpa_supplicant( 2769): wlan0: CTRL-EVENT-SCAN-STARTED 
I/SurfaceFlinger(  257): FPS: 44
I/SurfaceFlinger(  257): FPS: 10
I/SurfaceFlinger(  257): FPS: 36
I/SurfaceFlinger(  257): FPS: 57
I/SurfaceFlinger(  257): FPS: 58
D/ConnectivityService( 2417): Setting Dns servers for network 100 to [/2001:558:feed::1, /75.75.75.75, /75.75.76.76]
D/Nat464Xlat( 2417): requiresClat: netType=1, connected=true, hasIPv4Address=true
D/ConnectivityService( 2417): notifyType IP_CHANGED for NetworkAgentInfo [WIFI () - 100]
D/ConnectivityService( 2417): notifyType IP_CHANGED for NetworkAgentInfo [WIFI () - 100]
D/ConnectivityManager.CallbackHandler( 2650): CM callback handler got msg 524295
D/ConnectivityService( 2417): Setting Dns servers for network 100 to [/2001:558:feed::1, /2001:558:feed::2, /75.75.75.75, /75.75.76.76]
D/ConnectivityManager.CallbackHandler( 2650): CM callback handler got msg 524295
D/Nat464Xlat( 2417): requiresClat: netType=1, connected=true, hasIPv4Address=true
D/ConnectivityService( 2417): notifyType IP_CHANGED for NetworkAgentInfo [WIFI () - 100]
D/ConnectivityManager.CallbackHandler( 2650): CM callback handler got msg 524295
D/ConnectivityService( 2417): notifyType IP_CHANGED for NetworkAgentInfo [WIFI () - 100]
D/ConnectivityManager.CallbackHandler( 2650): CM callback handler got msg 524295
I/SurfaceFlinger(  257): FPS: 53
I/SurfaceFlinger(  257): FPS: 50
I/SurfaceFlinger(  257): FPS: 31
