--------- beginning of system
D/ConnectivityService( 2417): sendStickyBroadcast: action=android.net.conn.INET_CONDITION_ACTION
I/SystemServiceManager( 2417): Starting phase 1000
D/VoldCmdListener(  256): cryptfs getpwtype
D/VoldCmdListener(  256): cryptfs getpwtype
D/VoldCmdListener(  256): cryptfs getpwtype
D/VoldCmdListener(  256): cryptfs getpwtype
D/VoldCmdListener(  256): cryptfs getpwtype
D/VoldCmdListener(  256): cryptfs getpwtype
D/VoldCmdListener(  256): cryptfs getpwtype
D/VoldCmdListener(  256): cryptfs getpwtype
D/VoldCmdListener(  256): cryptfs getpwtype
V/ActivityManager( 2417): Display changed displayId=0
D/VoldCmdListener(  256): cryptfs getpwtype
D/VoldCmdListener(  256): cryptfs getpwtype
D/VoldCmdListener(  256): cryptfs getpwtype
D/VoldCmdListener(  256): cryptfs getpwtype
D/VoldCmdListener(  256): cryptfs getpwtype
I/ActivityManager( 2417): Start proc com.android.bluetooth for service com.android.bluetooth/.btservice.AdapterService: pid=3561 uid=1002 gids={41002, 9997, 3003, 3002, 3001, 1028, 1015, 3005, 1016, 3008} abi=armeabi-v7a
I/BootReceiver( 2417): Copying audit failures to DropBox
I/BootReceiver( 2417): Checking for fsck errors
E/BootReceiver( 2417): Can't log boot events
E/BootReceiver( 2417): java.io.FileNotFoundException: /dev/fscklogs/log: open failed: EACCES (Permission denied)
E/BootReceiver( 2417): 	at libcore.io.IoBridge.open(IoBridge.java:456)
E/BootReceiver( 2417): 	at java.io.FileInputStream.<init>(FileInputStream.java:76)
E/BootReceiver( 2417): 	at android.os.FileUtils.readTextFile(FileUtils.java:228)
E/BootReceiver( 2417): 	at com.android.server.BootReceiver.addFsckErrorsToDropBox(BootReceiver.java:260)
E/BootReceiver( 2417): 	at com.android.server.BootReceiver.logBootEvents(BootReceiver.java:154)
E/BootReceiver( 2417): 	at com.android.server.BootReceiver.access$000(BootReceiver.java:42)
E/BootReceiver( 2417): 	at com.android.server.BootReceiver$1.run(BootReceiver.java:74)
E/BootReceiver( 2417): Caused by: android.system.ErrnoException: open failed: EACCES (Permission denied)
E/BootReceiver( 2417): 	at libcore.io.Posix.open(Native Method)
E/BootReceiver( 2417): 	at libcore.io.BlockGuardOs.open(BlockGuardOs.java:186)
E/BootReceiver( 2417): 	at libcore.io.IoBridge.open(IoBridge.java:442)
E/BootReceiver( 2417): 	... 6 more
I/ActivityManager( 2417): Start proc com.android.deskclock for broadcast com.android.deskclock/.AlarmInitReceiver: pid=3579 uid=10032 gids={50032, 9997, 1028, 3003} abi=armeabi-v7a
W/ResourcesManager( 3561): Asset path '/system/framework/javax.btobex.jar' does not exist or contains no resources.
I/ActivityManager( 2417): Start proc com.android.keychain for service com.android.keychain/.KeyChainService: pid=3597 uid=1000 gids={41000, 9997, 3003, 1028, 1015, 1000, 3002, 3001} abi=armeabi-v7a
I/ActivityManager( 2417): Start proc com.android.dialer for broadcast com.android.dialer/.calllog.CallLogReceiver: pid=3620 uid=10008 gids={50008, 9997, 3003, 1028, 1015} abi=armeabi-v7a
D/Telecom ( 2860): BluetoothPhoneService: Bluetooth Adapter state: 11
D/Telecom ( 2860): BluetoothPhoneService: Binding service
I/Telecom ( 2860): BluetoothPhoneService: queryPhoneState
D/Telecom ( 2860): BluetoothPhoneService: handleMessage(7) w/ param 0
I/Telecom ( 2860): BluetoothPhoneService: updateHeadsetWithCallState numActive 0, numHeld 0, callState 6, ringing number [da39a3ee5e6b4b0d3255bfef95601890afd80709], ringing type 128
D/ConnectivityService( 2417): Got NetworkFactory Messenger for Telephony
I/ActivityManager( 2417): Start proc com.android.smspush for service com.android.smspush/.WapPushManager: pid=3672 uid=10058 gids={50058, 9997} abi=armeabi-v7a
D/ConnectivityService( 2417): Got NetworkFactory Messenger for WIFI
I/ActivityManager( 2417): Start proc com.cyanogenmod.account for broadcast com.cyanogenmod.account/.receiver.BootReceiver: pid=3703 uid=10002 gids={50002, 9997, 3003} abi=armeabi-v7a
D/WifiService( 2417): New client listening to asynchronous messages
D/VoldCmdListener(  256): cryptfs getpwtype
I/ActivityManager( 2417): Start proc com.cyanogenmod.updater for broadcast com.cyanogenmod.updater/.receiver.UpdateCheckReceiver: pid=3750 uid=10003 gids={50003, 9997, 3003, 1028, 1015, 2001} abi=armeabi-v7a
D/MccTable( 2963): updateMccMncConfiguration mccmnc='00000' fromServiceState=true
D/MccTable( 2963): updateMccMncConfiguration defaultMccMnc=
D/MccTable( 2963): updateMccMncConfiguration: mcc=0, mnc=0
D/MccTable( 2963): WIFI_COUNTRY_CODE set to 
I/WifiService( 2417): WifiService trying to set country code to  with persist set to true
I/ActivityManager( 2417): Start proc com.android.providers.calendar for broadcast com.android.providers.calendar/.CalendarReceiver: pid=3775 uid=10004 gids={50004, 9997, 3003, 1028, 1015} abi=armeabi-v7a
W/ResourcesManager( 3775): Asset path '/system/framework/android.test.runner.jar' does not exist or contains no resources.
D/MccTable( 2963): updateMccMncConfiguration mccmnc='310260' fromServiceState=false
D/MccTable( 2963): updateMccMncConfiguration defaultMccMnc=
D/MccTable( 2963): updateMccMncConfiguration: mcc=310, mnc=260
D/MccTable( 2963): getLocaleFromMcc to en_us mcc=310
D/MccTable( 2963): getLocaleForLanguageCountry: skipping already persisted
D/MccTable( 2963): updateMccMncConfiguration updateConfig config={1.0 310mcc260mnc ?locale ?layoutDir ?swdp ?wdp ?hdp ?density ?lsize ?long ?orien ?uimode ?night ?touch ?keyb/?/? ?nav/? themeResource=null}
I/ActivityManager( 2417): Config changes=3 {1.0 310mcc260mnc en_US ldltr sw411dp w411dp h658dp 560dpi nrml port finger -keyb/v/h -nav/h s.5 themeResource=null}
D/VoldCmdListener(  256): cryptfs getpwtype
D/VoldCmdListener(  256): cryptfs getpwtype
D/VoldCmdListener(  256): cryptfs getpwtype
D/VoldCmdListener(  256): cryptfs getpwtype
D/VoldCmdListener(  256): cryptfs getpwtype
D/VoldCmdListener(  256): cryptfs getpwtype
D/VoldCmdListener(  256): cryptfs getpwtype
D/Telecom ( 2860): BluetoothPhoneService: Bluetooth Adapter state: 12
I/Telecom ( 2860): BluetoothPhoneService: handleMessage: request is null
D/VoldCmdListener(  256): cryptfs getpwtype
D/VoldCmdListener(  256): cryptfs getpwtype
D/MccTable( 2963): updateMccMncConfiguration mccmnc='' fromServiceState=false
D/VoldCmdListener(  256): cryptfs getpwtype
D/VoldCmdListener(  256): cryptfs getpwtype
I/ActivityManager( 2417): Start proc com.android.email for content provider com.android.email/.provider.EmailProvider: pid=3805 uid=10035 gids={50035, 9997, 3003, 1028, 1015} abi=armeabi-v7a
D/VoldCmdListener(  256): cryptfs getpwtype
W/ContextImpl( 3167): Calling a method in the system process without a qualified user: android.app.ContextImpl.startService:1703 android.content.ContextWrapper.startService:515 android.content.ContextWrapper.startService:515 com.android.settings.bluetooth.DockEventReceiver.beginStartingService:134 com.android.settings.bluetooth.DockEventReceiver.onReceive:115 
D/VoldCmdListener(  256): cryptfs getpwtype
D/VoldCmdListener(  256): cryptfs getpwtype
D/VoldCmdListener(  256): cryptfs getpwtype
D/VoldCmdListener(  256): cryptfs getpwtype
D/VoldCmdListener(  256): cryptfs getpwtype
D/VoldCmdListener(  256): cryptfs getpwtype
D/VoldCmdListener(  256): cryptfs getpwtype
D/VoldCmdListener(  256): cryptfs getpwtype
D/VoldCmdListener(  256): cryptfs getpwtype
D/VoldCmdListener(  256): cryptfs getpwtype
D/VoldCmdListener(  256): cryptfs getpwtype
D/VoldCmdListener(  256): cryptfs getpwtype
D/VoldCmdListener(  256): cryptfs getpwtype
D/VoldCmdListener(  256): cryptfs getpwtype
D/VoldCmdListener(  256): cryptfs getpwtype
D/VoldCmdListener(  256): cryptfs getpwtype
D/VoldCmdListener(  256): cryptfs getpwtype
D/VoldCmdListener(  256): cryptfs getpwtype
D/VoldCmdListener(  256): cryptfs getpwtype
D/VoldCmdListener(  256): cryptfs getpwtype
D/VoldCmdListener(  256): cryptfs getpwtype
I/ActivityManager( 2417): Start proc com.android.mms for broadcast com.android.mms/.transaction.MmsSystemEventReceiver: pid=3832 uid=10011 gids={50011, 9997, 3003, 1028, 1015} abi=armeabi-v7a
D/VoldCmdListener(  256): cryptfs getpwtype
D/VoldCmdListener(  256): cryptfs getpwtype
D/VoldCmdListener(  256): cryptfs getpwtype
D/VoldCmdListener(  256): cryptfs getpwtype
D/VoldCmdListener(  256): cryptfs getpwtype
D/ConnectivityService( 2417): sendStickyBroadcast: action=android.net.conn.CONNECTIVITY_CHANGE
D/VoldCmdListener(  256): cryptfs getpwtype
D/VoldCmdListener(  256): cryptfs getpwtype
D/VoldCmdListener(  256): cryptfs getpwtype
D/VoldCmdListener(  256): cryptfs getpwtype
D/VoldCmdListener(  256): cryptfs getpwtype
D/MccTable( 2963): getLocaleForLanguageCountry: skipping already persisted
D/MccTable( 2963): setSystemLocale: no locale
D/VoldCmdListener(  256): cryptfs getpwtype
D/VoldCmdListener(  256): cryptfs getpwtype
D/VoldCmdListener(  256): cryptfs getpwtype
D/ActivityThread( 3805): Loading provider com.android.email.provider;com.android.email.notifier: com.android.email.provider.EmailProvider
D/VoldCmdListener(  256): cryptfs getpwtype
D/VoldCmdListener(  256): cryptfs getpwtype
D/VoldCmdListener(  256): cryptfs getpwtype
D/VoldCmdListener(  256): cryptfs getpwtype
D/VoldCmdListener(  256): cryptfs getpwtype
D/VoldCmdListener(  256): cryptfs getpwtype
D/VoldCmdListener(  256): cryptfs getpwtype
D/VoldCmdListener(  256): cryptfs getpwtype
D/CountryDetector( 2417): The first listener is added
I/WindowManager( 2417): Screen frozen for +557ms due to Window{25ab1ac2 u0 com.cyanogenmod.trebuchet/com.android.launcher3.Launcher}
D/VoldCmdListener(  256): cryptfs getpwtype
D/VoldCmdListener(  256): cryptfs getpwtype
D/VoldCmdListener(  256): cryptfs getpwtype
D/VoldCmdListener(  256): cryptfs getpwtype
W/ActivityManager( 2417): Unable to start service Intent { cmp=com.android.email/.service.AttachmentService } U=0: not found
D/VoldCmdListener(  256): cryptfs getpwtype
I/ActivityManager( 2417): Start proc com.android.exchange for service com.android.exchange/.service.EasService: pid=3880 uid=10036 gids={50036, 9997, 3003, 1028, 1015} abi=armeabi-v7a
W/ActivityManager( 2417): Unable to start service Intent { cmp=com.android.email/.service.AttachmentService } U=0: not found
D/VoldCmdListener(  256): cryptfs getpwtype
D/VoldCmdListener(  256): cryptfs getpwtype
D/VoldCmdListener(  256): cryptfs getpwtype
D/VoldCmdListener(  256): cryptfs getpwtype
D/VoldCmdListener(  256): cryptfs getpwtype
D/VoldCmdListener(  256): cryptfs getpwtype
D/VoldCmdListener(  256): cryptfs getpwtype
D/VoldCmdListener(  256): cryptfs getpwtype
D/VoldCmdListener(  256): cryptfs getpwtype
I/ActivityManager( 2417): Start proc com.android.onetimeinitializer for broadcast com.android.onetimeinitializer/.OneTimeInitializerReceiver: pid=3913 uid=10012 gids={50012, 9997} abi=armeabi-v7a
D/VoldCmdListener(  256): cryptfs getpwtype
D/MccTable( 2963): updateMccMncConfiguration mccmnc='310260' fromServiceState=true
D/MccTable( 2963): updateMccMncConfiguration defaultMccMnc=310260
D/MccTable( 2963): updateMccMncConfiguration: mcc=310, mnc=260
D/MccTable( 2963): getLocaleFromMcc to en_us mcc=310
D/MccTable( 2963): getLocaleForLanguageCountry: skipping already persisted
D/MccTable( 2963): WIFI_COUNTRY_CODE set to us
I/WifiService( 2417): WifiService trying to set country code to us with persist set to true
W/AlarmManager( 2417): Clear alarm type=4,alarmSeconds=1427715060
I/ActivityManager( 2417): Start proc com.android.calendar for broadcast com.android.calendar/.widget.CalendarAppWidgetService$CalendarFactory: pid=3936 uid=10028 gids={50028, 9997, 1028, 1015, 3003} abi=armeabi-v7a
I/ActivityManager( 2417): Start proc org.cyanogenmod.bugreport for broadcast org.cyanogenmod.bugreport/.PackageChangeReceiver: pid=3956 uid=2000 gids={42000, 9997, 3002, 1028, 1015, 1023, 3008, 3003, 1007} abi=armeabi-v7a
D/ConnectivityService( 2417): Got NetworkFactory Messenger for Telephony
D/ConnectivityService( 2417): unregisterNetworkFactory for Telephony
I/ActivityManager( 2417): Killing 3231:org.mariotaku.twidere/u0a74 (adj 15): empty #17
W/libprocessgroup( 2417): failed to open /acct/uid_10074/pid_3231/cgroup.procs: No such file or directory
I/ActivityManager( 2417): Start proc com.android.gallery3d for broadcast com.android.gallery3d/org.codeaurora.gallery3d.video.DmReceiver: pid=3993 uid=10038 gids={50038, 9997, 3003, 1028, 1015, 1023, 3002} abi=armeabi-v7a
I/ActivityManager( 2417): Start proc com.qualcomm.timeservice for broadcast com.qualcomm.timeservice/.TimeServiceBroadcastReceiver: pid=4015 uid=1000 gids={41000, 9997, 3003, 1028, 1015, 1000, 3002, 3001} abi=armeabi-v7a
W/ResourcesManager( 3043): Asset path '/system/framework/org.cyanogenmod.hardware.jar' does not exist or contains no resources.
I/ActivityManager( 2417): Killing 3334:com.cyanogenmod.eleven/u0a34 (adj 15): empty #17
W/libprocessgroup( 2417): failed to open /acct/uid_10034/pid_3334/cgroup.procs: No such file or directory
I/ActivityManager( 2417): Killing 3401:org.fdroid.fdroid/u0a61 (adj 15): empty #17
D/WifiService( 2417): Client connection lost with reason: 4
W/libprocessgroup( 2417): failed to open /acct/uid_10061/pid_3401/cgroup.procs: No such file or directory
D/MccTable( 2963): updateMccMncConfiguration mccmnc='310260' fromServiceState=false
D/MccTable( 2963): updateMccMncConfiguration defaultMccMnc=310260
D/MccTable( 2963): updateMccMncConfiguration: mcc=310, mnc=260
D/MccTable( 2963): getLocaleFromMcc to en_us mcc=310
D/MccTable( 2963): getLocaleForLanguageCountry: skipping already persisted
D/MccTable( 2963): updateMccMncConfiguration updateConfig config={1.0 310mcc260mnc ?locale ?layoutDir ?swdp ?wdp ?hdp ?density ?lsize ?long ?orien ?uimode ?night ?touch ?keyb/?/? ?nav/? themeResource=null}
D/VoldCmdListener(  256): cryptfs getpwtype
D/VoldCmdListener(  256): cryptfs getpwtype
D/VoldCmdListener(  256): cryptfs getpwtype
I/ActivityManager( 2417): Killing 3597:com.android.keychain/1000 (adj 15): empty #17
D/VoldCmdListener(  256): cryptfs getpwtype
W/libprocessgroup( 2417): failed to open /acct/uid_1000/pid_3597/cgroup.procs: No such file or directory
I/ActivityManager( 2417): Start proc org.whispersystems.whisperpush for broadcast org.whispersystems.whisperpush/.service.DirectoryRefreshListener: pid=4051 uid=10059 gids={50059, 9997, 3003} abi=armeabi-v7a
I/ActivityManager( 2417): Start proc org.fdroid.fdroid for broadcast org.fdroid.fdroid/.StartupReceiver: pid=4075 uid=10061 gids={50061, 9997, 3003, 3002, 1028, 1015} abi=armeabi-v7a
I/ActivityManager( 2417): Killing 3620:com.android.dialer/u0a8 (adj 15): empty #17
W/libprocessgroup( 2417): failed to open /acct/uid_10008/pid_3620/cgroup.procs: No such file or directory
W/ActivityManager( 2417): Unable to start service Intent { act=com.google.android.c2dm.intent.REGISTER pkg=com.google.android.gms (has extras) } U=0: not found
D/WifiService( 2417): New client listening to asynchronous messages
I/ActivityManager( 2417): Start proc org.mozilla.firefox for broadcast org.mozilla.firefox/org.mozilla.gecko.background.healthreport.HealthReportBroadcastReceiver: pid=4096 uid=10062 gids={50062, 9997, 3003, 1028, 1015} abi=armeabi-v7a
I/ActivityManager( 2417): Start proc de.schildbach.wallet for broadcast de.schildbach.wallet/.service.AutosyncReceiver: pid=4118 uid=10063 gids={50063, 9997, 3003, 1028, 1015, 3002} abi=armeabi-v7a
I/ActivityManager( 2417): Killing 3703:com.cyanogenmod.account/u0a2 (adj 15): empty #17
W/libprocessgroup( 2417): failed to open /acct/uid_10002/pid_3703/cgroup.procs: No such file or directory
I/ActivityManager( 2417): Killing 3750:com.cyanogenmod.updater/u0a3 (adj 15): empty #17
W/libprocessgroup( 2417): failed to open /acct/uid_10003/pid_3750/cgroup.procs: No such file or directory
I/ActivityManager( 2417): Start proc info.guardianproject.otr.app.im:remote for broadcast info.guardianproject.otr.app.im/.app.BootCompletedListener: pid=4180 uid=10069 gids={50069, 9997, 3003, 1028, 1015} abi=armeabi
I/ActivityManager( 2417): Killing 3071:com.android.printspooler/u0a52 (adj 15): empty #17
W/libprocessgroup( 2417): failed to open /acct/uid_10052/pid_3071/cgroup.procs: No such file or directory
I/ActivityManager( 2417): Start proc com.fsck.k9 for broadcast com.fsck.k9/.service.BootReceiver: pid=4199 uid=10073 gids={50073, 9997, 3003, 1028, 1015} abi=armeabi-v7a
I/ActivityManager( 2417): Start proc info.guardianproject.otr.app.im for service info.guardianproject.otr.app.im/.service.HeartbeatService: pid=4217 uid=10069 gids={50069, 9997, 3003, 1028, 1015} abi=armeabi
I/ActivityManager( 2417): Start proc org.quantumbadger.redreader for broadcast org.quantumbadger.redreader/.receivers.BootReceiver: pid=4241 uid=10072 gids={50072, 9997, 3003, 1028, 1015} abi=armeabi-v7a
I/ActivityManager( 2417): Killing 3110:android.process.acore/u0a6 (adj 15): empty #17
W/libprocessgroup( 2417): failed to open /acct/uid_10006/pid_3110/cgroup.procs: No such file or directory
I/ActivityManager( 2417): Start proc com.axelby.podax for broadcast com.axelby.podax/.BootReceiver: pid=4267 uid=10078 gids={50078, 9997, 3003, 1028, 1015} abi=armeabi-v7a
I/ActivityManager( 2417): Killing 3167:com.android.settings/1000 (adj 15): empty #17
D/WifiService( 2417): Client connection lost with reason: 4
W/libprocessgroup( 2417): failed to open /acct/uid_1000/pid_3167/cgroup.procs: No such file or directory
I/ActivityManager( 2417): Start proc com.koushikdutta.superuser for broadcast com.koushikdutta.superuser/.SuCheckerReceiver: pid=4286 uid=10086 gids={50086, 9997} abi=armeabi-v7a
I/ActivityManager( 2417): Killing 3832:com.android.mms/u0a11 (adj 15): empty #17
D/CountryDetector( 2417): No listener is left
W/libprocessgroup( 2417): failed to open /acct/uid_10011/pid_3832/cgroup.procs: No such file or directory
I/ActivityManager( 2417): Start proc com.android.cellbroadcastreceiver for broadcast com.android.cellbroadcastreceiver/.CellBroadcastReceiver: pid=4310 uid=10005 gids={50005, 9997} abi=armeabi-v7a
I/ActivityManager( 2417): Killing 3913:com.android.onetimeinitializer/u0a12 (adj 15): empty #17
W/libprocessgroup( 2417): failed to open /acct/uid_10012/pid_3913/cgroup.procs: No such file or directory
I/ActivityManager( 2417): Killing 3956:org.cyanogenmod.bugreport/2000 (adj 15): empty #17
W/libprocessgroup( 2417): failed to open /acct/uid_2000/pid_3956/cgroup.procs: No such file or directory
I/ActivityManager( 2417): Start proc com.cyanogenmod.account for broadcast com.cyanogenmod.account/.CMAccount$CMAccountAdminReceiver: pid=4333 uid=10002 gids={50002, 9997, 3003} abi=armeabi-v7a
D/VoldCmdListener(  256): cryptfs getpwtype
I/ActivityManager( 2417): Start proc com.cyanogenmod.updater for broadcast com.cyanogenmod.updater/.receiver.UpdateCheckReceiver: pid=4360 uid=10003 gids={50003, 9997, 3003, 1028, 1015, 2001} abi=armeabi-v7a
I/ActivityManager( 2417): Killing 3775:com.android.providers.calendar/u0a4 (adj 15): empty #17
W/libprocessgroup( 2417): failed to open /acct/uid_10004/pid_3775/cgroup.procs: No such file or directory
I/ActivityManager( 2417): Killing 3805:com.android.email/u0a35 (adj 15): empty #17
W/libprocessgroup( 2417): failed to open /acct/uid_10035/pid_3805/cgroup.procs: No such file or directory
D/ConnectivityService( 2417): Adding Route [::/0 -> fe80::9687:7cff:fe3f:b4c1 wlan0] to network 100
I/ActivityManager( 2417): Start proc com.android.mms for broadcast com.android.mms/.transaction.MmsSystemEventReceiver: pid=4387 uid=10011 gids={50011, 9997, 3003, 1028, 1015} abi=armeabi-v7a
D/Nat464Xlat( 2417): requiresClat: netType=1, connected=true, hasIPv4Address=true
D/ConnectivityService( 2417): notifyType IP_CHANGED for NetworkAgentInfo [WIFI () - 100]
D/ConnectivityService( 2417): notifyType IP_CHANGED for NetworkAgentInfo [WIFI () - 100]
D/ConnectivityService( 2417): Adding Route [2601:6:7f00:a7d::/64 -> :: wlan0] to network 100
D/Nat464Xlat( 2417): requiresClat: netType=1, connected=true, hasIPv4Address=true
D/ConnectivityService( 2417): notifyType IP_CHANGED for NetworkAgentInfo [WIFI () - 100]
D/ConnectivityService( 2417): notifyType IP_CHANGED for NetworkAgentInfo [WIFI () - 100]
D/ConnectivityService( 2417): Setting Dns servers for network 100 to [/2001:558:feed::1, /75.75.75.75, /75.75.76.76]
D/Nat464Xlat( 2417): requiresClat: netType=1, connected=true, hasIPv4Address=true
D/ConnectivityService( 2417): notifyType IP_CHANGED for NetworkAgentInfo [WIFI () - 100]
D/ConnectivityService( 2417): notifyType IP_CHANGED for NetworkAgentInfo [WIFI () - 100]
D/ConnectivityService( 2417): Setting Dns servers for network 100 to [/2001:558:feed::1, /2001:558:feed::2, /75.75.75.75, /75.75.76.76]
D/Nat464Xlat( 2417): requiresClat: netType=1, connected=true, hasIPv4Address=true
D/ConnectivityService( 2417): notifyType IP_CHANGED for NetworkAgentInfo [WIFI () - 100]
D/ConnectivityService( 2417): notifyType IP_CHANGED for NetworkAgentInfo [WIFI () - 100]
D/CountryDetector( 2417): The first listener is added
I/ActivityManager( 2417): Start proc org.mariotaku.twidere for broadcast org.mariotaku.twidere/.receiver.ConnectivityStateReceiver: pid=4416 uid=10074 gids={50074, 9997, 3003, 1028, 1015} abi=armeabi-v7a
I/ActivityManager( 2417): Killing 3880:com.android.exchange/u0a36 (adj 15): empty #17
I/ActivityManager( 2417): Start proc android.process.acore for content provider com.android.providers.contacts/.ContactsProvider2: pid=4440 uid=10006 gids={50006, 9997, 3003, 1028, 1015} abi=armeabi-v7a
W/libprocessgroup( 2417): failed to open /acct/uid_10036/pid_3880/cgroup.procs: No such file or directory
I/ActivityManager( 2417): Killing 3993:com.android.gallery3d/u0a38 (adj 15): empty #17
W/libprocessgroup( 2417): failed to open /acct/uid_10038/pid_3993/cgroup.procs: No such file or directory
I/ActivityManager( 2417): Start proc org.peterbaldwin.client.android.vlcremote for broadcast org.peterbaldwin.client.android.vlcremote/.MediaAppWidgetProvider: pid=4461 uid=10079 gids={50079, 9997, 3003} abi=armeabi-v7a
I/ActivityManager( 2417): Start proc com.android.email for broadcast com.android.email/.provider.WidgetProvider: pid=4482 uid=10035 gids={50035, 9997, 3003, 1028, 1015} abi=armeabi-v7a
I/ActivityManager( 2417): Killing 4015:com.qualcomm.timeservice/1000 (adj 15): empty #17
W/libprocessgroup( 2417): failed to open /acct/uid_1000/pid_4015/cgroup.procs: No such file or directory
D/ActivityThread( 4482): Loading provider com.android.email.provider;com.android.email.notifier: com.android.email.provider.EmailProvider
I/ActivityManager( 2417): Delay finish: com.cyanogenmod.lockclock/.ClockWidgetProvider
W/ActivityManager( 2417): Unable to start service Intent { cmp=com.android.email/.service.AttachmentService } U=0: not found
I/ActivityManager( 2417): Resuming delayed broadcast
W/ActivityManager( 2417): Unable to start service Intent { cmp=com.android.email/.service.AttachmentService } U=0: not found
I/ActivityManager( 2417): Start proc com.android.exchange for service com.android.exchange/.service.EasService: pid=4514 uid=10036 gids={50036, 9997, 3003, 1028, 1015} abi=armeabi-v7a
I/ActivityManager( 2417): Delay finish: com.android.calendar/.alerts.AlertReceiver
I/ActivityManager( 2417): Killing 4051:org.whispersystems.whisperpush/u0a59 (adj 15): empty #17
W/libprocessgroup( 2417): failed to open /acct/uid_10059/pid_4051/cgroup.procs: No such file or directory
D/Nat464Xlat( 2417): requiresClat: netType=1, connected=true, hasIPv4Address=true
D/ConnectivityService( 2417): notifyType IP_CHANGED for NetworkAgentInfo [WIFI () - 100]
D/ConnectivityService( 2417): notifyType IP_CHANGED for NetworkAgentInfo [WIFI () - 100]
D/Nat464Xlat( 2417): requiresClat: netType=1, connected=true, hasIPv4Address=true
D/ConnectivityService( 2417): notifyType IP_CHANGED for NetworkAgentInfo [WIFI () - 100]
D/ConnectivityService( 2417): notifyType IP_CHANGED for NetworkAgentInfo [WIFI () - 100]
I/ActivityManager( 2417): Resuming delayed broadcast
I/ActivityManager( 2417): Start proc com.android.providers.calendar for content provider com.android.providers.calendar/.CalendarProvider2: pid=4540 uid=10004 gids={50004, 9997, 3003, 1028, 1015} abi=armeabi-v7a
I/ActivityManager( 2417): Delay finish: com.cyanogenmod.lockclock/.ClockWidgetProvider
I/ActivityManager( 2417): Resuming delayed broadcast
I/ActivityManager( 2417): Delay finish: org.mozilla.firefox/org.mozilla.gecko.background.healthreport.HealthReportBroadcastReceiver
W/ResourcesManager( 4540): Asset path '/system/framework/android.test.runner.jar' does not exist or contains no resources.
I/ActivityManager( 2417): Resuming delayed broadcast
I/ActivityManager( 2417): Delay finish: org.mozilla.firefox/org.mozilla.gecko.background.healthreport.HealthReportBroadcastReceiver
I/ActivityManager( 2417): Resuming delayed broadcast
I/ActivityManager( 2417): Delay finish: com.android.providers.calendar/.CalendarProviderBroadcastReceiver
I/ActivityManager( 2417): Resuming delayed broadcast
I/ActivityManager( 2417): Delay finish: com.android.mms/.transaction.SmsReceiver
I/ActivityManager( 2417): Resuming delayed broadcast
I/ActivityManager( 2417): Killing 4075:org.fdroid.fdroid/u0a61 (adj 15): empty #17
D/WifiService( 2417): Client connection lost with reason: 4
W/libprocessgroup( 2417): failed to open /acct/uid_10061/pid_4075/cgroup.procs: No such file or directory
I/ActivityManager( 2417): Killing 4118:de.schildbach.wallet/u0a63 (adj 15): empty #17
W/libprocessgroup( 2417): failed to open /acct/uid_10063/pid_4118/cgroup.procs: No such file or directory
I/ActivityManager( 2417): Waited long enough for: ServiceRecord{186cff86 u0 com.cyanogenmod.eleven/.MusicPlaybackService}
D/ConnectivityService( 2417): Setting Dns servers for network 100 to [/2001:558:feed::1, /75.75.75.75, /75.75.76.76]
D/Nat464Xlat( 2417): requiresClat: netType=1, connected=true, hasIPv4Address=true
D/ConnectivityService( 2417): notifyType IP_CHANGED for NetworkAgentInfo [WIFI () - 100]
D/ConnectivityService( 2417): notifyType IP_CHANGED for NetworkAgentInfo [WIFI () - 100]
D/ConnectivityService( 2417): Setting Dns servers for network 100 to [/2001:558:feed::1, /2001:558:feed::2, /75.75.75.75, /75.75.76.76]
D/Nat464Xlat( 2417): requiresClat: netType=1, connected=true, hasIPv4Address=true
D/ConnectivityService( 2417): notifyType IP_CHANGED for NetworkAgentInfo [WIFI () - 100]
D/ConnectivityService( 2417): notifyType IP_CHANGED for NetworkAgentInfo [WIFI () - 100]
I/ActivityManager( 2417): Waited long enough for: ServiceRecord{2042d6c7 u0 com.android.calendar/.alerts.InitAlarmsService}
D/ConnectivityService( 2417): Setting Dns servers for network 100 to [/2001:558:feed::1, /75.75.75.75, /75.75.76.76]
D/Nat464Xlat( 2417): requiresClat: netType=1, connected=true, hasIPv4Address=true
D/ConnectivityService( 2417): notifyType IP_CHANGED for NetworkAgentInfo [WIFI () - 100]
D/ConnectivityService( 2417): notifyType IP_CHANGED for NetworkAgentInfo [WIFI () - 100]
D/ConnectivityService( 2417): Setting Dns servers for network 100 to [/2001:558:feed::1, /2001:558:feed::2, /75.75.75.75, /75.75.76.76]
D/Nat464Xlat( 2417): requiresClat: netType=1, connected=true, hasIPv4Address=true
D/ConnectivityService( 2417): notifyType IP_CHANGED for NetworkAgentInfo [WIFI () - 100]
D/ConnectivityService( 2417): notifyType IP_CHANGED for NetworkAgentInfo [WIFI () - 100]
I/ActivityManager( 2417): Waited long enough for: ServiceRecord{e1bde51 u0 info.guardianproject.otr.app.im/.service.RemoteImService}
I/ActivityManager( 2417): Waited long enough for: ServiceRecord{34086b6 u0 info.guardianproject.otr.app.im/.service.HeartbeatService}
I/ActivityManager( 2417): Waited long enough for: ServiceRecord{24df1fa2 u0 org.mariotaku.twidere/.service.RefreshService}
D/ConnectivityService( 2417): Setting Dns servers for network 100 to [/2001:558:feed::1, /75.75.75.75, /75.75.76.76]
D/Nat464Xlat( 2417): requiresClat: netType=1, connected=true, hasIPv4Address=true
D/ConnectivityService( 2417): notifyType IP_CHANGED for NetworkAgentInfo [WIFI () - 100]
D/ConnectivityService( 2417): notifyType IP_CHANGED for NetworkAgentInfo [WIFI () - 100]
D/ConnectivityService( 2417): Setting Dns servers for network 100 to [/2001:558:feed::1, /2001:558:feed::2, /75.75.75.75, /75.75.76.76]
D/Nat464Xlat( 2417): requiresClat: netType=1, connected=true, hasIPv4Address=true
D/ConnectivityService( 2417): notifyType IP_CHANGED for NetworkAgentInfo [WIFI () - 100]
D/ConnectivityService( 2417): notifyType IP_CHANGED for NetworkAgentInfo [WIFI () - 100]
D/ConnectivityService( 2417): Setting Dns servers for network 100 to [/2001:558:feed::1, /75.75.75.75, /75.75.76.76]
D/Nat464Xlat( 2417): requiresClat: netType=1, connected=true, hasIPv4Address=true
D/ConnectivityService( 2417): notifyType IP_CHANGED for NetworkAgentInfo [WIFI () - 100]
D/ConnectivityService( 2417): notifyType IP_CHANGED for NetworkAgentInfo [WIFI () - 100]
D/ConnectivityService( 2417): Setting Dns servers for network 100 to [/2001:558:feed::1, /2001:558:feed::2, /75.75.75.75, /75.75.76.76]
D/Nat464Xlat( 2417): requiresClat: netType=1, connected=true, hasIPv4Address=true
D/ConnectivityService( 2417): notifyType IP_CHANGED for NetworkAgentInfo [WIFI () - 100]
D/ConnectivityService( 2417): notifyType IP_CHANGED for NetworkAgentInfo [WIFI () - 100]
I/ActivityManager( 2417): Killing 4286:com.koushikdutta.superuser/u0a86 (adj 15): empty #17
W/libprocessgroup( 2417): failed to open /acct/uid_10086/pid_4286/cgroup.procs: No such file or directory
D/VoldCmdListener(  256): cryptfs getpwtype
D/VoldCmdListener(  256): cryptfs getpwtype
D/VoldCmdListener(  256): cryptfs getpwtype
D/VoldCmdListener(  256): cryptfs getpwtype
D/VoldCmdListener(  256): cryptfs getpwtype
D/VoldCmdListener(  256): cryptfs getpwtype
D/VoldCmdListener(  256): cryptfs getpwtype
D/VoldCmdListener(  256): cryptfs getpwtype
D/VoldCmdListener(  256): cryptfs getpwtype
D/VoldCmdListener(  256): cryptfs getpwtype
D/VoldCmdListener(  256): cryptfs getpwtype
D/VoldCmdListener(  256): cryptfs getpwtype
D/VoldCmdListener(  256): cryptfs getpwtype
D/VoldCmdListener(  256): cryptfs getpwtype
I/ActivityManager( 2417): Waited long enough for: ServiceRecord{4ff26bd u0 com.android.providers.downloads/.DownloadService}
I/ActivityManager( 2417): START u0 {cmp=com.koushikdutta.superuser/.MainActivity} from uid 10086 on display 0
W/ActivityManager( 2417): startActivity called from non-Activity context; forcing Intent.FLAG_ACTIVITY_NEW_TASK for: Intent { cmp=com.koushikdutta.superuser/.MainActivity }
D/VoldCmdListener(  256): cryptfs getpwtype
I/ActivityManager( 2417): Start proc com.koushikdutta.superuser for activity com.koushikdutta.superuser/.MainActivity: pid=4601 uid=10086 gids={50086, 9997} abi=armeabi-v7a
D/VoldCmdListener(  256): cryptfs getpwtype
D/VoldCmdListener(  256): cryptfs getpwtype
D/VoldCmdListener(  256): cryptfs getpwtype
D/VoldCmdListener(  256): cryptfs getpwtype
D/VoldCmdListener(  256): cryptfs getpwtype
D/VoldCmdListener(  256): cryptfs getpwtype
D/VoldCmdListener(  256): cryptfs getpwtype
D/VoldCmdListener(  256): cryptfs getpwtype
D/VoldCmdListener(  256): cryptfs getpwtype
D/VoldCmdListener(  256): cryptfs getpwtype
D/VoldCmdListener(  256): cryptfs getpwtype
D/VoldCmdListener(  256): cryptfs getpwtype
D/VoldCmdListener(  256): cryptfs getpwtype
D/VoldCmdListener(  256): cryptfs getpwtype
D/VoldCmdListener(  256): cryptfs getpwtype
D/VoldCmdListener(  256): cryptfs getpwtype
D/VoldCmdListener(  256): cryptfs getpwtype
D/VoldCmdListener(  256): cryptfs getpwtype
D/VoldCmdListener(  256): cryptfs getpwtype
D/VoldCmdListener(  256): cryptfs getpwtype
D/VoldCmdListener(  256): cryptfs getpwtype
D/VoldCmdListener(  256): cryptfs getpwtype
D/VoldCmdListener(  256): cryptfs getpwtype
D/VoldCmdListener(  256): cryptfs getpwtype
D/VoldCmdListener(  256): cryptfs getpwtype
D/VoldCmdListener(  256): cryptfs getpwtype
D/VoldCmdListener(  256): cryptfs getpwtype
D/VoldCmdListener(  256): cryptfs getpwtype
D/VoldCmdListener(  256): cryptfs getpwtype
D/VoldCmdListener(  256): cryptfs getpwtype
D/VoldCmdListener(  256): cryptfs getpwtype
D/VoldCmdListener(  256): cryptfs getpwtype
D/VoldCmdListener(  256): cryptfs getpwtype
D/VoldCmdListener(  256): cryptfs getpwtype
D/VoldCmdListener(  256): cryptfs getpwtype
D/VoldCmdListener(  256): cryptfs getpwtype
D/VoldCmdListener(  256): cryptfs getpwtype
D/VoldCmdListener(  256): cryptfs getpwtype
D/VoldCmdListener(  256): cryptfs getpwtype
D/VoldCmdListener(  256): cryptfs getpwtype
D/VoldCmdListener(  256): cryptfs getpwtype
D/VoldCmdListener(  256): cryptfs getpwtype
D/VoldCmdListener(  256): cryptfs getpwtype
D/VoldCmdListener(  256): cryptfs getpwtype
D/VoldCmdListener(  256): cryptfs getpwtype
D/VoldCmdListener(  256): cryptfs getpwtype
D/VoldCmdListener(  256): cryptfs getpwtype
D/VoldCmdListener(  256): cryptfs getpwtype
D/VoldCmdListener(  256): cryptfs getpwtype
D/VoldCmdListener(  256): cryptfs getpwtype
D/VoldCmdListener(  256): cryptfs getpwtype
D/VoldCmdListener(  256): cryptfs getpwtype
D/VoldCmdListener(  256): cryptfs getpwtype
D/VoldCmdListener(  256): cryptfs getpwtype
D/VoldCmdListener(  256): cryptfs getpwtype
D/VoldCmdListener(  256): cryptfs getpwtype
D/VoldCmdListener(  256): cryptfs getpwtype
D/VoldCmdListener(  256): cryptfs getpwtype
D/VoldCmdListener(  256): cryptfs getpwtype
D/VoldCmdListener(  256): cryptfs getpwtype
D/VoldCmdListener(  256): cryptfs getpwtype
D/VoldCmdListener(  256): cryptfs getpwtype
D/VoldCmdListener(  256): cryptfs getpwtype
D/VoldCmdListener(  256): cryptfs getpwtype
D/VoldCmdListener(  256): cryptfs getpwtype
D/VoldCmdListener(  256): cryptfs getpwtype
D/VoldCmdListener(  256): cryptfs getpwtype
D/VoldCmdListener(  256): cryptfs getpwtype
D/VoldCmdListener(  256): cryptfs getpwtype
D/VoldCmdListener(  256): cryptfs getpwtype
D/VoldCmdListener(  256): cryptfs getpwtype
D/VoldCmdListener(  256): cryptfs getpwtype
D/VoldCmdListener(  256): cryptfs getpwtype
D/VoldCmdListener(  256): cryptfs getpwtype
D/VoldCmdListener(  256): cryptfs getpwtype
D/VoldCmdListener(  256): cryptfs getpwtype
D/VoldCmdListener(  256): cryptfs getpwtype
D/VoldCmdListener(  256): cryptfs getpwtype
D/VoldCmdListener(  256): cryptfs getpwtype
D/VoldCmdListener(  256): cryptfs getpwtype
D/VoldCmdListener(  256): cryptfs getpwtype
D/VoldCmdListener(  256): cryptfs getpwtype
D/VoldCmdListener(  256): cryptfs getpwtype
D/VoldCmdListener(  256): cryptfs getpwtype
D/VoldCmdListener(  256): cryptfs getpwtype
D/VoldCmdListener(  256): cryptfs getpwtype
D/VoldCmdListener(  256): cryptfs getpwtype
D/VoldCmdListener(  256): cryptfs getpwtype
D/VoldCmdListener(  256): cryptfs getpwtype
D/VoldCmdListener(  256): cryptfs getpwtype
D/VoldCmdListener(  256): cryptfs getpwtype
D/VoldCmdListener(  256): cryptfs getpwtype
D/VoldCmdListener(  256): cryptfs getpwtype
D/VoldCmdListener(  256): cryptfs getpwtype
D/VoldCmdListener(  256): cryptfs getpwtype
D/VoldCmdListener(  256): cryptfs getpwtype
D/VoldCmdListener(  256): cryptfs getpwtype
D/VoldCmdListener(  256): cryptfs getpwtype
D/VoldCmdListener(  256): cryptfs getpwtype
D/VoldCmdListener(  256): cryptfs getpwtype
D/VoldCmdListener(  256): cryptfs getpwtype
D/VoldCmdListener(  256): cryptfs getpwtype
D/VoldCmdListener(  256): cryptfs getpwtype
D/VoldCmdListener(  256): cryptfs getpwtype
D/VoldCmdListener(  256): cryptfs getpwtype
D/VoldCmdListener(  256): cryptfs getpwtype
D/VoldCmdListener(  256): cryptfs getpwtype
D/VoldCmdListener(  256): cryptfs getpwtype
D/VoldCmdListener(  256): cryptfs getpwtype
D/VoldCmdListener(  256): cryptfs getpwtype
D/VoldCmdListener(  256): cryptfs getpwtype
D/VoldCmdListener(  256): cryptfs getpwtype
D/VoldCmdListener(  256): cryptfs getpwtype
D/VoldCmdListener(  256): cryptfs getpwtype
D/VoldCmdListener(  256): cryptfs getpwtype
D/VoldCmdListener(  256): cryptfs getpwtype
D/VoldCmdListener(  256): cryptfs getpwtype
D/VoldCmdListener(  256): cryptfs getpwtype
D/VoldCmdListener(  256): cryptfs getpwtype
D/VoldCmdListener(  256): cryptfs getpwtype
D/VoldCmdListener(  256): cryptfs getpwtype
D/VoldCmdListener(  256): cryptfs getpwtype
D/VoldCmdListener(  256): cryptfs getpwtype
D/VoldCmdListener(  256): cryptfs getpwtype
D/VoldCmdListener(  256): cryptfs getpwtype
D/VoldCmdListener(  256): cryptfs getpwtype
D/VoldCmdListener(  256): cryptfs getpwtype
D/VoldCmdListener(  256): cryptfs getpwtype
D/VoldCmdListener(  256): cryptfs getpwtype
D/VoldCmdListener(  256): cryptfs getpwtype
D/VoldCmdListener(  256): cryptfs getpwtype
D/VoldCmdListener(  256): cryptfs getpwtype
D/VoldCmdListener(  256): cryptfs getpwtype
D/VoldCmdListener(  256): cryptfs getpwtype
D/VoldCmdListener(  256): cryptfs getpwtype
D/VoldCmdListener(  256): cryptfs getpwtype
D/VoldCmdListener(  256): cryptfs getpwtype
D/VoldCmdListener(  256): cryptfs getpwtype
D/VoldCmdListener(  256): cryptfs getpwtype
D/VoldCmdListener(  256): cryptfs getpwtype
D/VoldCmdListener(  256): cryptfs getpwtype
D/VoldCmdListener(  256): cryptfs getpwtype
D/VoldCmdListener(  256): cryptfs getpwtype
D/VoldCmdListener(  256): cryptfs getpwtype
D/VoldCmdListener(  256): cryptfs getpwtype
D/VoldCmdListener(  256): cryptfs getpwtype
D/VoldCmdListener(  256): cryptfs getpwtype
D/VoldCmdListener(  256): cryptfs getpwtype
D/VoldCmdListener(  256): cryptfs getpwtype
D/ConnectivityService( 2417): Setting Dns servers for network 100 to [/2001:558:feed::1, /75.75.75.75, /75.75.76.76]
D/Nat464Xlat( 2417): requiresClat: netType=1, connected=true, hasIPv4Address=true
D/ConnectivityService( 2417): notifyType IP_CHANGED for NetworkAgentInfo [WIFI () - 100]
D/ConnectivityService( 2417): notifyType IP_CHANGED for NetworkAgentInfo [WIFI () - 100]
D/ConnectivityService( 2417): Setting Dns servers for network 100 to [/2001:558:feed::1, /2001:558:feed::2, /75.75.75.75, /75.75.76.76]
D/Nat464Xlat( 2417): requiresClat: netType=1, connected=true, hasIPv4Address=true
D/ConnectivityService( 2417): notifyType IP_CHANGED for NetworkAgentInfo [WIFI () - 100]
D/ConnectivityService( 2417): notifyType IP_CHANGED for NetworkAgentInfo [WIFI () - 100]
D/TaskPersister( 2417): removeObsoleteFile: deleting file=557_task.xml
D/TaskPersister( 2417): removeObsoleteFile: deleting file=557_task_thumbnail.png
D/VoldCmdListener(  256): cryptfs getpwtype
D/VoldCmdListener(  256): cryptfs getpwtype
D/VoldCmdListener(  256): cryptfs getpwtype
D/VoldCmdListener(  256): cryptfs getpwtype
D/VoldCmdListener(  256): cryptfs getpwtype
D/VoldCmdListener(  256): cryptfs getpwtype
D/VoldCmdListener(  256): cryptfs getpwtype
D/VoldCmdListener(  256): cryptfs getpwtype
D/VoldCmdListener(  256): cryptfs getpwtype
D/VoldCmdListener(  256): cryptfs getpwtype
D/VoldCmdListener(  256): cryptfs getpwtype
D/VoldCmdListener(  256): cryptfs getpwtype
D/VoldCmdListener(  256): cryptfs getpwtype
D/VoldCmdListener(  256): cryptfs getpwtype
D/VoldCmdListener(  256): cryptfs getpwtype
D/VoldCmdListener(  256): cryptfs getpwtype
D/VoldCmdListener(  256): cryptfs getpwtype
D/VoldCmdListener(  256): cryptfs getpwtype
D/VoldCmdListener(  256): cryptfs getpwtype
D/VoldCmdListener(  256): cryptfs getpwtype
D/VoldCmdListener(  256): cryptfs getpwtype
D/VoldCmdListener(  256): cryptfs getpwtype
D/VoldCmdListener(  256): cryptfs getpwtype
D/VoldCmdListener(  256): cryptfs getpwtype
D/VoldCmdListener(  256): cryptfs getpwtype
D/VoldCmdListener(  256): cryptfs getpwtype
D/VoldCmdListener(  256): cryptfs getpwtype
D/VoldCmdListener(  256): cryptfs getpwtype
D/VoldCmdListener(  256): cryptfs getpwtype
D/VoldCmdListener(  256): cryptfs getpwtype
D/VoldCmdListener(  256): cryptfs getpwtype
D/VoldCmdListener(  256): cryptfs getpwtype
D/VoldCmdListener(  256): cryptfs getpwtype
D/VoldCmdListener(  256): cryptfs getpwtype
D/VoldCmdListener(  256): cryptfs getpwtype
W/InputMethodManagerService( 2417): Window already focused, ignoring focus gain of: com.android.internal.view.IInputMethodClient$Stub$Proxy@172d93c3 attribute=null, token = android.os.BinderProxy@367a3737
D/VoldCmdListener(  256): cryptfs getpwtype
D/VoldCmdListener(  256): cryptfs getpwtype
D/VoldCmdListener(  256): cryptfs getpwtype
D/VoldCmdListener(  256): cryptfs getpwtype
D/VoldCmdListener(  256): cryptfs getpwtype
D/VoldCmdListener(  256): cryptfs getpwtype
D/VoldCmdListener(  256): cryptfs getpwtype
D/VoldCmdListener(  256): cryptfs getpwtype
D/VoldCmdListener(  256): cryptfs getpwtype
D/VoldCmdListener(  256): cryptfs getpwtype
D/VoldCmdListener(  256): cryptfs getpwtype
D/VoldCmdListener(  256): cryptfs getpwtype
D/VoldCmdListener(  256): cryptfs getpwtype
D/VoldCmdListener(  256): cryptfs getpwtype
D/VoldCmdListener(  256): cryptfs getpwtype
D/VoldCmdListener(  256): cryptfs getpwtype
D/VoldCmdListener(  256): cryptfs getpwtype
D/VoldCmdListener(  256): cryptfs getpwtype
D/VoldCmdListener(  256): cryptfs getpwtype
D/VoldCmdListener(  256): cryptfs getpwtype
D/VoldCmdListener(  256): cryptfs getpwtype
D/VoldCmdListener(  256): cryptfs getpwtype
D/VoldCmdListener(  256): cryptfs getpwtype
D/VoldCmdListener(  256): cryptfs getpwtype
D/VoldCmdListener(  256): cryptfs getpwtype
D/VoldCmdListener(  256): cryptfs getpwtype
D/VoldCmdListener(  256): cryptfs getpwtype
D/VoldCmdListener(  256): cryptfs getpwtype
D/VoldCmdListener(  256): cryptfs getpwtype
D/VoldCmdListener(  256): cryptfs getpwtype
D/VoldCmdListener(  256): cryptfs getpwtype
D/VoldCmdListener(  256): cryptfs getpwtype
D/VoldCmdListener(  256): cryptfs getpwtype
D/VoldCmdListener(  256): cryptfs getpwtype
D/VoldCmdListener(  256): cryptfs getpwtype
D/VoldCmdListener(  256): cryptfs getpwtype
D/VoldCmdListener(  256): cryptfs getpwtype
D/VoldCmdListener(  256): cryptfs getpwtype
D/VoldCmdListener(  256): cryptfs getpwtype
D/VoldCmdListener(  256): cryptfs getpwtype
D/VoldCmdListener(  256): cryptfs getpwtype
D/VoldCmdListener(  256): cryptfs getpwtype
D/VoldCmdListener(  256): cryptfs getpwtype
D/VoldCmdListener(  256): cryptfs getpwtype
D/VoldCmdListener(  256): cryptfs getpwtype
D/VoldCmdListener(  256): cryptfs getpwtype
D/VoldCmdListener(  256): cryptfs getpwtype
W/InputMethodManagerService( 2417): Window already focused, ignoring focus gain of: com.android.internal.view.IInputMethodClient$Stub$Proxy@d3f8440 attribute=null, token = android.os.BinderProxy@367a3737
D/VoldCmdListener(  256): cryptfs getpwtype
D/VoldCmdListener(  256): cryptfs getpwtype
D/VoldCmdListener(  256): cryptfs getpwtype
D/VoldCmdListener(  256): cryptfs getpwtype
D/VoldCmdListener(  256): cryptfs getpwtype
D/VoldCmdListener(  256): cryptfs getpwtype
D/VoldCmdListener(  256): cryptfs getpwtype
D/VoldCmdListener(  256): cryptfs getpwtype
D/VoldCmdListener(  256): cryptfs getpwtype
D/VoldCmdListener(  256): cryptfs getpwtype
D/VoldCmdListener(  256): cryptfs getpwtype
D/VoldCmdListener(  256): cryptfs getpwtype
D/VoldCmdListener(  256): cryptfs getpwtype
D/VoldCmdListener(  256): cryptfs getpwtype
D/VoldCmdListener(  256): cryptfs getpwtype
D/VoldCmdListener(  256): cryptfs getpwtype
D/VoldCmdListener(  256): cryptfs getpwtype
D/VoldCmdListener(  256): cryptfs getpwtype
D/VoldCmdListener(  256): cryptfs getpwtype
D/VoldCmdListener(  256): cryptfs getpwtype
D/VoldCmdListener(  256): cryptfs getpwtype
D/VoldCmdListener(  256): cryptfs getpwtype
D/VoldCmdListener(  256): cryptfs getpwtype
D/VoldCmdListener(  256): cryptfs getpwtype
D/VoldCmdListener(  256): cryptfs getpwtype
D/VoldCmdListener(  256): cryptfs getpwtype
D/VoldCmdListener(  256): cryptfs getpwtype
D/VoldCmdListener(  256): cryptfs getpwtype
D/VoldCmdListener(  256): cryptfs getpwtype
D/VoldCmdListener(  256): cryptfs getpwtype
D/VoldCmdListener(  256): cryptfs getpwtype
D/VoldCmdListener(  256): cryptfs getpwtype
D/VoldCmdListener(  256): cryptfs getpwtype
D/VoldCmdListener(  256): cryptfs getpwtype
D/VoldCmdListener(  256): cryptfs getpwtype
D/VoldCmdListener(  256): cryptfs getpwtype
D/VoldCmdListener(  256): cryptfs getpwtype
D/VoldCmdListener(  256): cryptfs getpwtype
D/VoldCmdListener(  256): cryptfs getpwtype
D/VoldCmdListener(  256): cryptfs getpwtype
D/VoldCmdListener(  256): cryptfs getpwtype
D/VoldCmdListener(  256): cryptfs getpwtype
D/VoldCmdListener(  256): cryptfs getpwtype
D/VoldCmdListener(  256): cryptfs getpwtype
D/VoldCmdListener(  256): cryptfs getpwtype
D/VoldCmdListener(  256): cryptfs getpwtype
D/VoldCmdListener(  256): cryptfs getpwtype
D/VoldCmdListener(  256): cryptfs getpwtype
D/VoldCmdListener(  256): cryptfs getpwtype
D/VoldCmdListener(  256): cryptfs getpwtype
D/VoldCmdListener(  256): cryptfs getpwtype
D/VoldCmdListener(  256): cryptfs getpwtype
D/VoldCmdListener(  256): cryptfs getpwtype
D/VoldCmdListener(  256): cryptfs getpwtype
D/VoldCmdListener(  256): cryptfs getpwtype
D/VoldCmdListener(  256): cryptfs getpwtype
D/VoldCmdListener(  256): cryptfs getpwtype
D/VoldCmdListener(  256): cryptfs getpwtype
D/VoldCmdListener(  256): cryptfs getpwtype
D/VoldCmdListener(  256): cryptfs getpwtype
D/VoldCmdListener(  256): cryptfs getpwtype
D/VoldCmdListener(  256): cryptfs getpwtype
D/VoldCmdListener(  256): cryptfs getpwtype
D/VoldCmdListener(  256): cryptfs getpwtype
D/VoldCmdListener(  256): cryptfs getpwtype
D/VoldCmdListener(  256): cryptfs getpwtype
W/InputMethodManagerService( 2417): Window already focused, ignoring focus gain of: com.android.internal.view.IInputMethodClient$Stub$Proxy@3a0bb83b attribute=null, token = android.os.BinderProxy@367a3737
D/VoldCmdListener(  256): cryptfs getpwtype
D/VoldCmdListener(  256): cryptfs getpwtype
D/VoldCmdListener(  256): cryptfs getpwtype
D/VoldCmdListener(  256): cryptfs getpwtype
D/VoldCmdListener(  256): cryptfs getpwtype
D/VoldCmdListener(  256): cryptfs getpwtype
D/VoldCmdListener(  256): cryptfs getpwtype
D/VoldCmdListener(  256): cryptfs getpwtype
D/VoldCmdListener(  256): cryptfs getpwtype
D/VoldCmdListener(  256): cryptfs getpwtype
D/VoldCmdListener(  256): cryptfs getpwtype
D/VoldCmdListener(  256): cryptfs getpwtype
D/VoldCmdListener(  256): cryptfs getpwtype
D/VoldCmdListener(  256): cryptfs getpwtype
D/VoldCmdListener(  256): cryptfs getpwtype
D/VoldCmdListener(  256): cryptfs getpwtype
D/VoldCmdListener(  256): cryptfs getpwtype
D/VoldCmdListener(  256): cryptfs getpwtype
D/VoldCmdListener(  256): cryptfs getpwtype
D/VoldCmdListener(  256): cryptfs getpwtype
D/VoldCmdListener(  256): cryptfs getpwtype
D/VoldCmdListener(  256): cryptfs getpwtype
D/VoldCmdListener(  256): cryptfs getpwtype
D/VoldCmdListener(  256): cryptfs getpwtype
D/VoldCmdListener(  256): cryptfs getpwtype
D/VoldCmdListener(  256): cryptfs getpwtype
D/VoldCmdListener(  256): cryptfs getpwtype
D/VoldCmdListener(  256): cryptfs getpwtype
D/VoldCmdListener(  256): cryptfs getpwtype
D/VoldCmdListener(  256): cryptfs getpwtype
D/VoldCmdListener(  256): cryptfs getpwtype
D/VoldCmdListener(  256): cryptfs getpwtype
D/ConnectivityService( 2417): Setting Dns servers for network 100 to [/2001:558:feed::1, /75.75.75.75, /75.75.76.76]
D/Nat464Xlat( 2417): requiresClat: netType=1, connected=true, hasIPv4Address=true
D/ConnectivityService( 2417): notifyType IP_CHANGED for NetworkAgentInfo [WIFI () - 100]
D/ConnectivityService( 2417): notifyType IP_CHANGED for NetworkAgentInfo [WIFI () - 100]
D/ConnectivityService( 2417): Setting Dns servers for network 100 to [/2001:558:feed::1, /2001:558:feed::2, /75.75.75.75, /75.75.76.76]
D/Nat464Xlat( 2417): requiresClat: netType=1, connected=true, hasIPv4Address=true
D/ConnectivityService( 2417): notifyType IP_CHANGED for NetworkAgentInfo [WIFI () - 100]
D/ConnectivityService( 2417): notifyType IP_CHANGED for NetworkAgentInfo [WIFI () - 100]
D/ConnectivityService( 2417): Setting Dns servers for network 100 to [/2001:558:feed::1, /75.75.75.75, /75.75.76.76]
D/Nat464Xlat( 2417): requiresClat: netType=1, connected=true, hasIPv4Address=true
D/ConnectivityService( 2417): notifyType IP_CHANGED for NetworkAgentInfo [WIFI () - 100]
D/ConnectivityService( 2417): notifyType IP_CHANGED for NetworkAgentInfo [WIFI () - 100]
D/ConnectivityService( 2417): Setting Dns servers for network 100 to [/2001:558:feed::1, /2001:558:feed::2, /75.75.75.75, /75.75.76.76]
D/Nat464Xlat( 2417): requiresClat: netType=1, connected=true, hasIPv4Address=true
D/ConnectivityService( 2417): notifyType IP_CHANGED for NetworkAgentInfo [WIFI () - 100]
D/ConnectivityService( 2417): notifyType IP_CHANGED for NetworkAgentInfo [WIFI () - 100]
D/VoldCmdListener(  256): cryptfs getpwtype
D/VoldCmdListener(  256): cryptfs getpwtype
D/VoldCmdListener(  256): cryptfs getpwtype
D/VoldCmdListener(  256): cryptfs getpwtype
D/VoldCmdListener(  256): cryptfs getpwtype
D/VoldCmdListener(  256): cryptfs getpwtype
W/InputMethodManagerService( 2417): Window already focused, ignoring focus gain of: com.android.internal.view.IInputMethodClient$Stub$Proxy@3a39b8e9 attribute=null, token = android.os.BinderProxy@367a3737
D/VoldCmdListener(  256): cryptfs getpwtype
D/VoldCmdListener(  256): cryptfs getpwtype
D/VoldCmdListener(  256): cryptfs getpwtype
D/VoldCmdListener(  256): cryptfs getpwtype
I/ActivityManager( 2417): START u0 {act=android.intent.action.MAIN cat=[android.intent.category.HOME] flg=0x10200000 cmp=com.cyanogenmod.trebuchet/com.android.launcher3.Launcher} from uid 1000 on display 0
D/VoldCmdListener(  256): cryptfs getpwtype
D/VoldCmdListener(  256): cryptfs getpwtype
D/VoldCmdListener(  256): cryptfs getpwtype
D/VoldCmdListener(  256): cryptfs getpwtype
D/VoldCmdListener(  256): cryptfs getpwtype
D/VoldCmdListener(  256): cryptfs getpwtype
D/VoldCmdListener(  256): cryptfs getpwtype
D/VoldCmdListener(  256): cryptfs getpwtype
D/VoldCmdListener(  256): cryptfs getpwtype
D/VoldCmdListener(  256): cryptfs getpwtype
D/VoldCmdListener(  256): cryptfs getpwtype
D/VoldCmdListener(  256): cryptfs getpwtype
D/VoldCmdListener(  256): cryptfs getpwtype
D/VoldCmdListener(  256): cryptfs getpwtype
D/VoldCmdListener(  256): cryptfs getpwtype
D/VoldCmdListener(  256): cryptfs getpwtype
D/VoldCmdListener(  256): cryptfs getpwtype
D/VoldCmdListener(  256): cryptfs getpwtype
D/VoldCmdListener(  256): cryptfs getpwtype
D/VoldCmdListener(  256): cryptfs getpwtype
D/VoldCmdListener(  256): cryptfs getpwtype
D/VoldCmdListener(  256): cryptfs getpwtype
D/VoldCmdListener(  256): cryptfs getpwtype
D/VoldCmdListener(  256): cryptfs getpwtype
